Component: Arm Compiler for Embedded 6.19 Tool: armlink [5e73cb00]

==============================================================================

Section Cross References

    spi.o(.text.SPIRC552_Config) refers to stm32f10x_rcc.o(.text.RCC_APB2PeriphClockCmd) for RCC_APB2PeriphClockCmd
    spi.o(.text.SPIRC552_Config) refers to stm32f10x_rcc.o(.text.RCC_APB1PeriphClockCmd) for RCC_APB1PeriphClockCmd
    spi.o(.text.SPIRC552_Config) refers to stm32f10x_gpio.o(.text.GPIO_Init) for GPIO_Init
    spi.o(.text.SPIRC552_Config) refers to stm32f10x_gpio.o(.text.GPIO_SetBits) for GPIO_SetBits
    spi.o(.text.SPIRC552_Config) refers to stm32f10x_spi.o(.text.SPI_StructInit) for SPI_StructInit
    spi.o(.text.SPIRC552_Config) refers to stm32f10x_spi.o(.text.SPI_Init) for SPI_Init
    spi.o(.text.SPIRC552_Config) refers to stm32f10x_spi.o(.text.SPI_Cmd) for SPI_Cmd
    spi.o(.ARM.exidx.text.SPIRC552_Config) refers to spi.o(.text.SPIRC552_Config) for [Anonymous Symbol]
    spi.o(.text.SPISD_Config) refers to stm32f10x_rcc.o(.text.RCC_APB2PeriphClockCmd) for RCC_APB2PeriphClockCmd
    spi.o(.text.SPISD_Config) refers to stm32f10x_gpio.o(.text.GPIO_Init) for GPIO_Init
    spi.o(.text.SPISD_Config) refers to stm32f10x_gpio.o(.text.GPIO_SetBits) for GPIO_SetBits
    spi.o(.text.SPISD_Config) refers to stm32f10x_spi.o(.text.SPI_StructInit) for SPI_StructInit
    spi.o(.text.SPISD_Config) refers to stm32f10x_spi.o(.text.SPI_Init) for SPI_Init
    spi.o(.text.SPISD_Config) refers to stm32f10x_spi.o(.text.SPI_Cmd) for SPI_Cmd
    spi.o(.ARM.exidx.text.SPISD_Config) refers to spi.o(.text.SPISD_Config) for [Anonymous Symbol]
    spi.o(.text.My_SPI_Exchange) refers to stm32f10x_spi.o(.text.SPI_I2S_SendData) for SPI_I2S_SendData
    spi.o(.text.My_SPI_Exchange) refers to stm32f10x_spi.o(.text.SPI_I2S_GetFlagStatus) for SPI_I2S_GetFlagStatus
    spi.o(.text.My_SPI_Exchange) refers to stm32f10x_spi.o(.text.SPI_I2S_ReceiveData) for SPI_I2S_ReceiveData
    spi.o(.ARM.exidx.text.My_SPI_Exchange) refers to spi.o(.text.My_SPI_Exchange) for [Anonymous Symbol]
    rfid_rc522.o(.text.RC522_SPI_Transfer) refers to stm32f10x_spi.o(.text.SPI_I2S_GetFlagStatus) for SPI_I2S_GetFlagStatus
    rfid_rc522.o(.text.RC522_SPI_Transfer) refers to stm32f10x_spi.o(.text.SPI_I2S_SendData) for SPI_I2S_SendData
    rfid_rc522.o(.text.RC522_SPI_Transfer) refers to stm32f10x_spi.o(.text.SPI_I2S_ReceiveData) for SPI_I2S_ReceiveData
    rfid_rc522.o(.ARM.exidx.text.RC522_SPI_Transfer) refers to rfid_rc522.o(.text.RC522_SPI_Transfer) for [Anonymous Symbol]
    rfid_rc522.o(.text.Write_MFRC522) refers to stm32f10x_gpio.o(.text.GPIO_ResetBits) for GPIO_ResetBits
    rfid_rc522.o(.text.Write_MFRC522) refers to stm32f10x_spi.o(.text.SPI_I2S_GetFlagStatus) for SPI_I2S_GetFlagStatus
    rfid_rc522.o(.text.Write_MFRC522) refers to stm32f10x_spi.o(.text.SPI_I2S_SendData) for SPI_I2S_SendData
    rfid_rc522.o(.text.Write_MFRC522) refers to stm32f10x_spi.o(.text.SPI_I2S_ReceiveData) for SPI_I2S_ReceiveData
    rfid_rc522.o(.text.Write_MFRC522) refers to stm32f10x_gpio.o(.text.GPIO_SetBits) for GPIO_SetBits
    rfid_rc522.o(.ARM.exidx.text.Write_MFRC522) refers to rfid_rc522.o(.text.Write_MFRC522) for [Anonymous Symbol]
    rfid_rc522.o(.text.Read_MFRC522) refers to stm32f10x_gpio.o(.text.GPIO_ResetBits) for GPIO_ResetBits
    rfid_rc522.o(.text.Read_MFRC522) refers to stm32f10x_spi.o(.text.SPI_I2S_GetFlagStatus) for SPI_I2S_GetFlagStatus
    rfid_rc522.o(.text.Read_MFRC522) refers to stm32f10x_spi.o(.text.SPI_I2S_SendData) for SPI_I2S_SendData
    rfid_rc522.o(.text.Read_MFRC522) refers to stm32f10x_spi.o(.text.SPI_I2S_ReceiveData) for SPI_I2S_ReceiveData
    rfid_rc522.o(.text.Read_MFRC522) refers to stm32f10x_gpio.o(.text.GPIO_SetBits) for GPIO_SetBits
    rfid_rc522.o(.ARM.exidx.text.Read_MFRC522) refers to rfid_rc522.o(.text.Read_MFRC522) for [Anonymous Symbol]
    rfid_rc522.o(.text.SetBitMask) refers to rfid_rc522.o(.text.Read_MFRC522) for Read_MFRC522
    rfid_rc522.o(.text.SetBitMask) refers to rfid_rc522.o(.text.Write_MFRC522) for Write_MFRC522
    rfid_rc522.o(.ARM.exidx.text.SetBitMask) refers to rfid_rc522.o(.text.SetBitMask) for [Anonymous Symbol]
    rfid_rc522.o(.text.ClearBitMask) refers to rfid_rc522.o(.text.Read_MFRC522) for Read_MFRC522
    rfid_rc522.o(.text.ClearBitMask) refers to rfid_rc522.o(.text.Write_MFRC522) for Write_MFRC522
    rfid_rc522.o(.ARM.exidx.text.ClearBitMask) refers to rfid_rc522.o(.text.ClearBitMask) for [Anonymous Symbol]
    rfid_rc522.o(.text.AntennaOn) refers to rfid_rc522.o(.text.Read_MFRC522) for Read_MFRC522
    rfid_rc522.o(.text.AntennaOn) refers to rfid_rc522.o(.text.Write_MFRC522) for Write_MFRC522
    rfid_rc522.o(.ARM.exidx.text.AntennaOn) refers to rfid_rc522.o(.text.AntennaOn) for [Anonymous Symbol]
    rfid_rc522.o(.text.AntennaOff) refers to rfid_rc522.o(.text.Read_MFRC522) for Read_MFRC522
    rfid_rc522.o(.text.AntennaOff) refers to rfid_rc522.o(.text.Write_MFRC522) for Write_MFRC522
[...]
    Removing stm32f10x_tim.o(.text.TIM_ITRxExternalClockConfig), (20 bytes).
    Removing stm32f10x_tim.o(.ARM.exidx.text.TIM_ITRxExternalClockConfig), (8 bytes).
    Removing stm32f10x_tim.o(.text.TIM_SelectInputTrigger), (12 bytes).
    Removing stm32f10x_tim.o(.ARM.exidx.text.TIM_SelectInputTrigger), (8 bytes).
    Removing stm32f10x_tim.o(.text.TIM_TIxExternalClockConfig), (280 bytes).
    Removing stm32f10x_tim.o(.ARM.exidx.text.TIM_TIxExternalClockConfig), (8 bytes).
    Removing stm32f10x_tim.o(.text.TIM_ETRClockMode1Config), (30 bytes).
    Removing stm32f10x_tim.o(.ARM.exidx.text.TIM_ETRClockMode1Config), (8 bytes).
    Removing stm32f10x_tim.o(.text.TIM_ETRConfig), (22 bytes).
    Removing stm32f10x_tim.o(.ARM.exidx.text.TIM_ETRConfig), (8 bytes).
    Removing stm32f10x_tim.o(.text.TIM_ETRClockMode2Config), (30 bytes).
    Removing stm32f10x_tim.o(.ARM.exidx.text.TIM_ETRClockMode2Config), (8 bytes).
    Removing stm32f10x_tim.o(.text.TIM_PrescalerConfig), (6 bytes).
    Removing stm32f10x_tim.o(.ARM.exidx.text.TIM_PrescalerConfig), (8 bytes).
    Removing stm32f10x_tim.o(.text.TIM_CounterModeConfig), (12 bytes).
    Removing stm32f10x_tim.o(.ARM.exidx.text.TIM_CounterModeConfig), (8 bytes).
    Removing stm32f10x_tim.o(.text.TIM_EncoderInterfaceConfig), (48 bytes).
    Removing stm32f10x_tim.o(.ARM.exidx.text.TIM_EncoderInterfaceConfig), (8 bytes).
    Removing stm32f10x_tim.o(.text.TIM_ForcedOC1Config), (12 bytes).
    Removing stm32f10x_tim.o(.ARM.exidx.text.TIM_ForcedOC1Config), (8 bytes).
    Removing stm32f10x_tim.o(.text.TIM_ForcedOC2Config), (14 bytes).
    Removing stm32f10x_tim.o(.ARM.exidx.text.TIM_ForcedOC2Config), (8 bytes).
    Removing stm32f10x_tim.o(.text.TIM_ForcedOC3Config), (12 bytes).
    Removing stm32f10x_tim.o(.ARM.exidx.text.TIM_ForcedOC3Config), (8 bytes).
    Removing stm32f10x_tim.o(.text.TIM_ForcedOC4Config), (14 bytes).
    Removing stm32f10x_tim.o(.ARM.exidx.text.TIM_ForcedOC4Config), (8 bytes).
    Removing stm32f10x_tim.o(.text.TIM_ARRPreloadConfig), (20 bytes).
    Removing stm32f10x_tim.o(.ARM.exidx.text.TIM_ARRPreloadConfig), (8 bytes).
    Removing stm32f10x_tim.o(.text.TIM_SelectCOM), (20 bytes).
    Removing stm32f10x_tim.o(.ARM.exidx.text.TIM_SelectCOM), (8 bytes).
    Removing stm32f10x_tim.o(.text.TIM_SelectCCDMA), (20 bytes).
    Removing stm32f10x_tim.o(.ARM.exidx.text.TIM_SelectCCDMA), (8 bytes).
    Removing stm32f10x_tim.o(.text.TIM_CCPreloadControl), (18 bytes).
    Removing stm32f10x_tim.o(.ARM.exidx.text.TIM_CCPreloadControl), (8 bytes).
    Removing stm32f10x_tim.o(.text.TIM_OC1PreloadConfig), (12 bytes).
    Removing stm32f10x_tim.o(.ARM.exidx.text.TIM_OC1PreloadConfig), (8 bytes).
    Removing stm32f10x_tim.o(.text.TIM_OC2PreloadConfig), (14 bytes).
    Removing stm32f10x_tim.o(.ARM.exidx.text.TIM_OC2PreloadConfig), (8 bytes).
    Removing stm32f10x_tim.o(.text.TIM_OC3PreloadConfig), (12 bytes).
    Removing stm32f10x_tim.o(.ARM.exidx.text.TIM_OC3PreloadConfig), (8 bytes).
    Removing stm32f10x_tim.o(.text.TIM_OC4PreloadConfig), (14 bytes).
    Removing stm32f10x_tim.o(.ARM.exidx.text.TIM_OC4PreloadConfig), (8 bytes).
    Removing stm32f10x_tim.o(.text.TIM_OC1FastConfig), (12 bytes).
    Removing stm32f10x_tim.o(.ARM.exidx.text.TIM_OC1FastConfig), (8 bytes).
    Removing stm32f10x_tim.o(.text.TIM_OC2FastConfig), (14 bytes).
    Removing stm32f10x_tim.o(.ARM.exidx.text.TIM_OC2FastConfig), (8 bytes).
    Removing stm32f10x_tim.o(.text.TIM_OC3FastConfig), (12 bytes).
    Removing stm32f10x_tim.o(.ARM.exidx.text.TIM_OC3FastConfig), (8 bytes).
    Removing stm32f10x_tim.o(.text.TIM_OC4FastConfig), (14 bytes).
    Removing stm32f10x_tim.o(.ARM.exidx.text.TIM_OC4FastConfig), (8 bytes).
    Removing stm32f10x_tim.o(.text.TIM_ClearOC1Ref), (12 bytes).
    Removing stm32f10x_tim.o(.ARM.exidx.text.TIM_ClearOC1Ref), (8 bytes).
    Removing stm32f10x_tim.o(.text.TIM_ClearOC2Ref), (14 bytes).
    Removing stm32f10x_tim.o(.ARM.exidx.text.TIM_ClearOC2Ref), (8 bytes).
    Removing stm32f10x_tim.o(.text.TIM_ClearOC3Ref), (12 bytes).
    Removing stm32f10x_tim.o(.ARM.exidx.text.TIM_ClearOC3Ref), (8 bytes).
    Removing stm32f10x_tim.o(.text.TIM_ClearOC4Ref), (14 bytes).
    Removing stm32f10x_tim.o(.ARM.exidx.text.TIM_ClearOC4Ref), (8 bytes).
    Removing stm32f10x_tim.o(.text.TIM_OC1PolarityConfig), (12 bytes).
    Removing stm32f10x_tim.o(.ARM.exidx.text.TIM_OC1PolarityConfig), (8 bytes).
    Removing stm32f10x_tim.o(.text.TIM_OC1NPolarityConfig), (12 bytes).
    Removing stm32f10x_tim.o(.ARM.exidx.text.TIM_OC1NPolarityConfig), (8 bytes).
    Removing stm32f10x_tim.o(.text.TIM_OC2PolarityConfig), (14 bytes).
    Removing stm32f10x_tim.o(.ARM.exidx.text.TIM_OC2PolarityConfig), (8 bytes).
    Removing stm32f10x_tim.o(.text.TIM_OC2NPolarityConfig), (14 bytes).
    Removing stm32f10x_tim.o(.ARM.exidx.text.TIM_OC2NPolarityConfig), (8 bytes).
    Removing stm32f10x_tim.o(.text.TIM_OC3PolarityConfig), (14 bytes).
    Removing stm32f10x_tim.o(.ARM.exidx.text.TIM_OC3PolarityConfig), (8 bytes).
    Removing stm32f10x_tim.o(.text.TIM_OC3NPolarityConfig), (14 bytes).
    Removing stm32f10x_tim.o(.ARM.exidx.text.TIM_OC3NPolarityConfig), (8 bytes).
    Removing stm32f10x_tim.o(.text.TIM_OC4PolarityConfig), (14 bytes).
    Removing stm32f10x_tim.o(.ARM.exidx.text.TIM_OC4PolarityConfig), (8 bytes).
    Removing stm32f10x_tim.o(.text.TIM_CCxCmd), (32 bytes).
    Removing stm32f10x_tim.o(.ARM.exidx.text.TIM_CCxCmd), (8 bytes).
    Removing stm32f10x_tim.o(.text.TIM_CCxNCmd), (32 bytes).
    Removing stm32f10x_tim.o(.ARM.exidx.text.TIM_CCxNCmd), (8 bytes).
    Removing stm32f10x_tim.o(.text.TIM_SelectOCxM), (82 bytes).
    Removing stm32f10x_tim.o(.ARM.exidx.text.TIM_SelectOCxM), (8 bytes).
    Removing stm32f10x_tim.o(.text.TIM_UpdateDisableConfig), (20 bytes).
    Removing stm32f10x_tim.o(.ARM.exidx.text.TIM_UpdateDisableConfig), (8 bytes).
    Removing stm32f10x_tim.o(.text.TIM_UpdateRequestConfig), (20 bytes).
    Removing stm32f10x_tim.o(.ARM.exidx.text.TIM_UpdateRequestConfig), (8 bytes).
    Removing stm32f10x_tim.o(.text.TIM_SelectHallSensor), (20 bytes).
    Removing stm32f10x_tim.o(.ARM.exidx.text.TIM_SelectHallSensor), (8 bytes).
    Removing stm32f10x_tim.o(.text.TIM_SelectOnePulseMode), (16 bytes).
    Removing stm32f10x_tim.o(.ARM.exidx.text.TIM_SelectOnePulseMode), (8 bytes).
    Removing stm32f10x_tim.o(.text.TIM_SelectOutputTrigger), (16 bytes).
    Removing stm32f10x_tim.o(.ARM.exidx.text.TIM_SelectOutputTrigger), (8 bytes).
    Removing stm32f10x_tim.o(.text.TIM_SelectSlaveMode), (16 bytes).
    Removing stm32f10x_tim.o(.ARM.exidx.text.TIM_SelectSlaveMode), (8 bytes).
    Removing stm32f10x_tim.o(.text.TIM_SelectMasterSlaveMode), (16 bytes).
    Removing stm32f10x_tim.o(.ARM.exidx.text.TIM_SelectMasterSlaveMode), (8 bytes).
    Removing stm32f10x_tim.o(.ARM.exidx.text.TIM_SetCounter), (8 bytes).
    Removing stm32f10x_tim.o(.text.TIM_SetAutoreload), (4 bytes).
    Removing stm32f10x_tim.o(.ARM.exidx.text.TIM_SetAutoreload), (8 bytes).
    Removing stm32f10x_tim.o(.text.TIM_SetCompare1), (4 bytes).
    Removing stm32f10x_tim.o(.ARM.exidx.text.TIM_SetCompare1), (8 bytes).
    Removing stm32f10x_tim.o(.ARM.exidx.text.TIM_SetCompare2), (8 bytes).
    Removing stm32f10x_tim.o(.text.TIM_SetCompare3), (4 bytes).
    Removing stm32f10x_tim.o(.ARM.exidx.text.TIM_SetCompare3), (8 bytes).
    Removing stm32f10x_tim.o(.text.TIM_SetCompare4), (6 bytes).
    Removing stm32f10x_tim.o(.ARM.exidx.text.TIM_SetCompare4), (8 bytes).
    Removing stm32f10x_tim.o(.text.TIM_SetClockDivision), (16 bytes).
    Removing stm32f10x_tim.o(.ARM.exidx.text.TIM_SetClockDivision), (8 bytes).
    Removing stm32f10x_tim.o(.text.TIM_GetCapture1), (4 bytes).
    Removing stm32f10x_tim.o(.ARM.exidx.text.TIM_GetCapture1), (8 bytes).
    Removing stm32f10x_tim.o(.text.TIM_GetCapture2), (4 bytes).
    Removing stm32f10x_tim.o(.ARM.exidx.text.TIM_GetCapture2), (8 bytes).
    Removing stm32f10x_tim.o(.text.TIM_GetCapture3), (4 bytes).
    Removing stm32f10x_tim.o(.ARM.exidx.text.TIM_GetCapture3), (8 bytes).
    Removing stm32f10x_tim.o(.text.TIM_GetCapture4), (6 bytes).
    Removing stm32f10x_tim.o(.ARM.exidx.text.TIM_GetCapture4), (8 bytes).
    Removing stm32f10x_tim.o(.ARM.exidx.text.TIM_GetCounter), (8 bytes).
    Removing stm32f10x_tim.o(.text.TIM_GetPrescaler), (4 bytes).
    Removing stm32f10x_tim.o(.ARM.exidx.text.TIM_GetPrescaler), (8 bytes).
    Removing stm32f10x_tim.o(.text.TIM_GetFlagStatus), (10 bytes).
    Removing stm32f10x_tim.o(.ARM.exidx.text.TIM_GetFlagStatus), (8 bytes).
    Removing stm32f10x_tim.o(.text.TIM_ClearFlag), (6 bytes).
    Removing stm32f10x_tim.o(.ARM.exidx.text.TIM_ClearFlag), (8 bytes).
    Removing stm32f10x_tim.o(.text.TIM_GetITStatus), (24 bytes).
    Removing stm32f10x_tim.o(.ARM.exidx.text.TIM_GetITStatus), (8 bytes).
    Removing stm32f10x_tim.o(.text.TIM_ClearITPendingBit), (6 bytes).
    Removing stm32f10x_tim.o(.ARM.exidx.text.TIM_ClearITPendingBit), (8 bytes).
    Removing stm32f10x_usart.o(.text), (0 bytes).
    Removing stm32f10x_usart.o(.text.USART_DeInit), (174 bytes).
    Removing stm32f10x_usart.o(.ARM.exidx.text.USART_DeInit), (8 bytes).
    Removing stm32f10x_usart.o(.ARM.exidx.text.USART_Init), (8 bytes).
    Removing stm32f10x_usart.o(.text.USART_StructInit), (18 bytes).
    Removing stm32f10x_usart.o(.ARM.exidx.text.USART_StructInit), (8 bytes).
    Removing stm32f10x_usart.o(.text.USART_ClockInit), (34 bytes).
    Removing stm32f10x_usart.o(.ARM.exidx.text.USART_ClockInit), (8 bytes).
    Removing stm32f10x_usart.o(.text.USART_ClockStructInit), (8 bytes).
    Removing stm32f10x_usart.o(.ARM.exidx.text.USART_ClockStructInit), (8 bytes).
    Removing stm32f10x_usart.o(.ARM.exidx.text.USART_Cmd), (8 bytes).
    Removing stm32f10x_usart.o(.text.USART_ITConfig), (46 bytes).
    Removing stm32f10x_usart.o(.ARM.exidx.text.USART_ITConfig), (8 bytes).
    Removing stm32f10x_usart.o(.text.USART_DMACmd), (16 bytes).
    Removing stm32f10x_usart.o(.ARM.exidx.text.USART_DMACmd), (8 bytes).
    Removing stm32f10x_usart.o(.text.USART_SetAddress), (16 bytes).
    Removing stm32f10x_usart.o(.ARM.exidx.text.USART_SetAddress), (8 bytes).
    Removing stm32f10x_usart.o(.text.USART_WakeUpConfig), (16 bytes).
    Removing stm32f10x_usart.o(.ARM.exidx.text.USART_WakeUpConfig), (8 bytes).
    Removing stm32f10x_usart.o(.text.USART_ReceiverWakeUpCmd), (20 bytes).
    Removing stm32f10x_usart.o(.ARM.exidx.text.USART_ReceiverWakeUpCmd), (8 bytes).
    Removing stm32f10x_usart.o(.text.USART_LINBreakDetectLengthConfig), (16 bytes).
    Removing stm32f10x_usart.o(.ARM.exidx.text.USART_LINBreakDetectLengthConfig), (8 bytes).
    Removing stm32f10x_usart.o(.text.USART_LINCmd), (20 bytes).
    Removing stm32f10x_usart.o(.ARM.exidx.text.USART_LINCmd), (8 bytes).
    Removing stm32f10x_usart.o(.ARM.exidx.text.USART_SendData), (8 bytes).
    Removing stm32f10x_usart.o(.text.USART_ReceiveData), (8 bytes).
    Removing stm32f10x_usart.o(.ARM.exidx.text.USART_ReceiveData), (8 bytes).
    Removing stm32f10x_usart.o(.text.USART_SendBreak), (10 bytes).
    Removing stm32f10x_usart.o(.ARM.exidx.text.USART_SendBreak), (8 bytes).
    Removing stm32f10x_usart.o(.text.USART_SetGuardTime), (16 bytes).
    Removing stm32f10x_usart.o(.ARM.exidx.text.USART_SetGuardTime), (8 bytes).
    Removing stm32f10x_usart.o(.text.USART_SetPrescaler), (16 bytes).
    Removing stm32f10x_usart.o(.ARM.exidx.text.USART_SetPrescaler), (8 bytes).
    Removing stm32f10x_usart.o(.text.USART_SmartCardCmd), (20 bytes).
    Removing stm32f10x_usart.o(.ARM.exidx.text.USART_SmartCardCmd), (8 bytes).
    Removing stm32f10x_usart.o(.text.USART_SmartCardNACKCmd), (20 bytes).
    Removing stm32f10x_usart.o(.ARM.exidx.text.USART_SmartCardNACKCmd), (8 bytes).
    Removing stm32f10x_usart.o(.text.USART_HalfDuplexCmd), (20 bytes).
    Removing stm32f10x_usart.o(.ARM.exidx.text.USART_HalfDuplexCmd), (8 bytes).
    Removing stm32f10x_usart.o(.text.USART_OverSampling8Cmd), (20 bytes).
    Removing stm32f10x_usart.o(.ARM.exidx.text.USART_OverSampling8Cmd), (8 bytes).
    Removing stm32f10x_usart.o(.text.USART_OneBitMethodCmd), (20 bytes).
    Removing stm32f10x_usart.o(.ARM.exidx.text.USART_OneBitMethodCmd), (8 bytes).
    Removing stm32f10x_usart.o(.text.USART_IrDAConfig), (16 bytes).
    Removing stm32f10x_usart.o(.ARM.exidx.text.USART_IrDAConfig), (8 bytes).
    Removing stm32f10x_usart.o(.text.USART_IrDACmd), (20 bytes).
    Removing stm32f10x_usart.o(.ARM.exidx.text.USART_IrDACmd), (8 bytes).
    Removing stm32f10x_usart.o(.ARM.exidx.text.USART_GetFlagStatus), (8 bytes).
    Removing stm32f10x_usart.o(.text.USART_ClearFlag), (6 bytes).
    Removing stm32f10x_usart.o(.ARM.exidx.text.USART_ClearFlag), (8 bytes).
    Removing stm32f10x_usart.o(.text.USART_GetITStatus), (48 bytes).
    Removing stm32f10x_usart.o(.ARM.exidx.text.USART_GetITStatus), (8 bytes).
    Removing stm32f10x_usart.o(.text.USART_ClearITPendingBit), (14 bytes).
    Removing stm32f10x_usart.o(.ARM.exidx.text.USART_ClearITPendingBit), (8 bytes).
    Removing system_stm32f10x.o(.text), (0 bytes).
    Removing system_stm32f10x.o(.ARM.exidx.text.SystemInit), (8 bytes).
    Removing system_stm32f10x.o(.text.SystemCoreClockUpdate), (110 bytes).
    Removing system_stm32f10x.o(.ARM.exidx.text.SystemCoreClockUpdate), (8 bytes).
    Removing system_stm32f10x.o(.data.SystemCoreClock), (4 bytes).
    Removing system_stm32f10x.o(.rodata.AHBPrescTable), (16 bytes).

575 unused section(s) (total 27761 bytes) removed from the image.

==============================================================================

Image Symbol Table

    Local Symbols

    Symbol Name                              Value     Ov Type        Size  Object(Section)

    ../clib/angel/boardlib.s                 0x00000000   Number         0  boardinit1.o ABSOLUTE
    ../clib/angel/boardlib.s                 0x00000000   Number         0  boardinit2.o ABSOLUTE
    ../clib/angel/boardlib.s                 0x00000000   Number         0  boardinit3.o ABSOLUTE
    ../clib/angel/boardlib.s                 0x00000000   Number         0  boardshut.o ABSOLUTE
    ../clib/angel/handlers.s                 0x00000000   Number         0  __scatter_zi.o ABSOLUTE
    ../clib/angel/kernel.s                   0x00000000   Number         0  __rtentry.o ABSOLUTE
    ../clib/angel/kernel.s                   0x00000000   Number         0  __rtentry2.o ABSOLUTE
    ../clib/angel/kernel.s                   0x00000000   Number         0  __rtentry4.o ABSOLUTE
    ../clib/angel/kernel.s                   0x00000000   Number         0  rtexit.o ABSOLUTE
    ../clib/angel/kernel.s                   0x00000000   Number         0  rtexit2.o ABSOLUTE
    ../clib/angel/rt.s                       0x00000000   Number         0  rt_raise.o ABSOLUTE
    ../clib/angel/scatter.s                  0x00000000   Number         0  __scatter.o ABSOLUTE
    ../clib/angel/startup.s                  0x00000000   Number         0  __main.o ABSOLUTE
    ../clib/angel/sys.s                      0x00000000   Number         0  sys_stackheap_outer.o ABSOLUTE
    ../clib/angel/sys.s                      0x00000000   Number         0  libspace.o ABSOLUTE
    ../clib/angel/sys.s                      0x00000000   Number         0  use_no_semi.o ABSOLUTE
    ../clib/angel/sys.s                      0x00000000   Number         0  indicate_semi.o ABSOLUTE
    ../clib/angel/sysapp.c                   0x00000000   Number         0  sys_exit.o ABSOLUTE
    ../clib/angel/sysapp.c                   0x00000000   Number         0  sys_exit_hlt.o ABSOLUTE
    ../clib/angel/sysapp.c                   0x00000000   Number         0  sys_command.o ABSOLUTE
    ../clib/angel/sysapp.c                   0x00000000   Number         0  sys_command_hlt.o ABSOLUTE
    ../clib/angel/sysapp.c                   0x00000000   Number         0  sys_wrch.o ABSOLUTE
    ../clib/angel/sysapp.c                   0x00000000   Number         0  sys_wrch_hlt.o ABSOLUTE
    ../clib/armsys.c                         0x00000000   Number         0  argv_veneer.o ABSOLUTE
    ../clib/armsys.c                         0x00000000   Number         0  argv_veneer.o ABSOLUTE
    ../clib/armsys.c                         0x00000000   Number         0  _get_argv_nomalloc.o ABSOLUTE
    ../clib/armsys.c                         0x00000000   Number         0  no_argv.o ABSOLUTE
    ../clib/heapalloc.c                      0x00000000   Number         0  hrguard.o ABSOLUTE
    ../clib/heapaux.c                        0x00000000   Number         0  heapauxi.o ABSOLUTE
    ../clib/libinit.s                        0x00000000   Number         0  libinit.o ABSOLUTE
    ../clib/libinit.s                        0x00000000   Number         0  libinit2.o ABSOLUTE
    ../clib/libinit.s                        0x00000000   Number         0  libshutdown.o ABSOLUTE
    ../clib/libinit.s                        0x00000000   Number         0  libshutdown2.o ABSOLUTE
    ../clib/memcpset.s                       0x00000000   Number         0  rt_memcpy_v6.o ABSOLUTE
    ../clib/memcpset.s                       0x00000000   Number         0  rt_memcpy_w.o ABSOLUTE
    ../clib/memcpset.s                       0x00000000   Number         0  rt_memclr.o ABSOLUTE
    ../clib/memcpset.s                       0x00000000   Number         0  rt_memclr_w.o ABSOLUTE
    ../clib/misc.s                           0x00000000   Number         0  printf_stubs.o ABSOLUTE
    ../clib/printf.c                         0x00000000   Number         0  __2sprintf.o ABSOLUTE
    ../clib/printf.c                         0x00000000   Number         0  noretval__2sprintf.o ABSOLUTE
    ../clib/printf.c                         0x00000000   Number         0  __printf.o ABSOLUTE
    ../clib/printf.c                         0x00000000   Number         0  _printf_pad.o ABSOLUTE
    ../clib/printf.c                         0x00000000   Number         0  _printf_dec.o ABSOLUTE
    ../clib/printf.c                         0x00000000   Number         0  _printf_hex_ll.o ABSOLUTE
    ../clib/printf.c                         0x00000000   Number         0  _printf_hex_int.o ABSOLUTE
    ../clib/printf.c                         0x00000000   Number         0  _printf_hex_int_ll.o ABSOLUTE
    ../clib/printf.c                         0x00000000   Number         0  _printf_hex_ptr.o ABSOLUTE
    ../clib/printf.c                         0x00000000   Number         0  _printf_hex_int_ptr.o ABSOLUTE
    ../clib/printf.c                         0x00000000   Number         0  _printf_hex_ll_ptr.o ABSOLUTE
    ../clib/printf.c                         0x00000000   Number         0  _printf_hex_int_ll_ptr.o ABSOLUTE
    ../clib/printf.c                         0x00000000   Number         0  __printf_flags.o ABSOLUTE
    ../clib/printf.c                         0x00000000   Number         0  __printf_ss.o ABSOLUTE
    ../clib/printf.c                         0x00000000   Number         0  __printf_flags_ss.o ABSOLUTE
    ../clib/printf.c                         0x00000000   Number         0  __printf_wp.o ABSOLUTE
    ../clib/printf.c                         0x00000000   Number         0  __printf_flags_wp.o ABSOLUTE
    ../clib/printf.c                         0x00000000   Number         0  __printf_ss_wp.o ABSOLUTE
    ../clib/printf.c                         0x00000000   Number         0  __printf_flags_ss_wp.o ABSOLUTE
    ../clib/printf.c                         0x00000000   Number         0  _printf_intcommon.o ABSOLUTE
    ../clib/printf.c                         0x00000000   Number         0  _printf_char_common.o ABSOLUTE
    ../clib/printf.c                         0x00000000   Number         0  _sputc.o ABSOLUTE
    ../clib/printf.c                         0x00000000   Number         0  __printf_nopercent.o ABSOLUTE
    ../clib/printf_percent.s                 0x00000000   Number         0  _printf_x.o ABSOLUTE
    ../clib/printf_percent.s                 0x00000000   Number         0  _printf_d.o ABSOLUTE
    ../clib/printf_percent.s                 0x00000000   Number         0  _printf_percent.o ABSOLUTE
    ../clib/printf_percent.s                 0x00000000   Number         0  _printf_percent_end.o ABSOLUTE
    ../clib/signal.c                         0x00000000   Number         0  defsig_rtmem_outer.o ABSOLUTE
    ../clib/signal.c                         0x00000000   Number         0  defsig_rtmem_formal.o ABSOLUTE
    ../clib/signal.c                         0x00000000   Number         0  defsig_exit.o ABSOLUTE
    ../clib/signal.c                         0x00000000   Number         0  defsig_rtmem_inner.o ABSOLUTE
    ../clib/signal.c                         0x00000000   Number         0  __raise.o ABSOLUTE
    ../clib/signal.c                         0x00000000   Number         0  defsig_general.o ABSOLUTE
    ../clib/signal.c                         0x00000000   Number         0  defsig_abrt_inner.o ABSOLUTE
    ../clib/signal.c                         0x00000000   Number         0  defsig_fpe_inner.o ABSOLUTE
    ../clib/signal.c                         0x00000000   Number         0  defsig_rtred_inner.o ABSOLUTE
    ../clib/signal.c                         0x00000000   Number         0  defsig_stak_inner.o ABSOLUTE
    ../clib/signal.c                         0x00000000   Number         0  defsig_pvfn_inner.o ABSOLUTE
    ../clib/signal.c                         0x00000000   Number         0  defsig_cppl_inner.o ABSOLUTE
    ../clib/signal.c                         0x00000000   Number         0  defsig_segv_inner.o ABSOLUTE
    ../clib/signal.c                         0x00000000   Number         0  defsig_other.o ABSOLUTE
    ../clib/signal.s                         0x00000000   Number         0  defsig.o ABSOLUTE
    ../clib/stdlib.c                         0x00000000   Number         0  exit.o ABSOLUTE
    ../fplib/fpinit.s                        0x00000000   Number         0  fpinit.o ABSOLUTE
    ../fplib/fpinit_empty.s                  0x00000000   Number         0  fpinit_empty.o ABSOLUTE
    RFID_RC522.c                             0x00000000   Number         0  rfid_rc522.o ABSOLUTE
    RTE/Device/STM32F103C8/startup_stm32f10x_md.s 0x00000000   Number         0  startup_stm32f10x_md.o ABSOLUTE
    ccsbcs.c                                 0x00000000   Number         0  ccsbcs.o ABSOLUTE
    dc.s                                     0x00000000   Number         0  dc.o ABSOLUTE
    diskio.c                                 0x00000000   Number         0  diskio.o ABSOLUTE
    fatfs.c                                  0x00000000   Number         0  fatfs.o ABSOLUTE
    fatfs_sd_card.c                          0x00000000   Number         0  fatfs_sd_card.o ABSOLUTE
    ff.c                                     0x00000000   Number         0  ff.o ABSOLUTE
    ff_gen_drv.c                             0x00000000   Number         0  ff_gen_drv.o ABSOLUTE
    main.c                                   0x00000000   Number         0  main.o ABSOLUTE
    misc.c                                   0x00000000   Number         0  misc.o ABSOLUTE
    spi.c                                    0x00000000   Number         0  spi.o ABSOLUTE
    stm32f10x_gpio.c                         0x00000000   Number         0  stm32f10x_gpio.o ABSOLUTE
    stm32f10x_rcc.c                          0x00000000   Number         0  stm32f10x_rcc.o ABSOLUTE
    stm32f10x_spi.c                          0x00000000   Number         0  stm32f10x_spi.o ABSOLUTE
    stm32f10x_tim.c                          0x00000000   Number         0  stm32f10x_tim.o ABSOLUTE
    stm32f10x_usart.c                        0x00000000   Number         0  stm32f10x_usart.o ABSOLUTE
    syscall.c                                0x00000000   Number         0  syscall.o ABSOLUTE
    system_stm32f10x.c                       0x00000000   Number         0  system_stm32f10x.o ABSOLUTE
    tim.c                                    0x00000000   Number         0  tim.o ABSOLUTE
    usart.c                                  0x00000000   Number         0  usart.o ABSOLUTE
    user_diskio.c                            0x00000000   Number         0  user_diskio.o ABSOLUTE
    RESET                                    0x08000000   Section      236  startup_stm32f10x_md.o(RESET)
    !!!main                                  0x080000ec   Section        8  __main.o(!!!main)
    !!!scatter                               0x080000f4   Section       52  __scatter.o(!!!scatter)
    !!handler_zi                             0x08000128   Section       28  __scatter_zi.o(!!handler_zi)
    .ARM.Collect$$_printf_percent$$00000000  0x08000144   Section        0  _printf_percent.o(.ARM.Collect$$_printf_percent$$00000000)
    .ARM.Collect$$_printf_percent$$00000009  0x08000144   Section        6  _printf_d.o(.ARM.Collect$$_printf_percent$$00000009)
    .ARM.Collect$$_printf_percent$$0000000C  0x0800014a   Section        6  _printf_x.o(.ARM.Collect$$_printf_percent$$0000000C)
    .ARM.Collect$$_printf_percent$$00000017  0x08000150   Section        4  _printf_percent_end.o(.ARM.Collect$$_printf_percent$$00000017)
    .ARM.Collect$$libinit$$00000000          0x08000154   Section        2  libinit.o(.ARM.Collect$$libinit$$00000000)
    .ARM.Collect$$libinit$$00000002          0x08000156   Section        0  libinit2.o(.ARM.Collect$$libinit$$00000002)
    .ARM.Collect$$libinit$$00000004          0x08000156   Section        0  libinit2.o(.ARM.Collect$$libinit$$00000004)
    .ARM.Collect$$libinit$$00000006          0x08000156   Section        0  libinit2.o(.ARM.Collect$$libinit$$00000006)
    .ARM.Collect$$libinit$$0000000C          0x08000156   Section        0  libinit2.o(.ARM.Collect$$libinit$$0000000C)
    .ARM.Collect$$libinit$$0000000E          0x08000156   Section        0  libinit2.o(.ARM.Collect$$libinit$$0000000E)
    .ARM.Collect$$libinit$$00000010          0x08000156   Section        0  libinit2.o(.ARM.Collect$$libinit$$00000010)
    .ARM.Collect$$libinit$$00000013          0x08000156   Section        0  libinit2.o(.ARM.Collect$$libinit$$00000013)
    .ARM.Collect$$libinit$$00000015          0x08000156   Section        0  libinit2.o(.ARM.Collect$$libinit$$00000015)
    .ARM.Collect$$libinit$$00000017          0x08000156   Section        0  libinit2.o(.ARM.Collect$$libinit$$00000017)
    .ARM.Collect$$libinit$$00000019          0x08000156   Section        0  libinit2.o(.ARM.Collect$$libinit$$00000019)
    .ARM.Collect$$libinit$$0000001B          0x08000156   Section        0  libinit2.o(.ARM.Collect$$libinit$$0000001B)
    .ARM.Collect$$libinit$$0000001D          0x08000156   Section        0  libinit2.o(.ARM.Collect$$libinit$$0000001D)
    .ARM.Collect$$libinit$$0000001F          0x08000156   Section        0  libinit2.o(.ARM.Collect$$libinit$$0000001F)
    .ARM.Collect$$libinit$$00000021          0x08000156   Section        0  libinit2.o(.ARM.Collect$$libinit$$00000021)
    .ARM.Collect$$libinit$$00000023          0x08000156   Section        0  libinit2.o(.ARM.Collect$$libinit$$00000023)
    .ARM.Collect$$libinit$$00000025          0x08000156   Section        0  libinit2.o(.ARM.Collect$$libinit$$00000025)
    .ARM.Collect$$libinit$$00000027          0x08000156   Section        0  libinit2.o(.ARM.Collect$$libinit$$00000027)
    .ARM.Collect$$libinit$$0000002E          0x08000156   Section        0  libinit2.o(.ARM.Collect$$libinit$$0000002E)
    .ARM.Collect$$libinit$$00000030          0x08000156   Section        0  libinit2.o(.ARM.Collect$$libinit$$00000030)
    .ARM.Collect$$libinit$$00000032          0x08000156   Section        0  libinit2.o(.ARM.Collect$$libinit$$00000032)
    .ARM.Collect$$libinit$$00000034          0x08000156   Section        0  libinit2.o(.ARM.Collect$$libinit$$00000034)
    .ARM.Collect$$libinit$$00000035          0x08000156   Section        2  libinit2.o(.ARM.Collect$$libinit$$00000035)
    .ARM.Collect$$libshutdown$$00000000      0x08000158   Section        2  libshutdown.o(.ARM.Collect$$libshutdown$$00000000)
    .ARM.Collect$$libshutdown$$00000002      0x0800015a   Section        0  libshutdown2.o(.ARM.Collect$$libshutdown$$00000002)
    .ARM.Collect$$libshutdown$$00000004      0x0800015a   Section        0  libshutdown2.o(.ARM.Collect$$libshutdown$$00000004)
    .ARM.Collect$$libshutdown$$00000007      0x0800015a   Section        0  libshutdown2.o(.ARM.Collect$$libshutdown$$00000007)
    .ARM.Collect$$libshutdown$$0000000A      0x0800015a   Section        0  libshutdown2.o(.ARM.Collect$$libshutdown$$0000000A)
    .ARM.Collect$$libshutdown$$0000000C      0x0800015a   Section        0  libshutdown2.o(.ARM.Collect$$libshutdown$$0000000C)
    .ARM.Collect$$libshutdown$$0000000F      0x0800015a   Section        0  libshutdown2.o(.ARM.Collect$$libshutdown$$0000000F)
    .ARM.Collect$$libshutdown$$00000010      0x0800015a   Section        2  libshutdown2.o(.ARM.Collect$$libshutdown$$00000010)
    .ARM.Collect$$rtentry$$00000000          0x0800015c   Section        0  __rtentry.o(.ARM.Collect$$rtentry$$00000000)
    .ARM.Collect$$rtentry$$00000002          0x0800015c   Section        0  __rtentry2.o(.ARM.Collect$$rtentry$$00000002)
    .ARM.Collect$$rtentry$$00000004          0x0800015c   Section        6  __rtentry4.o(.ARM.Collect$$rtentry$$00000004)
    .ARM.Collect$$rtentry$$00000009          0x08000162   Section        0  __rtentry2.o(.ARM.Collect$$rtentry$$00000009)
    .ARM.Collect$$rtentry$$0000000A          0x08000162   Section        4  __rtentry2.o(.ARM.Collect$$rtentry$$0000000A)
    .ARM.Collect$$rtentry$$0000000C          0x08000166   Section        0  __rtentry2.o(.ARM.Collect$$rtentry$$0000000C)
    .ARM.Collect$$rtentry$$0000000D          0x08000166   Section        8  __rtentry2.o(.ARM.Collect$$rtentry$$0000000D)
    .ARM.Collect$$rtexit$$00000000           0x0800016e   Section        2  rtexit.o(.ARM.Collect$$rtexit$$00000000)
    .ARM.Collect$$rtexit$$00000002           0x08000170   Section        0  rtexit2.o(.ARM.Collect$$rtexit$$00000002)
    .ARM.Collect$$rtexit$$00000003           0x08000170   Section        4  rtexit2.o(.ARM.Collect$$rtexit$$00000003)
    .ARM.Collect$$rtexit$$00000004           0x08000174   Section        6  rtexit2.o(.ARM.Collect$$rtexit$$00000004)
    .text                                    0x0800017c   Section       64  startup_stm32f10x_md.o(.text)
    .text                                    0x080001bc   Section        0  noretval__2sprintf.o(.text)
    .text                                    0x080001e4   Section        0  _printf_pad.o(.text)
    .text                                    0x08000234   Section        0  _printf_dec.o(.text)
    .text                                    0x080002ac   Section        0  _printf_hex_int.o(.text)
    .text                                    0x08000304   Section        0  __printf_flags_wp.o(.text)
    .text                                    0x0800043c   Section       68  rt_memclr.o(.text)
    .text                                    0x08000480   Section        0  heapauxi.o(.text)
    .text                                    0x08000486   Section        0  _printf_intcommon.o(.text)
    _printf_input_char                       0x08000539   Thumb Code    10  _printf_char_common.o(.text)
    .text                                    0x08000538   Section        0  _printf_char_common.o(.text)
    .text                                    0x08000568   Section        0  _sputc.o(.text)
    .text                                    0x08000572   Section       78  rt_memclr_w.o(.text)
    .text                                    0x080005c0   Section       74  sys_stackheap_outer.o(.text)
    .text                                    0x0800060a   Section        0  exit.o(.text)
    .text                                    0x0800061c   Section        8  libspace.o(.text)
    .text                                    0x08000624   Section        0  sys_exit.o(.text)
    .text                                    0x08000630   Section        2  use_no_semi.o(.text)
    .text                                    0x08000632   Section        0  indicate_semi.o(.text)
    [Anonymous Symbol]                       0x08000634   Section        0  tim.o(.text.Delay_ms)
    [Anonymous Symbol]                       0x0800065c   Section        0  stm32f10x_gpio.o(.text.GPIO_Init)
    [Anonymous Symbol]                       0x0800071c   Section        0  stm32f10x_gpio.o(.text.GPIO_ResetBits)
    [Anonymous Symbol]                       0x08000720   Section        0  stm32f10x_gpio.o(.text.GPIO_SetBits)
    [Anonymous Symbol]                       0x08000724   Section        0  rfid_rc522.o(.text.MFRC522_Anticoll)
    [Anonymous Symbol]                       0x08000774   Section        0  rfid_rc522.o(.text.MFRC522_Init)
    [Anonymous Symbol]                       0x080007c8   Section        0  rfid_rc522.o(.text.MFRC522_Request)
    [Anonymous Symbol]                       0x08000800   Section        0  rfid_rc522.o(.text.MFRC522_StopCrypto1)
    [Anonymous Symbol]                       0x08000818   Section        0  rfid_rc522.o(.text.MFRC522_ToCard)
    [Anonymous Symbol]                       0x08000950   Section        0  stm32f10x_rcc.o(.text.RCC_APB1PeriphClockCmd)
    [Anonymous Symbol]                       0x08000968   Section        0  stm32f10x_rcc.o(.text.RCC_APB2PeriphClockCmd)
    [Anonymous Symbol]                       0x08000980   Section        0  stm32f10x_rcc.o(.text.RCC_GetClocksFreq)
    [Anonymous Symbol]                       0x08000a20   Section        0  rfid_rc522.o(.text.Read_MFRC522)
    [Anonymous Symbol]                       0x08000aa0   Section        0  spi.o(.text.SPIRC552_Config)
    [Anonymous Symbol]                       0x08000b44   Section        0  stm32f10x_spi.o(.text.SPI_Cmd)
    [Anonymous Symbol]                       0x08000b58   Section        0  stm32f10x_spi.o(.text.SPI_I2S_GetFlagStatus)
    [Anonymous Symbol]                       0x08000b64   Section        0  stm32f10x_spi.o(.text.SPI_I2S_ReceiveData)
    [Anonymous Symbol]                       0x08000b68   Section        0  stm32f10x_spi.o(.text.SPI_I2S_SendData)
    [Anonymous Symbol]                       0x08000b6c   Section        0  stm32f10x_spi.o(.text.SPI_Init)
    [Anonymous Symbol]                       0x08000bb4   Section        0  stm32f10x_spi.o(.text.SPI_StructInit)
    [Anonymous Symbol]                       0x08000bc4   Section        0  system_stm32f10x.o(.text.SystemInit)
    [Anonymous Symbol]                       0x08000cd4   Section        0  tim.o(.text.TIMDelay_Config)
    [Anonymous Symbol]                       0x08000d08   Section        0  stm32f10x_tim.o(.text.TIM_Cmd)
    [Anonymous Symbol]                       0x08000d1c   Section        0  stm32f10x_tim.o(.text.TIM_GetCounter)
    [Anonymous Symbol]                       0x08000d20   Section        0  stm32f10x_tim.o(.text.TIM_SetCompare2)
    [Anonymous Symbol]                       0x08000d24   Section        0  stm32f10x_tim.o(.text.TIM_SetCounter)
    [Anonymous Symbol]                       0x08000d28   Section        0  stm32f10x_tim.o(.text.TIM_TimeBaseInit)
    [Anonymous Symbol]                       0x08000dd4   Section        0  usart.o(.text.UART1_Config)
    [Anonymous Symbol]                       0x08000e30   Section        0  stm32f10x_usart.o(.text.USART_Cmd)
    [Anonymous Symbol]                       0x08000e44   Section        0  stm32f10x_usart.o(.text.USART_GetFlagStatus)
    [Anonymous Symbol]                       0x08000e50   Section        0  stm32f10x_usart.o(.text.USART_Init)
    [Anonymous Symbol]                       0x08000f08   Section        0  usart.o(.text.USART_SendChar)
    [Anonymous Symbol]                       0x08000f30   Section        0  stm32f10x_usart.o(.text.USART_SendData)
    [Anonymous Symbol]                       0x08000f38   Section        0  usart.o(.text.USART_SendString)
    [Anonymous Symbol]                       0x08000f74   Section        0  rfid_rc522.o(.text.Write_MFRC522)
    check_fs                                 0x08000ff9   Thumb Code   114  ff.o(.text.check_fs)
    [Anonymous Symbol]                       0x08000ff8   Section        0  ff.o(.text.check_fs)
    create_chain                             0x0800106d   Thumb Code   222  ff.o(.text.create_chain)
    [Anonymous Symbol]                       0x0800106c   Section        0  ff.o(.text.create_chain)
    dir_find                                 0x0800114d   Thumb Code   408  ff.o(.text.dir_find)
    [Anonymous Symbol]                       0x0800114c   Section        0  ff.o(.text.dir_find)
    dir_next                                 0x080012e5   Thumb Code   376  ff.o(.text.dir_next)
    [Anonymous Symbol]                       0x080012e4   Section        0  ff.o(.text.dir_next)
    dir_register                             0x0800145d   Thumb Code   724  ff.o(.text.dir_register)
    [Anonymous Symbol]                       0x0800145c   Section        0  ff.o(.text.dir_register)
    dir_sdi                                  0x08001731   Thumb Code   200  ff.o(.text.dir_sdi)
    [Anonymous Symbol]                       0x08001730   Section        0  ff.o(.text.dir_sdi)
    [Anonymous Symbol]                       0x080017f8   Section        0  diskio.o(.text.disk_initialize)
    [Anonymous Symbol]                       0x0800181c   Section        0  diskio.o(.text.disk_ioctl)
    [Anonymous Symbol]                       0x08001834   Section        0  diskio.o(.text.disk_read)
    [Anonymous Symbol]                       0x08001854   Section        0  diskio.o(.text.disk_status)
    [Anonymous Symbol]                       0x0800186c   Section        0  diskio.o(.text.disk_write)
    [Anonymous Symbol]                       0x0800188c   Section        0  ff.o(.text.f_close)
    [Anonymous Symbol]                       0x0800191c   Section        0  ff.o(.text.f_lseek)
    [Anonymous Symbol]                       0x08001c48   Section        0  ff.o(.text.f_mount)
    [Anonymous Symbol]                       0x08001cf8   Section        0  ff.o(.text.f_open)
    [Anonymous Symbol]                       0x0800206c   Section        0  ff.o(.text.f_read)
    [Anonymous Symbol]                       0x080022b4   Section        0  ff.o(.text.f_sync)
    [Anonymous Symbol]                       0x08002370   Section        0  ccsbcs.o(.text.ff_convert)
    [Anonymous Symbol]                       0x080023bc   Section        0  ccsbcs.o(.text.ff_wtoupper)
    find_volume                              0x080023e9   Thumb Code   864  ff.o(.text.find_volume)
    [Anonymous Symbol]                       0x080023e8   Section        0  ff.o(.text.find_volume)
    follow_path                              0x08002749   Thumb Code   772  ff.o(.text.follow_path)
    [Anonymous Symbol]                       0x08002748   Section        0  ff.o(.text.follow_path)
    [Anonymous Symbol]                       0x08002a4c   Section        0  ff.o(.text.get_fat)
    [Anonymous Symbol]                       0x08002b3c   Section        0  diskio.o(.text.get_fattime)
    [Anonymous Symbol]                       0x08002b40   Section        0  main.o(.text.main)
    move_window                              0x08002e49   Thumb Code   150  ff.o(.text.move_window)
    [Anonymous Symbol]                       0x08002e48   Section        0  ff.o(.text.move_window)
    [Anonymous Symbol]                       0x08002ee0   Section        0  ff.o(.text.put_fat)
    [Anonymous Symbol]                       0x08003000   Section        0  tim.o(.text.set_pwm)
    sync_fs                                  0x0800300d   Thumb Code   208  ff.o(.text.sync_fs)
    [Anonymous Symbol]                       0x0800300c   Section        0  ff.o(.text.sync_fs)
    sync_window                              0x080030dd   Thumb Code   100  ff.o(.text.sync_window)
    [Anonymous Symbol]                       0x080030dc   Section        0  ff.o(.text.sync_window)
    i._is_digit                              0x08003140   Section        0  __printf_wp.o(i._is_digit)
    uc_hextab                                0x0800314e   Data          20  _printf_hex_int.o(.constdata)
    .constdata                               0x0800314e   Section       40  _printf_hex_int.o(.constdata)
    lc_hextab                                0x08003162   Data          20  _printf_hex_int.o(.constdata)
    maptable                                 0x08003176   Data          17  __printf_flags_wp.o(.constdata)
    .constdata                               0x08003176   Section       17  __printf_flags_wp.o(.constdata)
    ADCPrescTable                            0x08003187   Data           4  stm32f10x_rcc.o(.rodata.ADCPrescTable)
    [Anonymous Symbol]                       0x08003187   Section        0  stm32f10x_rcc.o(.rodata.ADCPrescTable)
    APBAHBPrescTable                         0x0800318b   Data          16  stm32f10x_rcc.o(.rodata.APBAHBPrescTable)
    [Anonymous Symbol]                       0x0800318b   Section        0  stm32f10x_rcc.o(.rodata.APBAHBPrescTable)
    ExCvt                                    0x0800319b   Data         128  ff.o(.rodata.ExCvt)
    [Anonymous Symbol]                       0x0800319b   Section        0  ff.o(.rodata.ExCvt)
    LfnOfs                                   0x0800321b   Data          13  ff.o(.rodata.LfnOfs)
    [Anonymous Symbol]                       0x0800321b   Section        0  ff.o(.rodata.LfnOfs)
    Tbl                                      0x08003228   Data         256  ccsbcs.o(.rodata.Tbl)
    [Anonymous Symbol]                       0x08003228   Section        0  ccsbcs.o(.rodata.Tbl)
    .L.str.4                                 0x08003328   Data           7  ff.o(.rodata.str1.1)
    [Anonymous Symbol]                       0x08003328   Section        0  ff.o(.rodata.str1.1)
    .L.str.3                                 0x0800332f   Data           9  ff.o(.rodata.str1.1)
    .L.str                                   0x08003337   Data           1  ff.o(.rodata.str1.1)
    ff_wtoupper.tbl_upper                    0x08003338   Data         480  ccsbcs.o(.rodata.str2.2)
    [Anonymous Symbol]                       0x08003338   Section        0  ccsbcs.o(.rodata.str2.2)
    ff_wtoupper.tbl_lower                    0x08003518   Data         480  ccsbcs.o(.rodata.str2.2)
    .bss                                     0x20000000   Section       96  libspace.o(.bss)
    FatFs                                    0x20001090   Data           4  ff.o(.bss.FatFs)
    [Anonymous Symbol]                       0x20001090   Section        0  ff.o(.bss.FatFs)
    Files                                    0x20001094   Data          24  ff.o(.bss.Files)
    [Anonymous Symbol]                       0x20001094   Section        0  ff.o(.bss.Files)
    Fsid                                     0x200010ac   Data           2  ff.o(.bss.Fsid)
    [Anonymous Symbol]                       0x200010ac   Section        0  ff.o(.bss.Fsid)
    LfnBuf                                   0x200010c8   Data         512  ff.o(.bss.LfnBuf)
    [Anonymous Symbol]                       0x200010c8   Section        0  ff.o(.bss.LfnBuf)
    Heap_Mem                                 0x20002380   Data         512  startup_stm32f10x_md.o(HEAP)
    HEAP                                     0x20002380   Section      512  startup_stm32f10x_md.o(HEAP)
    Stack_Mem                                0x20002580   Data        1024  startup_stm32f10x_md.o(STACK)
    STACK                                    0x20002580   Section     1024  startup_stm32f10x_md.o(STACK)
    __initial_sp                             0x20002980   Data           0  startup_stm32f10x_md.o(STACK)

    Global Symbols

    Symbol Name                              Value     Ov Type        Size  Object(Section)

    BuildAttributes$$THM_ISAv4$P$D$K$B$S$PE$A:L22UL41UL21$X:L11$S22US41US21$IEEE1$IW$~IW$USESV6$~STKCKD$USESV7$~SHL$OTIME$ROPI$EBA8$UX$STANDARDLIB$REQ8$PRES8$EABIv2 0x00000000   Number         0  anon$$obj.o ABSOLUTE
    __fp_init_empty                          0x00000000   Number         0  fpinit_empty.o ABSOLUTE
    _printf_flags                            0x00000000   Number         0  printf_stubs.o ABSOLUTE
    _printf_return_value                     0x00000000   Number         0  printf_stubs.o ABSOLUTE
    _printf_sizespec                         0x00000000   Number         0  printf_stubs.o ABSOLUTE
    _printf_widthprec                        0x00000000   Number         0  printf_stubs.o ABSOLUTE
    __ARM_exceptions_init                     - Undefined Weak Reference
    __alloca_initialize                       - Undefined Weak Reference
    __arm_preinit_                            - Undefined Weak Reference
    __arm_relocate_pie_                       - Undefined Weak Reference
    __cpp_initialize__aeabi_                  - Undefined Weak Reference
    __cxa_finalize                            - Undefined Weak Reference
    __rt_locale                               - Undefined Weak Reference
    __sigvec_lookup                           - Undefined Weak Reference
    _atexit_init                              - Undefined Weak Reference
    _call_atexit_fns                          - Undefined Weak Reference
    _clock_init                               - Undefined Weak Reference
    _fp_trap_init                             - Undefined Weak Reference
    _fp_trap_shutdown                         - Undefined Weak Reference
    _get_lc_collate                           - Undefined Weak Reference
    _get_lc_ctype                             - Undefined Weak Reference
    _get_lc_monetary                          - Undefined Weak Reference
    _get_lc_numeric                           - Undefined Weak Reference
    _get_lc_time                              - Undefined Weak Reference
    _getenv_init                              - Undefined Weak Reference
    _handle_redirection                       - Undefined Weak Reference
    _init_alloc                               - Undefined Weak Reference
    _init_user_alloc                          - Undefined Weak Reference
    _initio                                   - Undefined Weak Reference
    _printf_truncate_signed                   - Undefined Weak Reference
    _printf_truncate_unsigned                 - Undefined Weak Reference
    _rand_init                                - Undefined Weak Reference
    _signal_finish                            - Undefined Weak Reference
    _signal_init                              - Undefined Weak Reference
    _terminate_alloc                          - Undefined Weak Reference
    _terminate_user_alloc                     - Undefined Weak Reference
    _terminateio                              - Undefined Weak Reference
    __Vectors_Size                           0x000000ec   Number         0  startup_stm32f10x_md.o ABSOLUTE
    __Vectors                                0x08000000   Data           4  startup_stm32f10x_md.o(RESET)
    __Vectors_End                            0x080000ec   Data           0  startup_stm32f10x_md.o(RESET)
    __main                                   0x080000ed   Thumb Code     8  __main.o(!!!main)
    __scatterload                            0x080000f5   Thumb Code     0  __scatter.o(!!!scatter)
    __scatterload_rt2                        0x080000f5   Thumb Code    44  __scatter.o(!!!scatter)
    __scatterload_rt2_thumb_only             0x080000f5   Thumb Code     0  __scatter.o(!!!scatter)
    __scatterload_null                       0x08000103   Thumb Code     0  __scatter.o(!!!scatter)
    __scatterload_zeroinit                   0x08000129   Thumb Code    28  __scatter_zi.o(!!handler_zi)
    _printf_d                                0x08000145   Thumb Code     0  _printf_d.o(.ARM.Collect$$_printf_percent$$00000009)
    _printf_percent                          0x08000145   Thumb Code     0  _printf_percent.o(.ARM.Collect$$_printf_percent$$00000000)
    _printf_x                                0x0800014b   Thumb Code     0  _printf_x.o(.ARM.Collect$$_printf_percent$$0000000C)
    _printf_percent_end                      0x08000151   Thumb Code     0  _printf_percent_end.o(.ARM.Collect$$_printf_percent$$00000017)
    __rt_lib_init                            0x08000155   Thumb Code     0  libinit.o(.ARM.Collect$$libinit$$00000000)
    __rt_lib_init_alloca_1                   0x08000157   Thumb Code     0  libinit2.o(.ARM.Collect$$libinit$$00000030)
    __rt_lib_init_argv_1                     0x08000157   Thumb Code     0  libinit2.o(.ARM.Collect$$libinit$$0000002E)
    __rt_lib_init_atexit_1                   0x08000157   Thumb Code     0  libinit2.o(.ARM.Collect$$libinit$$0000001D)
    __rt_lib_init_clock_1                    0x08000157   Thumb Code     0  libinit2.o(.ARM.Collect$$libinit$$00000023)
    __rt_lib_init_cpp_1                      0x08000157   Thumb Code     0  libinit2.o(.ARM.Collect$$libinit$$00000034)
    __rt_lib_init_exceptions_1               0x08000157   Thumb Code     0  libinit2.o(.ARM.Collect$$libinit$$00000032)
    __rt_lib_init_fp_1                       0x08000157   Thumb Code     0  libinit2.o(.ARM.Collect$$libinit$$00000002)
    __rt_lib_init_fp_trap_1                  0x08000157   Thumb Code     0  libinit2.o(.ARM.Collect$$libinit$$00000021)
    __rt_lib_init_getenv_1                   0x08000157   Thumb Code     0  libinit2.o(.ARM.Collect$$libinit$$00000025)
    __rt_lib_init_heap_1                     0x08000157   Thumb Code     0  libinit2.o(.ARM.Collect$$libinit$$0000000C)
    __rt_lib_init_lc_collate_1               0x08000157   Thumb Code     0  libinit2.o(.ARM.Collect$$libinit$$00000013)
    __rt_lib_init_lc_ctype_1                 0x08000157   Thumb Code     0  libinit2.o(.ARM.Collect$$libinit$$00000015)
    __rt_lib_init_lc_monetary_1              0x08000157   Thumb Code     0  libinit2.o(.ARM.Collect$$libinit$$00000017)
    __rt_lib_init_lc_numeric_1               0x08000157   Thumb Code     0  libinit2.o(.ARM.Collect$$libinit$$00000019)
    __rt_lib_init_lc_time_1                  0x08000157   Thumb Code     0  libinit2.o(.ARM.Collect$$libinit$$0000001B)
    __rt_lib_init_preinit_1                  0x08000157   Thumb Code     0  libinit2.o(.ARM.Collect$$libinit$$00000006)
    __rt_lib_init_rand_1                     0x08000157   Thumb Code     0  libinit2.o(.ARM.Collect$$libinit$$00000010)
    __rt_lib_init_relocate_pie_1             0x08000157   Thumb Code     0  libinit2.o(.ARM.Collect$$libinit$$00000004)
    __rt_lib_init_return                     0x08000157   Thumb Code     0  libinit2.o(.ARM.Collect$$libinit$$00000035)
    __rt_lib_init_signal_1                   0x08000157   Thumb Code     0  libinit2.o(.ARM.Collect$$libinit$$0000001F)
    __rt_lib_init_stdio_1                    0x08000157   Thumb Code     0  libinit2.o(.ARM.Collect$$libinit$$00000027)
    __rt_lib_init_user_alloc_1               0x08000157   Thumb Code     0  libinit2.o(.ARM.Collect$$libinit$$0000000E)
    __rt_lib_shutdown                        0x08000159   Thumb Code     0  libshutdown.o(.ARM.Collect$$libshutdown$$00000000)
    __rt_lib_shutdown_cpp_1                  0x0800015b   Thumb Code     0  libshutdown2.o(.ARM.Collect$$libshutdown$$00000002)
    __rt_lib_shutdown_fp_trap_1              0x0800015b   Thumb Code     0  libshutdown2.o(.ARM.Collect$$libshutdown$$00000007)
    __rt_lib_shutdown_heap_1                 0x0800015b   Thumb Code     0  libshutdown2.o(.ARM.Collect$$libshutdown$$0000000F)
    __rt_lib_shutdown_return                 0x0800015b   Thumb Code     0  libshutdown2.o(.ARM.Collect$$libshutdown$$00000010)
    __rt_lib_shutdown_signal_1               0x0800015b   Thumb Code     0  libshutdown2.o(.ARM.Collect$$libshutdown$$0000000A)
    __rt_lib_shutdown_stdio_1                0x0800015b   Thumb Code     0  libshutdown2.o(.ARM.Collect$$libshutdown$$00000004)
    __rt_lib_shutdown_user_alloc_1           0x0800015b   Thumb Code     0  libshutdown2.o(.ARM.Collect$$libshutdown$$0000000C)
    __rt_entry                               0x0800015d   Thumb Code     0  __rtentry.o(.ARM.Collect$$rtentry$$00000000)
    __rt_entry_presh_1                       0x0800015d   Thumb Code     0  __rtentry2.o(.ARM.Collect$$rtentry$$00000002)
    __rt_entry_sh                            0x0800015d   Thumb Code     0  __rtentry4.o(.ARM.Collect$$rtentry$$00000004)
    __rt_entry_li                            0x08000163   Thumb Code     0  __rtentry2.o(.ARM.Collect$$rtentry$$0000000A)
    __rt_entry_postsh_1                      0x08000163   Thumb Code     0  __rtentry2.o(.ARM.Collect$$rtentry$$00000009)
    __rt_entry_main                          0x08000167   Thumb Code     0  __rtentry2.o(.ARM.Collect$$rtentry$$0000000D)
    __rt_entry_postli_1                      0x08000167   Thumb Code     0  __rtentry2.o(.ARM.Collect$$rtentry$$0000000C)
    __rt_exit                                0x0800016f   Thumb Code     0  rtexit.o(.ARM.Collect$$rtexit$$00000000)
    __rt_exit_ls                             0x08000171   Thumb Code     0  rtexit2.o(.ARM.Collect$$rtexit$$00000003)
    __rt_exit_prels_1                        0x08000171   Thumb Code     0  rtexit2.o(.ARM.Collect$$rtexit$$00000002)
    __rt_exit_exit                           0x08000175   Thumb Code     0  rtexit2.o(.ARM.Collect$$rtexit$$00000004)
    Reset_Handler                            0x0800017d   Thumb Code     8  startup_stm32f10x_md.o(.text)
    NMI_Handler                              0x08000185   Thumb Code     2  startup_stm32f10x_md.o(.text)
    HardFault_Handler                        0x08000187   Thumb Code     2  startup_stm32f10x_md.o(.text)
    MemManage_Handler                        0x08000189   Thumb Code     2  startup_stm32f10x_md.o(.text)
    BusFault_Handler                         0x0800018b   Thumb Code     2  startup_stm32f10x_md.o(.text)
    UsageFault_Handler                       0x0800018d   Thumb Code     2  startup_stm32f10x_md.o(.text)
    SVC_Handler                              0x0800018f   Thumb Code     2  startup_stm32f10x_md.o(.text)
    DebugMon_Handler                         0x08000191   Thumb Code     2  startup_stm32f10x_md.o(.text)
    PendSV_Handler                           0x08000193   Thumb Code     2  startup_stm32f10x_md.o(.text)
    SysTick_Handler                          0x08000195   Thumb Code     2  startup_stm32f10x_md.o(.text)
    ADC1_2_IRQHandler                        0x08000197   Thumb Code     0  startup_stm32f10x_md.o(.text)
    CAN1_RX1_IRQHandler                      0x08000197   Thumb Code     0  startup_stm32f10x_md.o(.text)
    CAN1_SCE_IRQHandler                      0x08000197   Thumb Code     0  startup_stm32f10x_md.o(.text)
    DMA1_Channel1_IRQHandler                 0x08000197   Thumb Code     0  startup_stm32f10x_md.o(.text)
    DMA1_Channel2_IRQHandler                 0x08000197   Thumb Code     0  startup_stm32f10x_md.o(.text)
    DMA1_Channel3_IRQHandler                 0x08000197   Thumb Code     0  startup_stm32f10x_md.o(.text)
    DMA1_Channel4_IRQHandler                 0x08000197   Thumb Code     0  startup_stm32f10x_md.o(.text)
    DMA1_Channel5_IRQHandler                 0x08000197   Thumb Code     0  startup_stm32f10x_md.o(.text)
    DMA1_Channel6_IRQHandler                 0x08000197   Thumb Code     0  startup_stm32f10x_md.o(.text)
    DMA1_Channel7_IRQHandler                 0x08000197   Thumb Code     0  startup_stm32f10x_md.o(.text)
    EXTI0_IRQHandler                         0x08000197   Thumb Code     0  startup_stm32f10x_md.o(.text)
    EXTI15_10_IRQHandler                     0x08000197   Thumb Code     0  startup_stm32f10x_md.o(.text)
    EXTI1_IRQHandler                         0x08000197   Thumb Code     0  startup_stm32f10x_md.o(.text)
    EXTI2_IRQHandler                         0x08000197   Thumb Code     0  startup_stm32f10x_md.o(.text)
    EXTI3_IRQHandler                         0x08000197   Thumb Code     0  startup_stm32f10x_md.o(.text)
    EXTI4_IRQHandler                         0x08000197   Thumb Code     0  startup_stm32f10x_md.o(.text)
    EXTI9_5_IRQHandler                       0x08000197   Thumb Code     0  startup_stm32f10x_md.o(.text)
    FLASH_IRQHandler                         0x08000197   Thumb Code     0  startup_stm32f10x_md.o(.text)
    I2C1_ER_IRQHandler                       0x08000197   Thumb Code     0  startup_stm32f10x_md.o(.text)
    I2C1_EV_IRQHandler                       0x08000197   Thumb Code     0  startup_stm32f10x_md.o(.text)
    I2C2_ER_IRQHandler                       0x08000197   Thumb Code     0  startup_stm32f10x_md.o(.text)
    I2C2_EV_IRQHandler                       0x08000197   Thumb Code     0  startup_stm32f10x_md.o(.text)
    PVD_IRQHandler                           0x08000197   Thumb Code     0  startup_stm32f10x_md.o(.text)
    RCC_IRQHandler                           0x08000197   Thumb Code     0  startup_stm32f10x_md.o(.text)
    RTCAlarm_IRQHandler                      0x08000197   Thumb Code     0  startup_stm32f10x_md.o(.text)
    RTC_IRQHandler                           0x08000197   Thumb Code     0  startup_stm32f10x_md.o(.text)
    SPI1_IRQHandler                          0x08000197   Thumb Code     0  startup_stm32f10x_md.o(.text)
    SPI2_IRQHandler                          0x08000197   Thumb Code     0  startup_stm32f10x_md.o(.text)
    TAMPER_IRQHandler                        0x08000197   Thumb Code     0  startup_stm32f10x_md.o(.text)
    TIM1_BRK_IRQHandler                      0x08000197   Thumb Code     0  startup_stm32f10x_md.o(.text)
    TIM1_CC_IRQHandler                       0x08000197   Thumb Code     0  startup_stm32f10x_md.o(.text)
    TIM1_TRG_COM_IRQHandler                  0x08000197   Thumb Code     0  startup_stm32f10x_md.o(.text)
    TIM1_UP_IRQHandler                       0x08000197   Thumb Code     0  startup_stm32f10x_md.o(.text)
    TIM2_IRQHandler                          0x08000197   Thumb Code     0  startup_stm32f10x_md.o(.text)
    TIM3_IRQHandler                          0x08000197   Thumb Code     0  startup_stm32f10x_md.o(.text)
    TIM4_IRQHandler                          0x08000197   Thumb Code     0  startup_stm32f10x_md.o(.text)
    USART1_IRQHandler                        0x08000197   Thumb Code     0  startup_stm32f10x_md.o(.text)
    USART2_IRQHandler                        0x08000197   Thumb Code     0  startup_stm32f10x_md.o(.text)
    USART3_IRQHandler                        0x08000197   Thumb Code     0  startup_stm32f10x_md.o(.text)
    USBWakeUp_IRQHandler                     0x08000197   Thumb Code     0  startup_stm32f10x_md.o(.text)
    USB_HP_CAN1_TX_IRQHandler                0x08000197   Thumb Code     0  startup_stm32f10x_md.o(.text)
    USB_LP_CAN1_RX0_IRQHandler               0x08000197   Thumb Code     0  startup_stm32f10x_md.o(.text)
    WWDG_IRQHandler                          0x08000197   Thumb Code     0  startup_stm32f10x_md.o(.text)
    __user_initial_stackheap                 0x08000199   Thumb Code     0  startup_stm32f10x_md.o(.text)
    __2sprintf                               0x080001bd   Thumb Code    34  noretval__2sprintf.o(.text)
    _printf_pre_padding                      0x080001e5   Thumb Code    44  _printf_pad.o(.text)
    _printf_post_padding                     0x08000211   Thumb Code    34  _printf_pad.o(.text)
    _printf_int_dec                          0x08000235   Thumb Code   104  _printf_dec.o(.text)
    _printf_int_hex                          0x080002ad   Thumb Code    84  _printf_hex_int.o(.text)
    _printf_longlong_hex                     0x080002ad   Thumb Code     0  _printf_hex_int.o(.text)
    __printf                                 0x08000305   Thumb Code   308  __printf_flags_wp.o(.text)
    __aeabi_memclr                           0x0800043d   Thumb Code     0  rt_memclr.o(.text)
    __rt_memclr                              0x0800043d   Thumb Code     0  rt_memclr.o(.text)
    _memset                                  0x08000441   Thumb Code    64  rt_memclr.o(.text)
    __use_two_region_memory                  0x08000481   Thumb Code     2  heapauxi.o(.text)
    __rt_heap_escrow$2region                 0x08000483   Thumb Code     2  heapauxi.o(.text)
    __rt_heap_expand$2region                 0x08000485   Thumb Code     2  heapauxi.o(.text)
    _printf_int_common                       0x08000487   Thumb Code   178  _printf_intcommon.o(.text)
    _printf_char_common                      0x08000543   Thumb Code    32  _printf_char_common.o(.text)
    _sputc                                   0x08000569   Thumb Code    10  _sputc.o(.text)
    __aeabi_memclr4                          0x08000573   Thumb Code     0  rt_memclr_w.o(.text)
    __aeabi_memclr8                          0x08000573   Thumb Code     0  rt_memclr_w.o(.text)
    __rt_memclr_w                            0x08000573   Thumb Code     0  rt_memclr_w.o(.text)
    _memset_w                                0x08000577   Thumb Code    74  rt_memclr_w.o(.text)
    __user_setup_stackheap                   0x080005c1   Thumb Code    74  sys_stackheap_outer.o(.text)
    exit                                     0x0800060b   Thumb Code    18  exit.o(.text)
    __user_libspace                          0x0800061d   Thumb Code     8  libspace.o(.text)
    __user_perproc_libspace                  0x0800061d   Thumb Code     0  libspace.o(.text)
    __user_perthread_libspace                0x0800061d   Thumb Code     0  libspace.o(.text)
    _sys_exit                                0x08000625   Thumb Code     8  sys_exit.o(.text)
    __I$use$semihosting                      0x08000631   Thumb Code     0  use_no_semi.o(.text)
    __use_no_semihosting_swi                 0x08000631   Thumb Code     2  use_no_semi.o(.text)
    __semihosting_library_function           0x08000633   Thumb Code     0  indicate_semi.o(.text)
    Delay_ms                                 0x08000635   Thumb Code    40  tim.o(.text.Delay_ms)
    GPIO_Init                                0x0800065d   Thumb Code   192  stm32f10x_gpio.o(.text.GPIO_Init)
    GPIO_ResetBits                           0x0800071d   Thumb Code     4  stm32f10x_gpio.o(.text.GPIO_ResetBits)
    GPIO_SetBits                             0x08000721   Thumb Code     4  stm32f10x_gpio.o(.text.GPIO_SetBits)
    MFRC522_Anticoll                         0x08000725   Thumb Code    78  rfid_rc522.o(.text.MFRC522_Anticoll)
    MFRC522_Init                             0x08000775   Thumb Code    84  rfid_rc522.o(.text.MFRC522_Init)
    MFRC522_Request                          0x080007c9   Thumb Code    56  rfid_rc522.o(.text.MFRC522_Request)
    MFRC522_StopCrypto1                      0x08000801   Thumb Code    22  rfid_rc522.o(.text.MFRC522_StopCrypto1)
    MFRC522_ToCard                           0x08000819   Thumb Code   312  rfid_rc522.o(.text.MFRC522_ToCard)
    RCC_APB1PeriphClockCmd                   0x08000951   Thumb Code    24  stm32f10x_rcc.o(.text.RCC_APB1PeriphClockCmd)
    RCC_APB2PeriphClockCmd                   0x08000969   Thumb Code    24  stm32f10x_rcc.o(.text.RCC_APB2PeriphClockCmd)
    RCC_GetClocksFreq                        0x08000981   Thumb Code   160  stm32f10x_rcc.o(.text.RCC_GetClocksFreq)
    Read_MFRC522                             0x08000a21   Thumb Code   126  rfid_rc522.o(.text.Read_MFRC522)
    SPIRC552_Config                          0x08000aa1   Thumb Code   164  spi.o(.text.SPIRC552_Config)
    SPI_Cmd                                  0x08000b45   Thumb Code    20  stm32f10x_spi.o(.text.SPI_Cmd)
    SPI_I2S_GetFlagStatus                    0x08000b59   Thumb Code    10  stm32f10x_spi.o(.text.SPI_I2S_GetFlagStatus)
    SPI_I2S_ReceiveData                      0x08000b65   Thumb Code     4  stm32f10x_spi.o(.text.SPI_I2S_ReceiveData)
    SPI_I2S_SendData                         0x08000b69   Thumb Code     4  stm32f10x_spi.o(.text.SPI_I2S_SendData)
    SPI_Init                                 0x08000b6d   Thumb Code    70  stm32f10x_spi.o(.text.SPI_Init)
    SPI_StructInit                           0x08000bb5   Thumb Code    16  stm32f10x_spi.o(.text.SPI_StructInit)
    SystemInit                               0x08000bc5   Thumb Code   272  system_stm32f10x.o(.text.SystemInit)
    TIMDelay_Config                          0x08000cd5   Thumb Code    52  tim.o(.text.TIMDelay_Config)
    TIM_Cmd                                  0x08000d09   Thumb Code    18  stm32f10x_tim.o(.text.TIM_Cmd)
    TIM_GetCounter                           0x08000d1d   Thumb Code     4  stm32f10x_tim.o(.text.TIM_GetCounter)
    TIM_SetCompare2                          0x08000d21   Thumb Code     4  stm32f10x_tim.o(.text.TIM_SetCompare2)
    TIM_SetCounter                           0x08000d25   Thumb Code     4  stm32f10x_tim.o(.text.TIM_SetCounter)
    TIM_TimeBaseInit                         0x08000d29   Thumb Code   170  stm32f10x_tim.o(.text.TIM_TimeBaseInit)
    UART1_Config                             0x08000dd5   Thumb Code    90  usart.o(.text.UART1_Config)
    USART_Cmd                                0x08000e31   Thumb Code    20  stm32f10x_usart.o(.text.USART_Cmd)
    USART_GetFlagStatus                      0x08000e45   Thumb Code    10  stm32f10x_usart.o(.text.USART_GetFlagStatus)
    USART_Init                               0x08000e51   Thumb Code   182  stm32f10x_usart.o(.text.USART_Init)
    USART_SendChar                           0x08000f09   Thumb Code    38  usart.o(.text.USART_SendChar)
    USART_SendData                           0x08000f31   Thumb Code     8  stm32f10x_usart.o(.text.USART_SendData)
    USART_SendString                         0x08000f39   Thumb Code    58  usart.o(.text.USART_SendString)
    Write_MFRC522                            0x08000f75   Thumb Code   130  rfid_rc522.o(.text.Write_MFRC522)
    disk_initialize                          0x080017f9   Thumb Code    36  diskio.o(.text.disk_initialize)
    disk_ioctl                               0x0800181d   Thumb Code    22  diskio.o(.text.disk_ioctl)
    disk_read                                0x08001835   Thumb Code    32  diskio.o(.text.disk_read)
    disk_status                              0x08001855   Thumb Code    22  diskio.o(.text.disk_status)
    disk_write                               0x0800186d   Thumb Code    32  diskio.o(.text.disk_write)
    f_close                                  0x0800188d   Thumb Code   142  ff.o(.text.f_close)
    f_lseek                                  0x0800191d   Thumb Code   812  ff.o(.text.f_lseek)
    f_mount                                  0x08001c49   Thumb Code   176  ff.o(.text.f_mount)
    f_open                                   0x08001cf9   Thumb Code   884  ff.o(.text.f_open)
    f_read                                   0x0800206d   Thumb Code   582  ff.o(.text.f_read)
    f_sync                                   0x080022b5   Thumb Code   188  ff.o(.text.f_sync)
    ff_convert                               0x08002371   Thumb Code    74  ccsbcs.o(.text.ff_convert)
    ff_wtoupper                              0x080023bd   Thumb Code    44  ccsbcs.o(.text.ff_wtoupper)
    get_fat                                  0x08002a4d   Thumb Code   238  ff.o(.text.get_fat)
    get_fattime                              0x08002b3d   Thumb Code     4  diskio.o(.text.get_fattime)
    main                                     0x08002b41   Thumb Code   628  main.o(.text.main)
    put_fat                                  0x08002ee1   Thumb Code   286  ff.o(.text.put_fat)
    set_pwm                                  0x08003001   Thumb Code    10  tim.o(.text.set_pwm)
    _is_digit                                0x08003141   Thumb Code    14  __printf_wp.o(i._is_digit)
    Region$$Table$$Base                      0x080036f8   Number         0  anon$$obj.o(Region$$Table)
    Region$$Table$$Limit                     0x08003708   Number         0  anon$$obj.o(Region$$Table)
    __libspace_start                         0x20000000   Data          96  libspace.o(.bss)
    FatFs                                    0x20000060   Data        4144  main.o(.bss.FatFs)
    __temporary_stack_top$libspace           0x20000060   Data           0  libspace.o(.bss)
    Key_Cards                                0x200010ae   Data          25  main.o(.bss.Key_Cards)
    check                                    0x200012c8   Data           1  main.o(.bss.check)
    check2                                   0x200012c9   Data           1  main.o(.bss.check2)
    disk                                     0x200012cc   Data          12  ff_gen_drv.o(.bss.disk)
    fil                                      0x200012d8   Data        4140  main.o(.bss.fil)
    fr                                       0x20002304   Data           1  main.o(.bss.fr)
    myString                                 0x20002305   Data         100  main.o(.bss.myString)
    serNum                                   0x20002369   Data           5  main.o(.bss.serNum)
    status                                   0x2000236e   Data           1  main.o(.bss.status)
    str                                      0x20002370   Data          16  main.o(.bss.str)



==============================================================================

Memory Map of the image

  Image Entry point : 0x080000ed

  Load Region LR_IROM1 (Base: 0x08000000, Size: 0x00003708, Max: 0x00010000, ABSOLUTE)

    Execution Region ER_IROM1 (Exec base: 0x08000000, Load base: 0x08000000, Size: 0x00003708, Max: 0x00010000, ABSOLUTE)

    Exec Addr    Load Addr    Size         Type   Attr      Idx    E Section Name        Object

    0x08000000   0x08000000   0x000000ec   Data   RO          781    RESET               startup_stm32f10x_md.o
    0x080000ec   0x080000ec   0x00000008   Code   RO          866  * !!!main             c_w.l(__main.o)
    0x080000f4   0x080000f4   0x00000034   Code   RO         1042    !!!scatter          c_w.l(__scatter.o)
    0x08000128   0x08000128   0x0000001c   Code   RO         1044    !!handler_zi        c_w.l(__scatter_zi.o)
    0x08000144   0x08000144   0x00000000   Code   RO          857    .ARM.Collect$$_printf_percent$$00000000  c_w.l(_printf_percent.o)
    0x08000144   0x08000144   0x00000006   Code   RO          856    .ARM.Collect$$_printf_percent$$00000009  c_w.l(_printf_d.o)
    0x0800014a   0x0800014a   0x00000006   Code   RO          855    .ARM.Collect$$_printf_percent$$0000000C  c_w.l(_printf_x.o)
    0x08000150   0x08000150   0x00000004   Code   RO          875    .ARM.Collect$$_printf_percent$$00000017  c_w.l(_printf_percent_end.o)
    0x08000154   0x08000154   0x00000002   Code   RO          904    .ARM.Collect$$libinit$$00000000  c_w.l(libinit.o)
    0x08000156   0x08000156   0x00000000   Code   RO          911    .ARM.Collect$$libinit$$00000002  c_w.l(libinit2.o)
    0x08000156   0x08000156   0x00000000   Code   RO          913    .ARM.Collect$$libinit$$00000004  c_w.l(libinit2.o)
    0x08000156   0x08000156   0x00000000   Code   RO          915    .ARM.Collect$$libinit$$00000006  c_w.l(libinit2.o)
    0x08000156   0x08000156   0x00000000   Code   RO          918    .ARM.Collect$$libinit$$0000000C  c_w.l(libinit2.o)
    0x08000156   0x08000156   0x00000000   Code   RO          920    .ARM.Collect$$libinit$$0000000E  c_w.l(libinit2.o)
    0x08000156   0x08000156   0x00000000   Code   RO          922    .ARM.Collect$$libinit$$00000010  c_w.l(libinit2.o)
    0x08000156   0x08000156   0x00000000   Code   RO          925    .ARM.Collect$$libinit$$00000013  c_w.l(libinit2.o)
    0x08000156   0x08000156   0x00000000   Code   RO          927    .ARM.Collect$$libinit$$00000015  c_w.l(libinit2.o)
    0x08000156   0x08000156   0x00000000   Code   RO          929    .ARM.Collect$$libinit$$00000017  c_w.l(libinit2.o)
    0x08000156   0x08000156   0x00000000   Code   RO          931    .ARM.Collect$$libinit$$00000019  c_w.l(libinit2.o)
    0x08000156   0x08000156   0x00000000   Code   RO          933    .ARM.Collect$$libinit$$0000001B  c_w.l(libinit2.o)
    0x08000156   0x08000156   0x00000000   Code   RO          935    .ARM.Collect$$libinit$$0000001D  c_w.l(libinit2.o)
    0x08000156   0x08000156   0x00000000   Code   RO          937    .ARM.Collect$$libinit$$0000001F  c_w.l(libinit2.o)
    0x08000156   0x08000156   0x00000000   Code   RO          939    .ARM.Collect$$libinit$$00000021  c_w.l(libinit2.o)
    0x08000156   0x08000156   0x00000000   Code   RO          941    .ARM.Collect$$libinit$$00000023  c_w.l(libinit2.o)
    0x08000156   0x08000156   0x00000000   Code   RO          943    .ARM.Collect$$libinit$$00000025  c_w.l(libinit2.o)
    0x08000156   0x08000156   0x00000000   Code   RO          945    .ARM.Collect$$libinit$$00000027  c_w.l(libinit2.o)
    0x08000156   0x08000156   0x00000000   Code   RO          949    .ARM.Collect$$libinit$$0000002E  c_w.l(libinit2.o)
    0x08000156   0x08000156   0x00000000   Code   RO          951    .ARM.Collect$$libinit$$00000030  c_w.l(libinit2.o)
    0x08000156   0x08000156   0x00000000   Code   RO          953    .ARM.Collect$$libinit$$00000032  c_w.l(libinit2.o)
    0x08000156   0x08000156   0x00000000   Code   RO          955    .ARM.Collect$$libinit$$00000034  c_w.l(libinit2.o)
    0x08000156   0x08000156   0x00000002   Code   RO          956    .ARM.Collect$$libinit$$00000035  c_w.l(libinit2.o)
    0x08000158   0x08000158   0x00000002   Code   RO          978    .ARM.Collect$$libshutdown$$00000000  c_w.l(libshutdown.o)
    0x0800015a   0x0800015a   0x00000000   Code   RO          993    .ARM.Collect$$libshutdown$$00000002  c_w.l(libshutdown2.o)
    0x0800015a   0x0800015a   0x00000000   Code   RO          995    .ARM.Collect$$libshutdown$$00000004  c_w.l(libshutdown2.o)
    0x0800015a   0x0800015a   0x00000000   Code   RO          998    .ARM.Collect$$libshutdown$$00000007  c_w.l(libshutdown2.o)
    0x0800015a   0x0800015a   0x00000000   Code   RO         1001    .ARM.Collect$$libshutdown$$0000000A  c_w.l(libshutdown2.o)
    0x0800015a   0x0800015a   0x00000000   Code   RO         1003    .ARM.Collect$$libshutdown$$0000000C  c_w.l(libshutdown2.o)
    0x0800015a   0x0800015a   0x00000000   Code   RO         1006    .ARM.Collect$$libshutdown$$0000000F  c_w.l(libshutdown2.o)
    0x0800015a   0x0800015a   0x00000002   Code   RO         1007    .ARM.Collect$$libshutdown$$00000010  c_w.l(libshutdown2.o)
    0x0800015c   0x0800015c   0x00000000   Code   RO          868    .ARM.Collect$$rtentry$$00000000  c_w.l(__rtentry.o)
    0x0800015c   0x0800015c   0x00000000   Code   RO          879    .ARM.Collect$$rtentry$$00000002  c_w.l(__rtentry2.o)
    0x0800015c   0x0800015c   0x00000006   Code   RO          891    .ARM.Collect$$rtentry$$00000004  c_w.l(__rtentry4.o)
    0x08000162   0x08000162   0x00000000   Code   RO          881    .ARM.Collect$$rtentry$$00000009  c_w.l(__rtentry2.o)
    0x08000162   0x08000162   0x00000004   Code   RO          882    .ARM.Collect$$rtentry$$0000000A  c_w.l(__rtentry2.o)
    0x08000166   0x08000166   0x00000000   Code   RO          884    .ARM.Collect$$rtentry$$0000000C  c_w.l(__rtentry2.o)
    0x08000166   0x08000166   0x00000008   Code   RO          885    .ARM.Collect$$rtentry$$0000000D  c_w.l(__rtentry2.o)
    0x0800016e   0x0800016e   0x00000002   Code   RO          908    .ARM.Collect$$rtexit$$00000000  c_w.l(rtexit.o)
    0x08000170   0x08000170   0x00000000   Code   RO          958    .ARM.Collect$$rtexit$$00000002  c_w.l(rtexit2.o)
    0x08000170   0x08000170   0x00000004   Code   RO          959    .ARM.Collect$$rtexit$$00000003  c_w.l(rtexit2.o)
    0x08000174   0x08000174   0x00000006   Code   RO          960    .ARM.Collect$$rtexit$$00000004  c_w.l(rtexit2.o)
    0x0800017a   0x0800017a   0x00000002   PAD
    0x0800017c   0x0800017c   0x00000040   Code   RO          782    .text               startup_stm32f10x_md.o
    0x080001bc   0x080001bc   0x00000028   Code   RO          806    .text               c_w.l(noretval__2sprintf.o)
    0x080001e4   0x080001e4   0x0000004e   Code   RO          810    .text               c_w.l(_printf_pad.o)
    0x08000232   0x08000232   0x00000002   PAD
    0x08000234   0x08000234   0x00000078   Code   RO          812    .text               c_w.l(_printf_dec.o)
    0x080002ac   0x080002ac   0x00000058   Code   RO          817    .text               c_w.l(_printf_hex_int.o)
    0x08000304   0x08000304   0x00000138   Code   RO          847    .text               c_w.l(__printf_flags_wp.o)
    0x0800043c   0x0800043c   0x00000044   Code   RO          862    .text               c_w.l(rt_memclr.o)
    0x08000480   0x08000480   0x00000006   Code   RO          864    .text               c_w.l(heapauxi.o)
    0x08000486   0x08000486   0x000000b2   Code   RO          869    .text               c_w.l(_printf_intcommon.o)
    0x08000538   0x08000538   0x00000030   Code   RO          871    .text               c_w.l(_printf_char_common.o)
    0x08000568   0x08000568   0x0000000a   Code   RO          873    .text               c_w.l(_sputc.o)
    0x08000572   0x08000572   0x0000004e   Code   RO          876    .text               c_w.l(rt_memclr_w.o)
    0x080005c0   0x080005c0   0x0000004a   Code   RO          895    .text               c_w.l(sys_stackheap_outer.o)
    0x0800060a   0x0800060a   0x00000012   Code   RO          897    .text               c_w.l(exit.o)
    0x0800061c   0x0800061c   0x00000008   Code   RO          905    .text               c_w.l(libspace.o)
    0x08000624   0x08000624   0x0000000c   Code   RO          968    .text               c_w.l(sys_exit.o)
    0x08000630   0x08000630   0x00000002   Code   RO          983    .text               c_w.l(use_no_semi.o)
    0x08000632   0x08000632   0x00000000   Code   RO          985    .text               c_w.l(indicate_semi.o)
    0x08000632   0x08000632   0x00000002   PAD
    0x08000634   0x08000634   0x00000028   Code   RO           66    .text.Delay_ms      tim.o
    0x0800065c   0x0800065c   0x000000c0   Code   RO          363    .text.GPIO_Init     stm32f10x_gpio.o
    0x0800071c   0x0800071c   0x00000004   Code   RO          377    .text.GPIO_ResetBits  stm32f10x_gpio.o
    0x08000720   0x08000720   0x00000004   Code   RO          375    .text.GPIO_SetBits  stm32f10x_gpio.o
    0x08000724   0x08000724   0x0000004e   Code   RO           38    .text.MFRC522_Anticoll  rfid_rc522.o
    0x08000772   0x08000772   0x00000002   PAD
    0x08000774   0x08000774   0x00000054   Code   RO           32    .text.MFRC522_Init  rfid_rc522.o
    0x080007c8   0x080007c8   0x00000038   Code   RO           36    .text.MFRC522_Request  rfid_rc522.o
    0x08000800   0x08000800   0x00000016   Code   RO           52    .text.MFRC522_StopCrypto1  rfid_rc522.o
    0x08000816   0x08000816   0x00000002   PAD
    0x08000818   0x08000818   0x00000138   Code   RO           34    .text.MFRC522_ToCard  rfid_rc522.o
    0x08000950   0x08000950   0x00000018   Code   RO          450    .text.RCC_APB1PeriphClockCmd  stm32f10x_rcc.o
    0x08000968   0x08000968   0x00000018   Code   RO          448    .text.RCC_APB2PeriphClockCmd  stm32f10x_rcc.o
    0x08000980   0x08000980   0x000000a0   Code   RO          444    .text.RCC_GetClocksFreq  stm32f10x_rcc.o
    0x08000a20   0x08000a20   0x0000007e   Code   RO           20    .text.Read_MFRC522  rfid_rc522.o
    0x08000a9e   0x08000a9e   0x00000002   PAD
    0x08000aa0   0x08000aa0   0x000000a4   Code   RO            2    .text.SPIRC552_Config  spi.o
    0x08000b44   0x08000b44   0x00000014   Code   RO          488    .text.SPI_Cmd       stm32f10x_spi.o
    0x08000b58   0x08000b58   0x0000000a   Code   RO          516    .text.SPI_I2S_GetFlagStatus  stm32f10x_spi.o
    0x08000b62   0x08000b62   0x00000002   PAD
    0x08000b64   0x08000b64   0x00000004   Code   RO          498    .text.SPI_I2S_ReceiveData  stm32f10x_spi.o
    0x08000b68   0x08000b68   0x00000004   Code   RO          496    .text.SPI_I2S_SendData  stm32f10x_spi.o
    0x08000b6c   0x08000b6c   0x00000046   Code   RO          480    .text.SPI_Init      stm32f10x_spi.o
    0x08000bb2   0x08000bb2   0x00000002   PAD
    0x08000bb4   0x08000bb4   0x00000010   Code   RO          484    .text.SPI_StructInit  stm32f10x_spi.o
    0x08000bc4   0x08000bc4   0x00000110   Code   RO          789    .text.SystemInit    system_stm32f10x.o
    0x08000cd4   0x08000cd4   0x00000034   Code   RO           62    .text.TIMDelay_Config  tim.o
    0x08000d08   0x08000d08   0x00000012   Code   RO          566    .text.TIM_Cmd       stm32f10x_tim.o
    0x08000d1a   0x08000d1a   0x00000002   PAD
    0x08000d1c   0x08000d1c   0x00000004   Code   RO          694    .text.TIM_GetCounter  stm32f10x_tim.o
    0x08000d20   0x08000d20   0x00000004   Code   RO          678    .text.TIM_SetCompare2  stm32f10x_tim.o
    0x08000d24   0x08000d24   0x00000004   Code   RO          672    .text.TIM_SetCounter  stm32f10x_tim.o
    0x08000d28   0x08000d28   0x000000aa   Code   RO          534    .text.TIM_TimeBaseInit  stm32f10x_tim.o
    0x08000dd2   0x08000dd2   0x00000002   PAD
    0x08000dd4   0x08000dd4   0x0000005a   Code   RO           82    .text.UART1_Config  usart.o
    0x08000e2e   0x08000e2e   0x00000002   PAD
    0x08000e30   0x08000e30   0x00000014   Code   RO          724    .text.USART_Cmd     stm32f10x_usart.o
    0x08000e44   0x08000e44   0x0000000a   Code   RO          764    .text.USART_GetFlagStatus  stm32f10x_usart.o
    0x08000e4e   0x08000e4e   0x00000002   PAD
    0x08000e50   0x08000e50   0x000000b6   Code   RO          716    .text.USART_Init    stm32f10x_usart.o
    0x08000f06   0x08000f06   0x00000002   PAD
    0x08000f08   0x08000f08   0x00000026   Code   RO           84    .text.USART_SendChar  usart.o
    0x08000f2e   0x08000f2e   0x00000002   PAD
    0x08000f30   0x08000f30   0x00000008   Code   RO          740    .text.USART_SendData  stm32f10x_usart.o
    0x08000f38   0x08000f38   0x0000003a   Code   RO           86    .text.USART_SendString  usart.o
    0x08000f72   0x08000f72   0x00000002   PAD
    0x08000f74   0x08000f74   0x00000082   Code   RO           18    .text.Write_MFRC522  rfid_rc522.o
    0x08000ff6   0x08000ff6   0x00000002   PAD
    0x08000ff8   0x08000ff8   0x00000072   Code   RO          282    .text.check_fs      ff.o
    0x0800106a   0x0800106a   0x00000002   PAD
    0x0800106c   0x0800106c   0x000000de   Code   RO          226    .text.create_chain  ff.o
    0x0800114a   0x0800114a   0x00000002   PAD
    0x0800114c   0x0800114c   0x00000198   Code   RO          284    .text.dir_find      ff.o
    0x080012e4   0x080012e4   0x00000178   Code   RO          248    .text.dir_next      ff.o
    0x0800145c   0x0800145c   0x000002d4   Code   RO          216    .text.dir_register  ff.o
    0x08001730   0x08001730   0x000000c8   Code   RO          238    .text.dir_sdi       ff.o
    0x080017f8   0x080017f8   0x00000024   Code   RO          139    .text.disk_initialize  diskio.o
    0x0800181c   0x0800181c   0x00000016   Code   RO          145    .text.disk_ioctl    diskio.o
    0x08001832   0x08001832   0x00000002   PAD
    0x08001834   0x08001834   0x00000020   Code   RO          141    .text.disk_read     diskio.o
    0x08001854   0x08001854   0x00000016   Code   RO          137    .text.disk_status   diskio.o
    0x0800186a   0x0800186a   0x00000002   PAD
    0x0800186c   0x0800186c   0x00000020   Code   RO          143    .text.disk_write    diskio.o
    0x0800188c   0x0800188c   0x0000008e   Code   RO          232    .text.f_close       ff.o
    0x0800191a   0x0800191a   0x00000002   PAD
    0x0800191c   0x0800191c   0x0000032c   Code   RO          234    .text.f_lseek       ff.o
    0x08001c48   0x08001c48   0x000000b0   Code   RO          208    .text.f_mount       ff.o
    0x08001cf8   0x08001cf8   0x00000374   Code   RO          212    .text.f_open        ff.o
    0x0800206c   0x0800206c   0x00000246   Code   RO          222    .text.f_read        ff.o
    0x080022b2   0x080022b2   0x00000002   PAD
    0x080022b4   0x080022b4   0x000000bc   Code   RO          228    .text.f_sync        ff.o
    0x08002370   0x08002370   0x0000004a   Code   RO          123    .text.ff_convert    ccsbcs.o
    0x080023ba   0x080023ba   0x00000002   PAD
    0x080023bc   0x080023bc   0x0000002c   Code   RO          125    .text.ff_wtoupper   ccsbcs.o
    0x080023e8   0x080023e8   0x00000360   Code   RO          210    .text.find_volume   ff.o
    0x08002748   0x08002748   0x00000304   Code   RO          214    .text.follow_path   ff.o
    0x08002a4c   0x08002a4c   0x000000ee   Code   RO          202    .text.get_fat       ff.o
    0x08002b3a   0x08002b3a   0x00000002   PAD
    0x08002b3c   0x08002b3c   0x00000004   Code   RO          147    .text.get_fattime   diskio.o
    0x08002b40   0x08002b40   0x00000308   Code   RO          100    .text.main          main.o
    0x08002e48   0x08002e48   0x00000096   Code   RO          204    .text.move_window   ff.o
    0x08002ede   0x08002ede   0x00000002   PAD
    0x08002ee0   0x08002ee0   0x0000011e   Code   RO          206    .text.put_fat       ff.o
    0x08002ffe   0x08002ffe   0x00000002   PAD
    0x08003000   0x08003000   0x0000000a   Code   RO           70    .text.set_pwm       tim.o
    0x0800300a   0x0800300a   0x00000002   PAD
    0x0800300c   0x0800300c   0x000000d0   Code   RO          230    .text.sync_fs       ff.o
    0x080030dc   0x080030dc   0x00000064   Code   RO          262    .text.sync_window   ff.o
    0x08003140   0x08003140   0x0000000e   Code   RO          845    i._is_digit         c_w.l(__printf_wp.o)
    0x0800314e   0x0800314e   0x00000028   Data   RO          818    .constdata          c_w.l(_printf_hex_int.o)
    0x08003176   0x08003176   0x00000011   Data   RO          848    .constdata          c_w.l(__printf_flags_wp.o)
    0x08003187   0x08003187   0x00000004   Data   RO          469    .rodata.ADCPrescTable  stm32f10x_rcc.o
    0x0800318b   0x0800318b   0x00000010   Data   RO          468    .rodata.APBAHBPrescTable  stm32f10x_rcc.o
    0x0800319b   0x0800319b   0x00000080   Data   RO          293    .rodata.ExCvt       ff.o
    0x0800321b   0x0800321b   0x0000000d   Data   RO          294    .rodata.LfnOfs      ff.o
    0x08003228   0x08003228   0x00000100   Data   RO          127    .rodata.Tbl         ccsbcs.o
    0x08003328   0x08003328   0x00000010   Data   RO          292    .rodata.str1.1      ff.o
    0x08003338   0x08003338   0x000003c0   Data   RO          128    .rodata.str2.2      ccsbcs.o
    0x080036f8   0x080036f8   0x00000010   Data   RO         1041    Region$$Table       anon$$obj.o


    Execution Region RW_IRAM1 (Exec base: 0x20000000, Load base: 0x08003708, Size: 0x00002980, Max: 0x00005000, ABSOLUTE)

    Exec Addr    Load Addr    Size         Type   Attr      Idx    E Section Name        Object

    0x20000000        -       0x00000060   Zero   RW          906    .bss                c_w.l(libspace.o)
    0x20000060        -       0x00001030   Zero   RW          104    .bss.FatFs          main.o
    0x20001090        -       0x00000004   Zero   RW          286    .bss.FatFs          ff.o
    0x20001094        -       0x00000018   Zero   RW          290    .bss.Files          ff.o
    0x200010ac        -       0x00000002   Zero   RW          291    .bss.Fsid           ff.o
    0x200010ae        -       0x00000019   Zero   RW          107    .bss.Key_Cards      main.o
    0x200010c7   0x08003708   0x00000001   PAD
    0x200010c8        -       0x00000200   Zero   RW          287    .bss.LfnBuf         ff.o
    0x200012c8        -       0x00000001   Zero   RW          112    .bss.check          main.o
    0x200012c9        -       0x00000001   Zero   RW          113    .bss.check2         main.o
    0x200012ca   0x08003708   0x00000002   PAD
    0x200012cc        -       0x0000000c   Zero   RW          313    .bss.disk           ff_gen_drv.o
    0x200012d8        -       0x0000102c   Zero   RW          103    .bss.fil            main.o
    0x20002304        -       0x00000001   Zero   RW          106    .bss.fr             main.o
    0x20002305        -       0x00000064   Zero   RW          110    .bss.myString       main.o
    0x20002369        -       0x00000005   Zero   RW          111    .bss.serNum         main.o
    0x2000236e        -       0x00000001   Zero   RW          109    .bss.status         main.o
    0x2000236f   0x08003708   0x00000001   PAD
    0x20002370        -       0x00000010   Zero   RW          108    .bss.str            main.o
    0x20002380        -       0x00000200   Zero   RW          780    HEAP                startup_stm32f10x_md.o
    0x20002580        -       0x00000400   Zero   RW          779    STACK               startup_stm32f10x_md.o


==============================================================================

Image component sizes


      Code (inc. data)   RO Data    RW Data    ZI Data      Debug   Object Name

       118          0       1216          0          0       1279   ccsbcs.o
       148          0          0          0          0       1820   diskio.o
      7446          0        157          0        542      55876   ff.o
         0          0          0          0         12       3083   ff_gen_drv.o
       776        148          0          0       8434       4313   main.o
       808          0          0          0          0       9181   rfid_rc522.o
       164          0          0          0          0       2783   spi.o
        64         26        236          0       1536        828   startup_stm32f10x_md.o
       200          0          0          0          0       6221   stm32f10x_gpio.o
       208          0         20          0          0       8565   stm32f10x_rcc.o
       124          0          0          0          0       7598   stm32f10x_spi.o
       200          0          0          0          0      29226   stm32f10x_tim.o
       220          0          0          0          0       8831   stm32f10x_usart.o
       272          0          0          0          0       2780   system_stm32f10x.o
       102          0          0          0          0       3909   tim.o
       186          0          0          0          0       2694   usart.o

    ----------------------------------------------------------------------
     11084        174       1645          0      10528     148987   Object Totals
         0          0         16          0          0          0   (incl. Generated)
        48          0          0          0          4          0   (incl. Padding)

    ----------------------------------------------------------------------

      Code (inc. data)   RO Data    RW Data    ZI Data      Debug   Library Member Name

         8          0          0          0          0         68   __main.o
       312          4         17          0          0         92   __printf_flags_wp.o
        14          0          0          0          0         68   __printf_wp.o
         0          0          0          0          0          0   __rtentry.o
        12          0          0          0          0          0   __rtentry2.o
         6          0          0          0          0          0   __rtentry4.o
        52          8          0          0          0          0   __scatter.o
        28          0          0          0          0          0   __scatter_zi.o
        48          6          0          0          0         96   _printf_char_common.o
         6          0          0          0          0          0   _printf_d.o
       120         16          0          0          0         92   _printf_dec.o
        88          4         40          0          0         88   _printf_hex_int.o
       178          0          0          0          0         88   _printf_intcommon.o
        78          0          0          0          0        108   _printf_pad.o
         0          0          0          0          0          0   _printf_percent.o
         4          0          0          0          0          0   _printf_percent_end.o
         6          0          0          0          0          0   _printf_x.o
        10          0          0          0          0         68   _sputc.o
        18          0          0          0          0         80   exit.o
         6          0          0          0          0        152   heapauxi.o
         0          0          0          0          0          0   indicate_semi.o
         2          0          0          0          0          0   libinit.o
         2          0          0          0          0          0   libinit2.o
         2          0          0          0          0          0   libshutdown.o
         2          0          0          0          0          0   libshutdown2.o
         8          4          0          0         96         68   libspace.o
        40          6          0          0          0         84   noretval__2sprintf.o
        68          0          0          0          0         68   rt_memclr.o
        78          0          0          0          0         80   rt_memclr_w.o
         2          0          0          0          0          0   rtexit.o
        10          0          0          0          0          0   rtexit2.o
        12          4          0          0          0         68   sys_exit.o
        74          0          0          0          0         80   sys_stackheap_outer.o
         2          0          0          0          0         68   use_no_semi.o

    ----------------------------------------------------------------------
      1302         52         57          0         96       1516   Library Totals
         6          0          0          0          0          0   (incl. Padding)

    ----------------------------------------------------------------------

      Code (inc. data)   RO Data    RW Data    ZI Data      Debug   Library Name

      1296         52         57          0         96       1516   c_w.l

    ----------------------------------------------------------------------
      1302         52         57          0         96       1516   Library Totals

    ----------------------------------------------------------------------

==============================================================================


      Code (inc. data)   RO Data    RW Data    ZI Data      Debug   

     12386        226       1702          0      10624     149495   Grand Totals
     12386        226       1702          0      10624     149495   ELF Image Totals
     12386        226       1702          0          0          0   ROM Totals

==============================================================================

    Total RO  Size (Code + RO Data)                14088 (  13.76kB)
    Total RW  Size (RW Data + ZI Data)             10624 (  10.38kB)
    Total ROM Size (Code + RO Data + RW Data)      14088 (  13.76kB)

==============================================================================

