Component: ARM Compiler 5.06 update 6 (build 750) Tool: armlink [4d35ed]

==============================================================================

Section Cross References

    spi.o(i.My_SPI_Exchange) refers to stm32f10x_spi.o(i.SPI_I2S_SendData) for SPI_I2S_SendData
    spi.o(i.My_SPI_Exchange) refers to stm32f10x_spi.o(i.SPI_I2S_GetFlagStatus) for SPI_I2S_GetFlagStatus
    spi.o(i.My_SPI_Exchange) refers to stm32f10x_spi.o(i.SPI_I2S_ReceiveData) for SPI_I2S_ReceiveData
    spi.o(i.SPIRC552_Config) refers to stm32f10x_rcc.o(i.RCC_APB2PeriphClockCmd) for RCC_APB2PeriphClockCmd
    spi.o(i.SPIRC552_Config) refers to stm32f10x_rcc.o(i.RCC_APB1PeriphClockCmd) for RCC_APB1PeriphClockCmd
    spi.o(i.SPIRC552_Config) refers to stm32f10x_gpio.o(i.GPIO_Init) for GPIO_Init
    spi.o(i.SPIRC552_Config) refers to stm32f10x_gpio.o(i.GPIO_SetBits) for GPIO_SetBits
    spi.o(i.SPIRC552_Config) refers to stm32f10x_spi.o(i.SPI_StructInit) for SPI_StructInit
    spi.o(i.SPIRC552_Config) refers to stm32f10x_spi.o(i.SPI_Init) for SPI_Init
    spi.o(i.SPIRC552_Config) refers to stm32f10x_spi.o(i.SPI_Cmd) for SPI_Cmd
    spi.o(i.SPISD_Config) refers to stm32f10x_rcc.o(i.RCC_APB2PeriphClockCmd) for RCC_APB2PeriphClockCmd
    spi.o(i.SPISD_Config) refers to stm32f10x_gpio.o(i.GPIO_Init) for GPIO_Init
    spi.o(i.SPISD_Config) refers to stm32f10x_gpio.o(i.GPIO_SetBits) for GPIO_SetBits
    spi.o(i.SPISD_Config) refers to stm32f10x_spi.o(i.SPI_StructInit) for SPI_StructInit
    spi.o(i.SPISD_Config) refers to stm32f10x_spi.o(i.SPI_Init) for SPI_Init
    spi.o(i.SPISD_Config) refers to stm32f10x_spi.o(i.SPI_Cmd) for SPI_Cmd
    rfid_rc522.o(i.AntennaOff) refers to rfid_rc522.o(i.ClearBitMask) for ClearBitMask
    rfid_rc522.o(i.AntennaOn) refers to rfid_rc522.o(i.Read_MFRC522) for Read_MFRC522
    rfid_rc522.o(i.AntennaOn) refers to rfid_rc522.o(i.SetBitMask) for SetBitMask
    rfid_rc522.o(i.CalulateCRC) refers to rfid_rc522.o(i.ClearBitMask) for ClearBitMask
    rfid_rc522.o(i.CalulateCRC) refers to rfid_rc522.o(i.SetBitMask) for SetBitMask
    rfid_rc522.o(i.CalulateCRC) refers to rfid_rc522.o(i.Write_MFRC522) for Write_MFRC522
    rfid_rc522.o(i.CalulateCRC) refers to rfid_rc522.o(i.Read_MFRC522) for Read_MFRC522
    rfid_rc522.o(i.ClearBitMask) refers to rfid_rc522.o(i.Read_MFRC522) for Read_MFRC522
    rfid_rc522.o(i.ClearBitMask) refers to rfid_rc522.o(i.Write_MFRC522) for Write_MFRC522
    rfid_rc522.o(i.MFRC522_Anticoll) refers to rfid_rc522.o(i.Write_MFRC522) for Write_MFRC522
    rfid_rc522.o(i.MFRC522_Anticoll) refers to rfid_rc522.o(i.MFRC522_ToCard) for MFRC522_ToCard
    rfid_rc522.o(i.MFRC522_Auth) refers to rfid_rc522.o(i.MFRC522_ToCard) for MFRC522_ToCard
    rfid_rc522.o(i.MFRC522_Auth) refers to rfid_rc522.o(i.Read_MFRC522) for Read_MFRC522
    rfid_rc522.o(i.MFRC522_Halt) refers to rfid_rc522.o(i.CalulateCRC) for CalulateCRC
    rfid_rc522.o(i.MFRC522_Halt) refers to rfid_rc522.o(i.MFRC522_ToCard) for MFRC522_ToCard
    rfid_rc522.o(i.MFRC522_Init) refers to rfid_rc522.o(i.MFRC522_Reset) for MFRC522_Reset
    rfid_rc522.o(i.MFRC522_Init) refers to rfid_rc522.o(i.Write_MFRC522) for Write_MFRC522
    rfid_rc522.o(i.MFRC522_Init) refers to rfid_rc522.o(i.AntennaOn) for AntennaOn
    rfid_rc522.o(i.MFRC522_Read) refers to rfid_rc522.o(i.CalulateCRC) for CalulateCRC
    rfid_rc522.o(i.MFRC522_Read) refers to rfid_rc522.o(i.MFRC522_ToCard) for MFRC522_ToCard
    rfid_rc522.o(i.MFRC522_Request) refers to rfid_rc522.o(i.Write_MFRC522) for Write_MFRC522
    rfid_rc522.o(i.MFRC522_Request) refers to rfid_rc522.o(i.MFRC522_ToCard) for MFRC522_ToCard
    rfid_rc522.o(i.MFRC522_Reset) refers to rfid_rc522.o(i.Write_MFRC522) for Write_MFRC522
    rfid_rc522.o(i.MFRC522_SelectTag) refers to rfid_rc522.o(i.CalulateCRC) for CalulateCRC
    rfid_rc522.o(i.MFRC522_SelectTag) refers to rfid_rc522.o(i.MFRC522_ToCard) for MFRC522_ToCard
    rfid_rc522.o(i.MFRC522_StopCrypto1) refers to rfid_rc522.o(i.ClearBitMask) for ClearBitMask
    rfid_rc522.o(i.MFRC522_ToCard) refers to rfid_rc522.o(i.Write_MFRC522) for Write_MFRC522
    rfid_rc522.o(i.MFRC522_ToCard) refers to rfid_rc522.o(i.ClearBitMask) for ClearBitMask
    rfid_rc522.o(i.MFRC522_ToCard) refers to rfid_rc522.o(i.SetBitMask) for SetBitMask
    rfid_rc522.o(i.MFRC522_ToCard) refers to rfid_rc522.o(i.Read_MFRC522) for Read_MFRC522
    rfid_rc522.o(i.MFRC522_Write) refers to rfid_rc522.o(i.CalulateCRC) for CalulateCRC
    rfid_rc522.o(i.MFRC522_Write) refers to rfid_rc522.o(i.MFRC522_ToCard) for MFRC522_ToCard
    rfid_rc522.o(i.RC522_SPI_Transfer) refers to stm32f10x_spi.o(i.SPI_I2S_GetFlagStatus) for SPI_I2S_GetFlagStatus
    rfid_rc522.o(i.RC522_SPI_Transfer) refers to stm32f10x_spi.o(i.SPI_I2S_SendData) for SPI_I2S_SendData
    rfid_rc522.o(i.RC522_SPI_Transfer) refers to stm32f10x_spi.o(i.SPI_I2S_ReceiveData) for SPI_I2S_ReceiveData
    rfid_rc522.o(i.Read_MFRC522) refers to stm32f10x_gpio.o(i.GPIO_ResetBits) for GPIO_ResetBits
[...]
    Removing stm32f10x_tim.o(i.TIM_ClearOC4Ref), (24 bytes).
    Removing stm32f10x_tim.o(i.TIM_CounterModeConfig), (18 bytes).
    Removing stm32f10x_tim.o(i.TIM_CtrlPWMOutputs), (30 bytes).
    Removing stm32f10x_tim.o(i.TIM_DMACmd), (18 bytes).
    Removing stm32f10x_tim.o(i.TIM_DMAConfig), (10 bytes).
    Removing stm32f10x_tim.o(i.TIM_DeInit), (488 bytes).
    Removing stm32f10x_tim.o(i.TIM_ETRClockMode1Config), (54 bytes).
    Removing stm32f10x_tim.o(i.TIM_ETRClockMode2Config), (32 bytes).
    Removing stm32f10x_tim.o(i.TIM_ETRConfig), (28 bytes).
    Removing stm32f10x_tim.o(i.TIM_EncoderInterfaceConfig), (66 bytes).
    Removing stm32f10x_tim.o(i.TIM_ForcedOC1Config), (18 bytes).
    Removing stm32f10x_tim.o(i.TIM_ForcedOC2Config), (26 bytes).
    Removing stm32f10x_tim.o(i.TIM_ForcedOC3Config), (18 bytes).
    Removing stm32f10x_tim.o(i.TIM_ForcedOC4Config), (26 bytes).
    Removing stm32f10x_tim.o(i.TIM_GenerateEvent), (4 bytes).
    Removing stm32f10x_tim.o(i.TIM_GetCapture1), (6 bytes).
    Removing stm32f10x_tim.o(i.TIM_GetCapture2), (6 bytes).
    Removing stm32f10x_tim.o(i.TIM_GetCapture3), (6 bytes).
    Removing stm32f10x_tim.o(i.TIM_GetCapture4), (8 bytes).
    Removing stm32f10x_tim.o(i.TIM_GetFlagStatus), (18 bytes).
    Removing stm32f10x_tim.o(i.TIM_GetITStatus), (34 bytes).
    Removing stm32f10x_tim.o(i.TIM_GetPrescaler), (6 bytes).
    Removing stm32f10x_tim.o(i.TIM_ICInit), (172 bytes).
    Removing stm32f10x_tim.o(i.TIM_ICStructInit), (18 bytes).
    Removing stm32f10x_tim.o(i.TIM_ITConfig), (18 bytes).
    Removing stm32f10x_tim.o(i.TIM_ITRxExternalClockConfig), (24 bytes).
    Removing stm32f10x_tim.o(i.TIM_InternalClockConfig), (12 bytes).
    Removing stm32f10x_tim.o(i.TIM_OC1FastConfig), (18 bytes).
    Removing stm32f10x_tim.o(i.TIM_OC1Init), (152 bytes).
    Removing stm32f10x_tim.o(i.TIM_OC1NPolarityConfig), (18 bytes).
    Removing stm32f10x_tim.o(i.TIM_OC1PolarityConfig), (18 bytes).
    Removing stm32f10x_tim.o(i.TIM_OC1PreloadConfig), (18 bytes).
    Removing stm32f10x_tim.o(i.TIM_OC2FastConfig), (26 bytes).
    Removing stm32f10x_tim.o(i.TIM_OC2Init), (164 bytes).
    Removing stm32f10x_tim.o(i.TIM_OC2NPolarityConfig), (26 bytes).
    Removing stm32f10x_tim.o(i.TIM_OC2PolarityConfig), (26 bytes).
    Removing stm32f10x_tim.o(i.TIM_OC2PreloadConfig), (26 bytes).
    Removing stm32f10x_tim.o(i.TIM_OC3FastConfig), (18 bytes).
    Removing stm32f10x_tim.o(i.TIM_OC3Init), (160 bytes).
    Removing stm32f10x_tim.o(i.TIM_OC3NPolarityConfig), (26 bytes).
    Removing stm32f10x_tim.o(i.TIM_OC3PolarityConfig), (26 bytes).
    Removing stm32f10x_tim.o(i.TIM_OC3PreloadConfig), (18 bytes).
    Removing stm32f10x_tim.o(i.TIM_OC4FastConfig), (26 bytes).
    Removing stm32f10x_tim.o(i.TIM_OC4Init), (124 bytes).
    Removing stm32f10x_tim.o(i.TIM_OC4PolarityConfig), (26 bytes).
    Removing stm32f10x_tim.o(i.TIM_OC4PreloadConfig), (26 bytes).
    Removing stm32f10x_tim.o(i.TIM_OCStructInit), (20 bytes).
    Removing stm32f10x_tim.o(i.TIM_PWMIConfig), (124 bytes).
    Removing stm32f10x_tim.o(i.TIM_PrescalerConfig), (6 bytes).
    Removing stm32f10x_tim.o(i.TIM_SelectCCDMA), (24 bytes).
    Removing stm32f10x_tim.o(i.TIM_SelectCOM), (24 bytes).
    Removing stm32f10x_tim.o(i.TIM_SelectHallSensor), (24 bytes).
    Removing stm32f10x_tim.o(i.TIM_SelectInputTrigger), (18 bytes).
    Removing stm32f10x_tim.o(i.TIM_SelectMasterSlaveMode), (18 bytes).
    Removing stm32f10x_tim.o(i.TIM_SelectOCxM), (82 bytes).
    Removing stm32f10x_tim.o(i.TIM_SelectOnePulseMode), (18 bytes).
    Removing stm32f10x_tim.o(i.TIM_SelectOutputTrigger), (18 bytes).
    Removing stm32f10x_tim.o(i.TIM_SelectSlaveMode), (18 bytes).
    Removing stm32f10x_tim.o(i.TIM_SetAutoreload), (4 bytes).
    Removing stm32f10x_tim.o(i.TIM_SetClockDivision), (18 bytes).
    Removing stm32f10x_tim.o(i.TIM_SetCompare1), (4 bytes).
    Removing stm32f10x_tim.o(i.TIM_SetCompare3), (4 bytes).
    Removing stm32f10x_tim.o(i.TIM_SetCompare4), (6 bytes).
    Removing stm32f10x_tim.o(i.TIM_SetIC1Prescaler), (18 bytes).
    Removing stm32f10x_tim.o(i.TIM_SetIC2Prescaler), (26 bytes).
    Removing stm32f10x_tim.o(i.TIM_SetIC3Prescaler), (18 bytes).
    Removing stm32f10x_tim.o(i.TIM_SetIC4Prescaler), (26 bytes).
    Removing stm32f10x_tim.o(i.TIM_TIxExternalClockConfig), (62 bytes).
    Removing stm32f10x_tim.o(i.TIM_TimeBaseStructInit), (18 bytes).
    Removing stm32f10x_tim.o(i.TIM_UpdateDisableConfig), (24 bytes).
    Removing stm32f10x_tim.o(i.TIM_UpdateRequestConfig), (24 bytes).
    Removing stm32f10x_usart.o(.rev16_text), (4 bytes).
    Removing stm32f10x_usart.o(.revsh_text), (4 bytes).
    Removing stm32f10x_usart.o(.rrx_text), (6 bytes).
    Removing stm32f10x_usart.o(i.USART_ClearFlag), (18 bytes).
    Removing stm32f10x_usart.o(i.USART_ClearITPendingBit), (30 bytes).
    Removing stm32f10x_usart.o(i.USART_ClockInit), (34 bytes).
    Removing stm32f10x_usart.o(i.USART_ClockStructInit), (12 bytes).
    Removing stm32f10x_usart.o(i.USART_DMACmd), (18 bytes).
    Removing stm32f10x_usart.o(i.USART_DeInit), (156 bytes).
    Removing stm32f10x_usart.o(i.USART_GetITStatus), (84 bytes).
    Removing stm32f10x_usart.o(i.USART_HalfDuplexCmd), (24 bytes).
    Removing stm32f10x_usart.o(i.USART_ITConfig), (74 bytes).
    Removing stm32f10x_usart.o(i.USART_IrDACmd), (24 bytes).
    Removing stm32f10x_usart.o(i.USART_IrDAConfig), (18 bytes).
    Removing stm32f10x_usart.o(i.USART_LINBreakDetectLengthConfig), (18 bytes).
    Removing stm32f10x_usart.o(i.USART_LINCmd), (24 bytes).
    Removing stm32f10x_usart.o(i.USART_OneBitMethodCmd), (24 bytes).
    Removing stm32f10x_usart.o(i.USART_OverSampling8Cmd), (22 bytes).
    Removing stm32f10x_usart.o(i.USART_ReceiveData), (10 bytes).
    Removing stm32f10x_usart.o(i.USART_ReceiverWakeUpCmd), (24 bytes).
    Removing stm32f10x_usart.o(i.USART_SendBreak), (10 bytes).
    Removing stm32f10x_usart.o(i.USART_SetAddress), (18 bytes).
    Removing stm32f10x_usart.o(i.USART_SetGuardTime), (16 bytes).
    Removing stm32f10x_usart.o(i.USART_SetPrescaler), (16 bytes).
    Removing stm32f10x_usart.o(i.USART_SmartCardCmd), (24 bytes).
    Removing stm32f10x_usart.o(i.USART_SmartCardNACKCmd), (24 bytes).
    Removing stm32f10x_usart.o(i.USART_StructInit), (24 bytes).
    Removing stm32f10x_usart.o(i.USART_WakeUpConfig), (18 bytes).
    Removing system_stm32f10x.o(.rev16_text), (4 bytes).
    Removing system_stm32f10x.o(.revsh_text), (4 bytes).
    Removing system_stm32f10x.o(.rrx_text), (6 bytes).
    Removing system_stm32f10x.o(i.SystemCoreClockUpdate), (164 bytes).
    Removing system_stm32f10x.o(.data), (20 bytes).

306 unused section(s) (total 25008 bytes) removed from the image.

==============================================================================

Image Symbol Table

    Local Symbols

    Symbol Name                              Value     Ov Type        Size  Object(Section)

    ../clib/angel/boardlib.s                 0x00000000   Number         0  boardinit2.o ABSOLUTE
    ../clib/angel/boardlib.s                 0x00000000   Number         0  boardshut.o ABSOLUTE
    ../clib/angel/boardlib.s                 0x00000000   Number         0  boardinit3.o ABSOLUTE
    ../clib/angel/boardlib.s                 0x00000000   Number         0  boardinit1.o ABSOLUTE
    ../clib/angel/handlers.s                 0x00000000   Number         0  __scatter_zi.o ABSOLUTE
    ../clib/angel/handlers.s                 0x00000000   Number         0  __scatter_copy.o ABSOLUTE
    ../clib/angel/kernel.s                   0x00000000   Number         0  __rtentry2.o ABSOLUTE
    ../clib/angel/kernel.s                   0x00000000   Number         0  __rtentry4.o ABSOLUTE
    ../clib/angel/kernel.s                   0x00000000   Number         0  __rtentry.o ABSOLUTE
    ../clib/angel/kernel.s                   0x00000000   Number         0  rtexit.o ABSOLUTE
    ../clib/angel/kernel.s                   0x00000000   Number         0  rtexit2.o ABSOLUTE
    ../clib/angel/rt.s                       0x00000000   Number         0  rt_raise.o ABSOLUTE
    ../clib/angel/scatter.s                  0x00000000   Number         0  __scatter.o ABSOLUTE
    ../clib/angel/startup.s                  0x00000000   Number         0  __main.o ABSOLUTE
    ../clib/angel/sys.s                      0x00000000   Number         0  libspace.o ABSOLUTE
    ../clib/angel/sys.s                      0x00000000   Number         0  sys_stackheap_outer.o ABSOLUTE
    ../clib/angel/sys.s                      0x00000000   Number         0  indicate_semi.o ABSOLUTE
    ../clib/angel/sys.s                      0x00000000   Number         0  use_no_semi.o ABSOLUTE
    ../clib/angel/sysapp.c                   0x00000000   Number         0  sys_exit.o ABSOLUTE
    ../clib/angel/sysapp.c                   0x00000000   Number         0  sys_command.o ABSOLUTE
    ../clib/angel/sysapp.c                   0x00000000   Number         0  sys_wrch.o ABSOLUTE
    ../clib/armsys.c                         0x00000000   Number         0  no_argv.o ABSOLUTE
    ../clib/armsys.c                         0x00000000   Number         0  argv_veneer.o ABSOLUTE
    ../clib/armsys.c                         0x00000000   Number         0  _get_argv_nomalloc.o ABSOLUTE
    ../clib/armsys.c                         0x00000000   Number         0  argv_veneer.o ABSOLUTE
    ../clib/heapalloc.c                      0x00000000   Number         0  hrguard.o ABSOLUTE
    ../clib/heapaux.c                        0x00000000   Number         0  heapauxi.o ABSOLUTE
    ../clib/libinit.s                        0x00000000   Number         0  libshutdown.o ABSOLUTE
    ../clib/libinit.s                        0x00000000   Number         0  libshutdown2.o ABSOLUTE
    ../clib/libinit.s                        0x00000000   Number         0  libinit2.o ABSOLUTE
    ../clib/libinit.s                        0x00000000   Number         0  libinit.o ABSOLUTE
    ../clib/misc.s                           0x00000000   Number         0  printf_stubs.o ABSOLUTE
    ../clib/printf.c                         0x00000000   Number         0  __printf_ss.o ABSOLUTE
    ../clib/printf.c                         0x00000000   Number         0  __printf_flags.o ABSOLUTE
    ../clib/printf.c                         0x00000000   Number         0  _printf_hex_ll.o ABSOLUTE
    ../clib/printf.c                         0x00000000   Number         0  __printf_flags_ss_wp.o ABSOLUTE
    ../clib/printf.c                         0x00000000   Number         0  _printf_hex_int_ll.o ABSOLUTE
    ../clib/printf.c                         0x00000000   Number         0  __printf_flags_wp.o ABSOLUTE
    ../clib/printf.c                         0x00000000   Number         0  _printf_hex_int_ll_ptr.o ABSOLUTE
    ../clib/printf.c                         0x00000000   Number         0  _printf_hex_int.o ABSOLUTE
    ../clib/printf.c                         0x00000000   Number         0  _printf_hex_ll_ptr.o ABSOLUTE
    ../clib/printf.c                         0x00000000   Number         0  _printf_intcommon.o ABSOLUTE
    ../clib/printf.c                         0x00000000   Number         0  _printf_char_common.o ABSOLUTE
    ../clib/printf.c                         0x00000000   Number         0  _sputc.o ABSOLUTE
    ../clib/printf.c                         0x00000000   Number         0  __printf_ss_wp.o ABSOLUTE
    ../clib/printf.c                         0x00000000   Number         0  __2sprintf.o ABSOLUTE
    ../clib/printf.c                         0x00000000   Number         0  noretval__2sprintf.o ABSOLUTE
    ../clib/printf.c                         0x00000000   Number         0  __printf.o ABSOLUTE
    ../clib/printf.c                         0x00000000   Number         0  __printf_wp.o ABSOLUTE
    ../clib/printf.c                         0x00000000   Number         0  _printf_hex_ptr.o ABSOLUTE
    ../clib/printf.c                         0x00000000   Number         0  _printf_pad.o ABSOLUTE
    ../clib/printf.c                         0x00000000   Number         0  _printf_dec.o ABSOLUTE
    ../clib/printf.c                         0x00000000   Number         0  __printf_nopercent.o ABSOLUTE
    ../clib/printf.c                         0x00000000   Number         0  __printf_flags_ss.o ABSOLUTE
    ../clib/printf.c                         0x00000000   Number         0  _printf_hex_int_ptr.o ABSOLUTE
    ../clib/printf_percent.s                 0x00000000   Number         0  _printf_percent_end.o ABSOLUTE
    ../clib/printf_percent.s                 0x00000000   Number         0  _printf_percent.o ABSOLUTE
    ../clib/printf_percent.s                 0x00000000   Number         0  _printf_d.o ABSOLUTE
    ../clib/printf_percent.s                 0x00000000   Number         0  _printf_x.o ABSOLUTE
    ../clib/signal.c                         0x00000000   Number         0  defsig_rtred_inner.o ABSOLUTE
    ../clib/signal.c                         0x00000000   Number         0  defsig_rtmem_outer.o ABSOLUTE
    ../clib/signal.c                         0x00000000   Number         0  defsig_fpe_inner.o ABSOLUTE
    ../clib/signal.c                         0x00000000   Number         0  defsig_rtmem_formal.o ABSOLUTE
    ../clib/signal.c                         0x00000000   Number         0  defsig_exit.o ABSOLUTE
    ../clib/signal.c                         0x00000000   Number         0  defsig_rtmem_inner.o ABSOLUTE
    ../clib/signal.c                         0x00000000   Number         0  __raise.o ABSOLUTE
    ../clib/signal.c                         0x00000000   Number         0  defsig_general.o ABSOLUTE
    ../clib/signal.c                         0x00000000   Number         0  defsig_other.o ABSOLUTE
    ../clib/signal.c                         0x00000000   Number         0  defsig_segv_inner.o ABSOLUTE
    ../clib/signal.c                         0x00000000   Number         0  defsig_cppl_inner.o ABSOLUTE
    ../clib/signal.c                         0x00000000   Number         0  defsig_pvfn_inner.o ABSOLUTE
    ../clib/signal.c                         0x00000000   Number         0  defsig_stak_inner.o ABSOLUTE
    ../clib/signal.c                         0x00000000   Number         0  defsig_abrt_inner.o ABSOLUTE
    ../clib/signal.s                         0x00000000   Number         0  defsig.o ABSOLUTE
    ../clib/stdlib.c                         0x00000000   Number         0  exit.o ABSOLUTE
    ../fplib/fpinit.s                        0x00000000   Number         0  fpinit.o ABSOLUTE
    C:\Users\HP\AppData\Local\Arm\Packs\Keil\STM32F1xx_DFP\2.4.1\Device\StdPeriph_Driver\src\misc.c 0x00000000   Number         0  misc.o ABSOLUTE
    C:\Users\HP\AppData\Local\Arm\Packs\Keil\STM32F1xx_DFP\2.4.1\Device\StdPeriph_Driver\src\stm32f10x_gpio.c 0x00000000   Number         0  stm32f10x_gpio.o ABSOLUTE
    C:\Users\HP\AppData\Local\Arm\Packs\Keil\STM32F1xx_DFP\2.4.1\Device\StdPeriph_Driver\src\stm32f10x_rcc.c 0x00000000   Number         0  stm32f10x_rcc.o ABSOLUTE
    C:\Users\HP\AppData\Local\Arm\Packs\Keil\STM32F1xx_DFP\2.4.1\Device\StdPeriph_Driver\src\stm32f10x_spi.c 0x00000000   Number         0  stm32f10x_spi.o ABSOLUTE
    C:\Users\HP\AppData\Local\Arm\Packs\Keil\STM32F1xx_DFP\2.4.1\Device\StdPeriph_Driver\src\stm32f10x_tim.c 0x00000000   Number         0  stm32f10x_tim.o ABSOLUTE
    C:\Users\HP\AppData\Local\Arm\Packs\Keil\STM32F1xx_DFP\2.4.1\Device\StdPeriph_Driver\src\stm32f10x_usart.c 0x00000000   Number         0  stm32f10x_usart.o ABSOLUTE
    C:\\Users\\HP\\AppData\\Local\\Arm\\Packs\\Keil\\STM32F1xx_DFP\\2.4.1\\Device\\StdPeriph_Driver\\src\\misc.c 0x00000000   Number         0  misc.o ABSOLUTE
    C:\\Users\\HP\\AppData\\Local\\Arm\\Packs\\Keil\\STM32F1xx_DFP\\2.4.1\\Device\\StdPeriph_Driver\\src\\stm32f10x_gpio.c 0x00000000   Number         0  stm32f10x_gpio.o ABSOLUTE
    C:\\Users\\HP\\AppData\\Local\\Arm\\Packs\\Keil\\STM32F1xx_DFP\\2.4.1\\Device\\StdPeriph_Driver\\src\\stm32f10x_rcc.c 0x00000000   Number         0  stm32f10x_rcc.o ABSOLUTE
    C:\\Users\\HP\\AppData\\Local\\Arm\\Packs\\Keil\\STM32F1xx_DFP\\2.4.1\\Device\\StdPeriph_Driver\\src\\stm32f10x_spi.c 0x00000000   Number         0  stm32f10x_spi.o ABSOLUTE
    C:\\Users\\HP\\AppData\\Local\\Arm\\Packs\\Keil\\STM32F1xx_DFP\\2.4.1\\Device\\StdPeriph_Driver\\src\\stm32f10x_tim.c 0x00000000   Number         0  stm32f10x_tim.o ABSOLUTE
    C:\\Users\\HP\\AppData\\Local\\Arm\\Packs\\Keil\\STM32F1xx_DFP\\2.4.1\\Device\\StdPeriph_Driver\\src\\stm32f10x_usart.c 0x00000000   Number         0  stm32f10x_usart.o ABSOLUTE
    RTE\Device\STM32F103C8\startup_stm32f10x_md.s 0x00000000   Number         0  startup_stm32f10x_md.o ABSOLUTE
    RTE\Device\STM32F103C8\system_stm32f10x.c 0x00000000   Number         0  system_stm32f10x.o ABSOLUTE
    RTE\\Device\\STM32F103C8\\system_stm32f10x.c 0x00000000   Number         0  system_stm32f10x.o ABSOLUTE
    dc.s                                     0x00000000   Number         0  dc.o ABSOLUTE
    fatfs\Src\ccsbcs.c                       0x00000000   Number         0  ccsbcs.o ABSOLUTE
    fatfs\Src\diskio.c                       0x00000000   Number         0  diskio.o ABSOLUTE
    fatfs\Src\fatfs.c                        0x00000000   Number         0  fatfs.o ABSOLUTE
    fatfs\Src\fatfs_sd_card.c                0x00000000   Number         0  fatfs_sd_card.o ABSOLUTE
    fatfs\Src\ff.c                           0x00000000   Number         0  ff.o ABSOLUTE
    fatfs\Src\ff_gen_drv.c                   0x00000000   Number         0  ff_gen_drv.o ABSOLUTE
    fatfs\Src\syscall.c                      0x00000000   Number         0  syscall.o ABSOLUTE
    fatfs\Src\user_diskio.c                  0x00000000   Number         0  user_diskio.o ABSOLUTE
    fatfs\\Src\\ccsbcs.c                     0x00000000   Number         0  ccsbcs.o ABSOLUTE
    fatfs\\Src\\diskio.c                     0x00000000   Number         0  diskio.o ABSOLUTE
    fatfs\\Src\\fatfs.c                      0x00000000   Number         0  fatfs.o ABSOLUTE
    fatfs\\Src\\fatfs_sd_card.c              0x00000000   Number         0  fatfs_sd_card.o ABSOLUTE
    fatfs\\Src\\ff.c                         0x00000000   Number         0  ff.o ABSOLUTE
    fatfs\\Src\\ff_gen_drv.c                 0x00000000   Number         0  ff_gen_drv.o ABSOLUTE
    fatfs\\Src\\syscall.c                    0x00000000   Number         0  syscall.o ABSOLUTE
    fatfs\\Src\\user_diskio.c                0x00000000   Number         0  user_diskio.o ABSOLUTE
    src\RFID_RC522.c                         0x00000000   Number         0  rfid_rc522.o ABSOLUTE
    src\\RFID_RC522.c                        0x00000000   Number         0  rfid_rc522.o ABSOLUTE
    src\\main.c                              0x00000000   Number         0  main.o ABSOLUTE
    src\\spi.c                               0x00000000   Number         0  spi.o ABSOLUTE
    src\\tim.c                               0x00000000   Number         0  tim.o ABSOLUTE
    src\\usart.c                             0x00000000   Number         0  usart.o ABSOLUTE
    src\main.c                               0x00000000   Number         0  main.o ABSOLUTE
    src\spi.c                                0x00000000   Number         0  spi.o ABSOLUTE
    src\tim.c                                0x00000000   Number         0  tim.o ABSOLUTE
    src\usart.c                              0x00000000   Number         0  usart.o ABSOLUTE
    RESET                                    0x08000000   Section      236  startup_stm32f10x_md.o(RESET)
    !!!main                                  0x080000ec   Section        8  __main.o(!!!main)
    !!!scatter                               0x080000f4   Section       52  __scatter.o(!!!scatter)
    !!handler_copy                           0x08000128   Section       26  __scatter_copy.o(!!handler_copy)
    !!handler_zi                             0x08000144   Section       28  __scatter_zi.o(!!handler_zi)
    .ARM.Collect$$_printf_percent$$00000000  0x08000160   Section        0  _printf_percent.o(.ARM.Collect$$_printf_percent$$00000000)
    .ARM.Collect$$_printf_percent$$00000009  0x08000160   Section        6  _printf_d.o(.ARM.Collect$$_printf_percent$$00000009)
    .ARM.Collect$$_printf_percent$$0000000C  0x08000166   Section        6  _printf_x.o(.ARM.Collect$$_printf_percent$$0000000C)
    .ARM.Collect$$_printf_percent$$00000017  0x0800016c   Section        4  _printf_percent_end.o(.ARM.Collect$$_printf_percent$$00000017)
    .ARM.Collect$$libinit$$00000000          0x08000170   Section        2  libinit.o(.ARM.Collect$$libinit$$00000000)
    .ARM.Collect$$libinit$$00000002          0x08000172   Section        0  libinit2.o(.ARM.Collect$$libinit$$00000002)
    .ARM.Collect$$libinit$$00000004          0x08000172   Section        0  libinit2.o(.ARM.Collect$$libinit$$00000004)
    .ARM.Collect$$libinit$$0000000A          0x08000172   Section        0  libinit2.o(.ARM.Collect$$libinit$$0000000A)
    .ARM.Collect$$libinit$$0000000C          0x08000172   Section        0  libinit2.o(.ARM.Collect$$libinit$$0000000C)
    .ARM.Collect$$libinit$$0000000E          0x08000172   Section        0  libinit2.o(.ARM.Collect$$libinit$$0000000E)
    .ARM.Collect$$libinit$$00000011          0x08000172   Section        0  libinit2.o(.ARM.Collect$$libinit$$00000011)
    .ARM.Collect$$libinit$$00000013          0x08000172   Section        0  libinit2.o(.ARM.Collect$$libinit$$00000013)
    .ARM.Collect$$libinit$$00000015          0x08000172   Section        0  libinit2.o(.ARM.Collect$$libinit$$00000015)
    .ARM.Collect$$libinit$$00000017          0x08000172   Section        0  libinit2.o(.ARM.Collect$$libinit$$00000017)
    .ARM.Collect$$libinit$$00000019          0x08000172   Section        0  libinit2.o(.ARM.Collect$$libinit$$00000019)
    .ARM.Collect$$libinit$$0000001B          0x08000172   Section        0  libinit2.o(.ARM.Collect$$libinit$$0000001B)
    .ARM.Collect$$libinit$$0000001D          0x08000172   Section        0  libinit2.o(.ARM.Collect$$libinit$$0000001D)
    .ARM.Collect$$libinit$$0000001F          0x08000172   Section        0  libinit2.o(.ARM.Collect$$libinit$$0000001F)
    .ARM.Collect$$libinit$$00000021          0x08000172   Section        0  libinit2.o(.ARM.Collect$$libinit$$00000021)
    .ARM.Collect$$libinit$$00000023          0x08000172   Section        0  libinit2.o(.ARM.Collect$$libinit$$00000023)
    .ARM.Collect$$libinit$$00000025          0x08000172   Section        0  libinit2.o(.ARM.Collect$$libinit$$00000025)
    .ARM.Collect$$libinit$$0000002C          0x08000172   Section        0  libinit2.o(.ARM.Collect$$libinit$$0000002C)
    .ARM.Collect$$libinit$$0000002E          0x08000172   Section        0  libinit2.o(.ARM.Collect$$libinit$$0000002E)
    .ARM.Collect$$libinit$$00000030          0x08000172   Section        0  libinit2.o(.ARM.Collect$$libinit$$00000030)
    .ARM.Collect$$libinit$$00000032          0x08000172   Section        0  libinit2.o(.ARM.Collect$$libinit$$00000032)
    .ARM.Collect$$libinit$$00000033          0x08000172   Section        2  libinit2.o(.ARM.Collect$$libinit$$00000033)
    .ARM.Collect$$libshutdown$$00000000      0x08000174   Section        2  libshutdown.o(.ARM.Collect$$libshutdown$$00000000)
    .ARM.Collect$$libshutdown$$00000002      0x08000176   Section        0  libshutdown2.o(.ARM.Collect$$libshutdown$$00000002)
    .ARM.Collect$$libshutdown$$00000004      0x08000176   Section        0  libshutdown2.o(.ARM.Collect$$libshutdown$$00000004)
    .ARM.Collect$$libshutdown$$00000007      0x08000176   Section        0  libshutdown2.o(.ARM.Collect$$libshutdown$$00000007)
    .ARM.Collect$$libshutdown$$0000000A      0x08000176   Section        0  libshutdown2.o(.ARM.Collect$$libshutdown$$0000000A)
    .ARM.Collect$$libshutdown$$0000000C      0x08000176   Section        0  libshutdown2.o(.ARM.Collect$$libshutdown$$0000000C)
    .ARM.Collect$$libshutdown$$0000000F      0x08000176   Section        0  libshutdown2.o(.ARM.Collect$$libshutdown$$0000000F)
    .ARM.Collect$$libshutdown$$00000010      0x08000176   Section        2  libshutdown2.o(.ARM.Collect$$libshutdown$$00000010)
    .ARM.Collect$$rtentry$$00000000          0x08000178   Section        0  __rtentry.o(.ARM.Collect$$rtentry$$00000000)
    .ARM.Collect$$rtentry$$00000002          0x08000178   Section        0  __rtentry2.o(.ARM.Collect$$rtentry$$00000002)
    .ARM.Collect$$rtentry$$00000004          0x08000178   Section        6  __rtentry4.o(.ARM.Collect$$rtentry$$00000004)
    .ARM.Collect$$rtentry$$00000009          0x0800017e   Section        0  __rtentry2.o(.ARM.Collect$$rtentry$$00000009)
    .ARM.Collect$$rtentry$$0000000A          0x0800017e   Section        4  __rtentry2.o(.ARM.Collect$$rtentry$$0000000A)
    .ARM.Collect$$rtentry$$0000000C          0x08000182   Section        0  __rtentry2.o(.ARM.Collect$$rtentry$$0000000C)
    .ARM.Collect$$rtentry$$0000000D          0x08000182   Section        8  __rtentry2.o(.ARM.Collect$$rtentry$$0000000D)
    .ARM.Collect$$rtexit$$00000000           0x0800018a   Section        2  rtexit.o(.ARM.Collect$$rtexit$$00000000)
    .ARM.Collect$$rtexit$$00000002           0x0800018c   Section        0  rtexit2.o(.ARM.Collect$$rtexit$$00000002)
    .ARM.Collect$$rtexit$$00000003           0x0800018c   Section        4  rtexit2.o(.ARM.Collect$$rtexit$$00000003)
    .ARM.Collect$$rtexit$$00000004           0x08000190   Section        6  rtexit2.o(.ARM.Collect$$rtexit$$00000004)
    .text                                    0x08000198   Section       64  startup_stm32f10x_md.o(.text)
    .text                                    0x080001d8   Section        0  noretval__2sprintf.o(.text)
    .text                                    0x08000200   Section        0  _printf_pad.o(.text)
    .text                                    0x08000250   Section        0  _printf_dec.o(.text)
    .text                                    0x080002c8   Section        0  _printf_hex_int.o(.text)
    .text                                    0x08000320   Section        0  __printf_flags_wp.o(.text)
    .text                                    0x08000458   Section        0  heapauxi.o(.text)
    .text                                    0x0800045e   Section        0  _printf_intcommon.o(.text)
    .text                                    0x08000510   Section        0  _printf_char_common.o(.text)
    _printf_input_char                       0x08000511   Thumb Code    10  _printf_char_common.o(.text)
    .text                                    0x08000540   Section        0  _sputc.o(.text)
    .text                                    0x0800054a   Section       74  sys_stackheap_outer.o(.text)
    .text                                    0x08000594   Section        0  exit.o(.text)
    .text                                    0x080005a8   Section        8  libspace.o(.text)
    .text                                    0x080005b0   Section        0  sys_exit.o(.text)
    .text                                    0x080005bc   Section        2  use_no_semi.o(.text)
    .text                                    0x080005be   Section        0  indicate_semi.o(.text)
    i.AntennaOn                              0x080005be   Section        0  rfid_rc522.o(i.AntennaOn)
    i.ClearBitMask                           0x080005d2   Section        0  rfid_rc522.o(i.ClearBitMask)
    i.Delay_ms                               0x080005ec   Section        0  tim.o(i.Delay_ms)
    i.GPIO_Init                              0x08000610   Section        0  stm32f10x_gpio.o(i.GPIO_Init)
    i.GPIO_ResetBits                         0x08000726   Section        0  stm32f10x_gpio.o(i.GPIO_ResetBits)
    i.GPIO_SetBits                           0x0800072a   Section        0  stm32f10x_gpio.o(i.GPIO_SetBits)
    i.MFRC522_Anticoll                       0x0800072e   Section        0  rfid_rc522.o(i.MFRC522_Anticoll)
    i.MFRC522_Init                           0x08000778   Section        0  rfid_rc522.o(i.MFRC522_Init)
    i.MFRC522_Request                        0x080007b4   Section        0  rfid_rc522.o(i.MFRC522_Request)
    i.MFRC522_Reset                          0x080007e4   Section        0  rfid_rc522.o(i.MFRC522_Reset)
    i.MFRC522_StopCrypto1                    0x080007f0   Section        0  rfid_rc522.o(i.MFRC522_StopCrypto1)
    i.MFRC522_ToCard                         0x080007fc   Section        0  rfid_rc522.o(i.MFRC522_ToCard)
    i.RC522_SPI_Transfer                     0x08000920   Section        0  rfid_rc522.o(i.RC522_SPI_Transfer)
    i.RCC_APB1PeriphClockCmd                 0x08000958   Section        0  stm32f10x_rcc.o(i.RCC_APB1PeriphClockCmd)
    i.RCC_APB2PeriphClockCmd                 0x08000978   Section        0  stm32f10x_rcc.o(i.RCC_APB2PeriphClockCmd)
    i.RCC_GetClocksFreq                      0x08000998   Section        0  stm32f10x_rcc.o(i.RCC_GetClocksFreq)
    i.Read_MFRC522                           0x08000a6c   Section        0  rfid_rc522.o(i.Read_MFRC522)
    i.SPIRC552_Config                        0x08000aa4   Section        0  spi.o(i.SPIRC552_Config)
    i.SPI_Cmd                                0x08000b64   Section        0  stm32f10x_spi.o(i.SPI_Cmd)
    i.SPI_I2S_GetFlagStatus                  0x08000b7c   Section        0  stm32f10x_spi.o(i.SPI_I2S_GetFlagStatus)
    i.SPI_I2S_ReceiveData                    0x08000b8e   Section        0  stm32f10x_spi.o(i.SPI_I2S_ReceiveData)
    i.SPI_I2S_SendData                       0x08000b94   Section        0  stm32f10x_spi.o(i.SPI_I2S_SendData)
    i.SPI_Init                               0x08000b98   Section        0  stm32f10x_spi.o(i.SPI_Init)
    i.SPI_StructInit                         0x08000bd4   Section        0  stm32f10x_spi.o(i.SPI_StructInit)
    i.SetBitMask                             0x08000bec   Section        0  rfid_rc522.o(i.SetBitMask)
    i.SetSysClock                            0x08000c06   Section        0  system_stm32f10x.o(i.SetSysClock)
    SetSysClock                              0x08000c07   Thumb Code     8  system_stm32f10x.o(i.SetSysClock)
    i.SetSysClockTo72                        0x08000c10   Section        0  system_stm32f10x.o(i.SetSysClockTo72)
    SetSysClockTo72                          0x08000c11   Thumb Code   214  system_stm32f10x.o(i.SetSysClockTo72)
    i.SystemInit                             0x08000cf0   Section        0  system_stm32f10x.o(i.SystemInit)
    i.TIMDelay_Config                        0x08000d50   Section        0  tim.o(i.TIMDelay_Config)
    i.TIM_Cmd                                0x08000d88   Section        0  stm32f10x_tim.o(i.TIM_Cmd)
    i.TIM_GetCounter                         0x08000da0   Section        0  stm32f10x_tim.o(i.TIM_GetCounter)
    i.TIM_SetCompare2                        0x08000da6   Section        0  stm32f10x_tim.o(i.TIM_SetCompare2)
    i.TIM_SetCounter                         0x08000daa   Section        0  stm32f10x_tim.o(i.TIM_SetCounter)
    i.TIM_TimeBaseInit                       0x08000db0   Section        0  stm32f10x_tim.o(i.TIM_TimeBaseInit)
    i.UART1_Config                           0x08000e54   Section        0  usart.o(i.UART1_Config)
    i.USART_Cmd                              0x08000ec0   Section        0  stm32f10x_usart.o(i.USART_Cmd)
    i.USART_GetFlagStatus                    0x08000ed8   Section        0  stm32f10x_usart.o(i.USART_GetFlagStatus)
    i.USART_Init                             0x08000ef4   Section        0  stm32f10x_usart.o(i.USART_Init)
    i.USART_SendChar                         0x08000fcc   Section        0  usart.o(i.USART_SendChar)
    i.USART_SendData                         0x08000ff8   Section        0  stm32f10x_usart.o(i.USART_SendData)
    i.USART_SendString                       0x08001000   Section        0  usart.o(i.USART_SendString)
    i.Write_MFRC522                          0x08001018   Section        0  rfid_rc522.o(i.Write_MFRC522)
    i._is_digit                              0x08001048   Section        0  __printf_wp.o(i._is_digit)
    i.check_fs                               0x08001058   Section        0  ff.o(i.check_fs)
    check_fs                                 0x08001059   Thumb Code   150  ff.o(i.check_fs)
    i.chk_chr                                0x080010f4   Section        0  ff.o(i.chk_chr)
    chk_chr                                  0x080010f5   Thumb Code    20  ff.o(i.chk_chr)
    i.chk_lock                               0x08001108   Section        0  ff.o(i.chk_lock)
    chk_lock                                 0x08001109   Thumb Code   146  ff.o(i.chk_lock)
    i.clear_lock                             0x080011a0   Section        0  ff.o(i.clear_lock)
    clear_lock                               0x080011a1   Thumb Code    42  ff.o(i.clear_lock)
    i.clmt_clust                             0x080011d0   Section        0  ff.o(i.clmt_clust)
    clmt_clust                               0x080011d1   Thumb Code    76  ff.o(i.clmt_clust)
    i.clust2sect                             0x0800121c   Section        0  ff.o(i.clust2sect)
    i.cmp_lfn                                0x08001244   Section        0  ff.o(i.cmp_lfn)
    cmp_lfn                                  0x08001245   Thumb Code   138  ff.o(i.cmp_lfn)
    i.compareArrays                          0x080012d4   Section        0  main.o(i.compareArrays)
    i.create_chain                           0x080012f4   Section        0  ff.o(i.create_chain)
    create_chain                             0x080012f5   Thumb Code   252  ff.o(i.create_chain)
    i.create_name                            0x080013f0   Section        0  ff.o(i.create_name)
    create_name                              0x080013f1   Thumb Code   558  ff.o(i.create_name)
    i.dec_lock                               0x08001638   Section        0  ff.o(i.dec_lock)
    dec_lock                                 0x08001639   Thumb Code    72  ff.o(i.dec_lock)
    i.dir_alloc                              0x08001684   Section        0  ff.o(i.dir_alloc)
    dir_alloc                                0x08001685   Thumb Code   108  ff.o(i.dir_alloc)
    i.dir_find                               0x080016f0   Section        0  ff.o(i.dir_find)
    dir_find                                 0x080016f1   Thumb Code   280  ff.o(i.dir_find)
    i.dir_next                               0x08001808   Section        0  ff.o(i.dir_next)
    dir_next                                 0x08001809   Thumb Code   492  ff.o(i.dir_next)
    i.dir_register                           0x080019f4   Section        0  ff.o(i.dir_register)
    dir_register                             0x080019f5   Thumb Code   378  ff.o(i.dir_register)
    i.dir_sdi                                0x08001b6e   Section        0  ff.o(i.dir_sdi)
    dir_sdi                                  0x08001b6f   Thumb Code   308  ff.o(i.dir_sdi)
    i.disk_initialize                        0x08001ca4   Section        0  diskio.o(i.disk_initialize)
    i.disk_ioctl                             0x08001cd0   Section        0  diskio.o(i.disk_ioctl)
    i.disk_read                              0x08001cf8   Section        0  diskio.o(i.disk_read)
    i.disk_status                            0x08001d28   Section        0  diskio.o(i.disk_status)
    i.disk_write                             0x08001d44   Section        0  diskio.o(i.disk_write)
    i.enq_lock                               0x08001d74   Section        0  ff.o(i.enq_lock)
    enq_lock                                 0x08001d75   Thumb Code    36  ff.o(i.enq_lock)
    i.f_close                                0x08001d9c   Section        0  ff.o(i.f_close)
    i.f_lseek                                0x08001dce   Section        0  ff.o(i.f_lseek)
    i.f_mount                                0x0800222c   Section        0  ff.o(i.f_mount)
    i.f_open                                 0x08002294   Section        0  ff.o(i.f_open)
    i.f_read                                 0x080024c0   Section        0  ff.o(i.f_read)
    i.f_sync                                 0x080027a6   Section        0  ff.o(i.f_sync)
    i.ff_convert                             0x080028a0   Section        0  ccsbcs.o(i.ff_convert)
    i.ff_wtoupper                            0x080028ec   Section        0  ccsbcs.o(i.ff_wtoupper)
    i.find_volume                            0x08002924   Section        0  ff.o(i.find_volume)
    find_volume                              0x08002925   Thumb Code  1156  ff.o(i.find_volume)
    i.fit_lfn                                0x08002dac   Section        0  ff.o(i.fit_lfn)
    fit_lfn                                  0x08002dad   Thumb Code   122  ff.o(i.fit_lfn)
    i.follow_path                            0x08002e2c   Section        0  ff.o(i.follow_path)
    follow_path                              0x08002e2d   Thumb Code   166  ff.o(i.follow_path)
    i.gen_numname                            0x08002ed4   Section        0  ff.o(i.gen_numname)
    gen_numname                              0x08002ed5   Thumb Code   176  ff.o(i.gen_numname)
    i.get_fat                                0x08002f88   Section        0  ff.o(i.get_fat)
    i.get_fattime                            0x080030ec   Section        0  diskio.o(i.get_fattime)
    i.get_ldnumber                           0x080030f0   Section        0  ff.o(i.get_ldnumber)
    get_ldnumber                             0x080030f1   Thumb Code    72  ff.o(i.get_ldnumber)
    i.inc_lock                               0x08003138   Section        0  ff.o(i.inc_lock)
    inc_lock                                 0x08003139   Thumb Code   238  ff.o(i.inc_lock)
    i.ld_clust                               0x0800322c   Section        0  ff.o(i.ld_clust)
    ld_clust                                 0x0800322d   Thumb Code    36  ff.o(i.ld_clust)
    i.main                                   0x08003250   Section        0  main.o(i.main)
    i.mem_cmp                                0x0800349c   Section        0  ff.o(i.mem_cmp)
    mem_cmp                                  0x0800349d   Thumb Code    38  ff.o(i.mem_cmp)
    i.mem_cpy                                0x080034c2   Section        0  ff.o(i.mem_cpy)
    mem_cpy                                  0x080034c3   Thumb Code    26  ff.o(i.mem_cpy)
    i.mem_set                                0x080034dc   Section        0  ff.o(i.mem_set)
    mem_set                                  0x080034dd   Thumb Code    20  ff.o(i.mem_set)
    i.move_window                            0x080034f0   Section        0  ff.o(i.move_window)
    move_window                              0x080034f1   Thumb Code    62  ff.o(i.move_window)
    i.put_fat                                0x0800352e   Section        0  ff.o(i.put_fat)
    i.remove_chain                           0x080036ec   Section        0  ff.o(i.remove_chain)
    remove_chain                             0x080036ed   Thumb Code   136  ff.o(i.remove_chain)
    i.set_pwm                                0x08003774   Section        0  tim.o(i.set_pwm)
    i.showFileContent                        0x08003784   Section        0  main.o(i.showFileContent)
    i.st_clust                               0x080037b4   Section        0  ff.o(i.st_clust)
    st_clust                                 0x080037b5   Thumb Code    16  ff.o(i.st_clust)
    i.sum_sfn                                0x080037c4   Section        0  ff.o(i.sum_sfn)
    sum_sfn                                  0x080037c5   Thumb Code    32  ff.o(i.sum_sfn)
    i.sync_fs                                0x080037e4   Section        0  ff.o(i.sync_fs)
    sync_fs                                  0x080037e5   Thumb Code   280  ff.o(i.sync_fs)
    i.sync_window                            0x080038fc   Section        0  ff.o(i.sync_window)
    sync_window                              0x080038fd   Thumb Code   114  ff.o(i.sync_window)
    i.validate                               0x0800396e   Section        0  ff.o(i.validate)
    validate                                 0x0800396f   Thumb Code    82  ff.o(i.validate)
    .constdata                               0x080039c0   Section     1216  ccsbcs.o(.constdata)
    Tbl                                      0x080039c0   Data         256  ccsbcs.o(.constdata)
    tbl_lower                                0x08003ac0   Data         480  ccsbcs.o(.constdata)
    tbl_upper                                0x08003ca0   Data         480  ccsbcs.o(.constdata)
    .constdata                               0x08003e80   Section      186  ff.o(.constdata)
    ExCvt                                    0x08003e80   Data         128  ff.o(.constdata)
    LfnOfs                                   0x08003f00   Data          13  ff.o(.constdata)
    vst                                      0x08003f0e   Data          22  ff.o(.constdata)
    cst                                      0x08003f24   Data          22  ff.o(.constdata)
    .constdata                               0x08003f3a   Section       40  _printf_hex_int.o(.constdata)
    uc_hextab                                0x08003f3a   Data          20  _printf_hex_int.o(.constdata)
    lc_hextab                                0x08003f4e   Data          20  _printf_hex_int.o(.constdata)
    .constdata                               0x08003f62   Section       17  __printf_flags_wp.o(.constdata)
    maptable                                 0x08003f62   Data          17  __printf_flags_wp.o(.constdata)
    .data                                    0x20000000   Section       14  main.o(.data)
    .data                                    0x20000010   Section        6  ff.o(.data)
    FatFs                                    0x20000010   Data           4  ff.o(.data)
    Fsid                                     0x20000014   Data           2  ff.o(.data)
    .data                                    0x20000016   Section       20  stm32f10x_rcc.o(.data)
    APBAHBPrescTable                         0x20000016   Data          16  stm32f10x_rcc.o(.data)
    ADCPrescTable                            0x20000026   Data           4  stm32f10x_rcc.o(.data)
    .bss                                     0x2000002c   Section     8428  main.o(.bss)
    .bss                                     0x20002118   Section      536  ff.o(.bss)
    Files                                    0x20002118   Data          24  ff.o(.bss)
    LfnBuf                                   0x20002130   Data         512  ff.o(.bss)
    .bss                                     0x20002330   Section       12  ff_gen_drv.o(.bss)
    .bss                                     0x2000233c   Section       96  libspace.o(.bss)
    HEAP                                     0x200023a0   Section      512  startup_stm32f10x_md.o(HEAP)
    Heap_Mem                                 0x200023a0   Data         512  startup_stm32f10x_md.o(HEAP)
    STACK                                    0x200025a0   Section     1024  startup_stm32f10x_md.o(STACK)
    Stack_Mem                                0x200025a0   Data        1024  startup_stm32f10x_md.o(STACK)
    __initial_sp                             0x200029a0   Data           0  startup_stm32f10x_md.o(STACK)

    Global Symbols

    Symbol Name                              Value     Ov Type        Size  Object(Section)

    BuildAttributes$$THM_ISAv4$P$D$K$B$S$PE$A:L22UL41UL21$X:L11$S22US41US21$IEEE1$IW$USESV6$~STKCKD$USESV7$~SHL$OSPACE$ROPI$EBA8$UX$STANDARDLIB$REQ8$PRES8$EABIv2 0x00000000   Number         0  anon$$obj.o ABSOLUTE
    __ARM_use_no_argv                        0x00000000   Number         0  main.o ABSOLUTE
    _printf_flags                            0x00000000   Number         0  printf_stubs.o ABSOLUTE
    _printf_return_value                     0x00000000   Number         0  printf_stubs.o ABSOLUTE
    _printf_sizespec                         0x00000000   Number         0  printf_stubs.o ABSOLUTE
    _printf_widthprec                        0x00000000   Number         0  printf_stubs.o ABSOLUTE
    __ARM_exceptions_init                     - Undefined Weak Reference
    __alloca_initialize                       - Undefined Weak Reference
    __arm_preinit_                            - Undefined Weak Reference
    __cpp_initialize__aeabi_                  - Undefined Weak Reference
    __cxa_finalize                            - Undefined Weak Reference
    __rt_locale                               - Undefined Weak Reference
    __sigvec_lookup                           - Undefined Weak Reference
    _atexit_init                              - Undefined Weak Reference
    _call_atexit_fns                          - Undefined Weak Reference
    _clock_init                               - Undefined Weak Reference
    _fp_trap_init                             - Undefined Weak Reference
    _fp_trap_shutdown                         - Undefined Weak Reference
    _get_lc_collate                           - Undefined Weak Reference
    _get_lc_ctype                             - Undefined Weak Reference
    _get_lc_monetary                          - Undefined Weak Reference
    _get_lc_numeric                           - Undefined Weak Reference
    _get_lc_time                              - Undefined Weak Reference
    _getenv_init                              - Undefined Weak Reference
    _handle_redirection                       - Undefined Weak Reference
    _init_alloc                               - Undefined Weak Reference
    _init_user_alloc                          - Undefined Weak Reference
    _initio                                   - Undefined Weak Reference
    _printf_truncate_signed                   - Undefined Weak Reference
    _printf_truncate_unsigned                 - Undefined Weak Reference
    _rand_init                                - Undefined Weak Reference
    _signal_finish                            - Undefined Weak Reference
    _signal_init                              - Undefined Weak Reference
    _terminate_alloc                          - Undefined Weak Reference
    _terminate_user_alloc                     - Undefined Weak Reference
    _terminateio                              - Undefined Weak Reference
    __Vectors_Size                           0x000000ec   Number         0  startup_stm32f10x_md.o ABSOLUTE
    __Vectors                                0x08000000   Data           4  startup_stm32f10x_md.o(RESET)
    __Vectors_End                            0x080000ec   Data           0  startup_stm32f10x_md.o(RESET)
    __main                                   0x080000ed   Thumb Code     8  __main.o(!!!main)
    __scatterload                            0x080000f5   Thumb Code     0  __scatter.o(!!!scatter)
    __scatterload_rt2                        0x080000f5   Thumb Code    44  __scatter.o(!!!scatter)
    __scatterload_rt2_thumb_only             0x080000f5   Thumb Code     0  __scatter.o(!!!scatter)
    __scatterload_null                       0x08000103   Thumb Code     0  __scatter.o(!!!scatter)
    __scatterload_copy                       0x08000129   Thumb Code    26  __scatter_copy.o(!!handler_copy)
    __scatterload_zeroinit                   0x08000145   Thumb Code    28  __scatter_zi.o(!!handler_zi)
    _printf_d                                0x08000161   Thumb Code     0  _printf_d.o(.ARM.Collect$$_printf_percent$$00000009)
    _printf_percent                          0x08000161   Thumb Code     0  _printf_percent.o(.ARM.Collect$$_printf_percent$$00000000)
    _printf_x                                0x08000167   Thumb Code     0  _printf_x.o(.ARM.Collect$$_printf_percent$$0000000C)
    _printf_percent_end                      0x0800016d   Thumb Code     0  _printf_percent_end.o(.ARM.Collect$$_printf_percent$$00000017)
    __rt_lib_init                            0x08000171   Thumb Code     0  libinit.o(.ARM.Collect$$libinit$$00000000)
    __rt_lib_init_alloca_1                   0x08000173   Thumb Code     0  libinit2.o(.ARM.Collect$$libinit$$0000002E)
    __rt_lib_init_argv_1                     0x08000173   Thumb Code     0  libinit2.o(.ARM.Collect$$libinit$$0000002C)
    __rt_lib_init_atexit_1                   0x08000173   Thumb Code     0  libinit2.o(.ARM.Collect$$libinit$$0000001B)
    __rt_lib_init_clock_1                    0x08000173   Thumb Code     0  libinit2.o(.ARM.Collect$$libinit$$00000021)
    __rt_lib_init_cpp_1                      0x08000173   Thumb Code     0  libinit2.o(.ARM.Collect$$libinit$$00000032)
    __rt_lib_init_exceptions_1               0x08000173   Thumb Code     0  libinit2.o(.ARM.Collect$$libinit$$00000030)
    __rt_lib_init_fp_1                       0x08000173   Thumb Code     0  libinit2.o(.ARM.Collect$$libinit$$00000002)
    __rt_lib_init_fp_trap_1                  0x08000173   Thumb Code     0  libinit2.o(.ARM.Collect$$libinit$$0000001F)
    __rt_lib_init_getenv_1                   0x08000173   Thumb Code     0  libinit2.o(.ARM.Collect$$libinit$$00000023)
    __rt_lib_init_heap_1                     0x08000173   Thumb Code     0  libinit2.o(.ARM.Collect$$libinit$$0000000A)
    __rt_lib_init_lc_collate_1               0x08000173   Thumb Code     0  libinit2.o(.ARM.Collect$$libinit$$00000011)
    __rt_lib_init_lc_ctype_1                 0x08000173   Thumb Code     0  libinit2.o(.ARM.Collect$$libinit$$00000013)
    __rt_lib_init_lc_monetary_1              0x08000173   Thumb Code     0  libinit2.o(.ARM.Collect$$libinit$$00000015)
    __rt_lib_init_lc_numeric_1               0x08000173   Thumb Code     0  libinit2.o(.ARM.Collect$$libinit$$00000017)
    __rt_lib_init_lc_time_1                  0x08000173   Thumb Code     0  libinit2.o(.ARM.Collect$$libinit$$00000019)
    __rt_lib_init_preinit_1                  0x08000173   Thumb Code     0  libinit2.o(.ARM.Collect$$libinit$$00000004)
    __rt_lib_init_rand_1                     0x08000173   Thumb Code     0  libinit2.o(.ARM.Collect$$libinit$$0000000E)
    __rt_lib_init_return                     0x08000173   Thumb Code     0  libinit2.o(.ARM.Collect$$libinit$$00000033)
    __rt_lib_init_signal_1                   0x08000173   Thumb Code     0  libinit2.o(.ARM.Collect$$libinit$$0000001D)
    __rt_lib_init_stdio_1                    0x08000173   Thumb Code     0  libinit2.o(.ARM.Collect$$libinit$$00000025)
    __rt_lib_init_user_alloc_1               0x08000173   Thumb Code     0  libinit2.o(.ARM.Collect$$libinit$$0000000C)
    __rt_lib_shutdown                        0x08000175   Thumb Code     0  libshutdown.o(.ARM.Collect$$libshutdown$$00000000)
    __rt_lib_shutdown_cpp_1                  0x08000177   Thumb Code     0  libshutdown2.o(.ARM.Collect$$libshutdown$$00000002)
    __rt_lib_shutdown_fp_trap_1              0x08000177   Thumb Code     0  libshutdown2.o(.ARM.Collect$$libshutdown$$00000007)
    __rt_lib_shutdown_heap_1                 0x08000177   Thumb Code     0  libshutdown2.o(.ARM.Collect$$libshutdown$$0000000F)
    __rt_lib_shutdown_return                 0x08000177   Thumb Code     0  libshutdown2.o(.ARM.Collect$$libshutdown$$00000010)
    __rt_lib_shutdown_signal_1               0x08000177   Thumb Code     0  libshutdown2.o(.ARM.Collect$$libshutdown$$0000000A)
    __rt_lib_shutdown_stdio_1                0x08000177   Thumb Code     0  libshutdown2.o(.ARM.Collect$$libshutdown$$00000004)
    __rt_lib_shutdown_user_alloc_1           0x08000177   Thumb Code     0  libshutdown2.o(.ARM.Collect$$libshutdown$$0000000C)
    __rt_entry                               0x08000179   Thumb Code     0  __rtentry.o(.ARM.Collect$$rtentry$$00000000)
    __rt_entry_presh_1                       0x08000179   Thumb Code     0  __rtentry2.o(.ARM.Collect$$rtentry$$00000002)
    __rt_entry_sh                            0x08000179   Thumb Code     0  __rtentry4.o(.ARM.Collect$$rtentry$$00000004)
    __rt_entry_li                            0x0800017f   Thumb Code     0  __rtentry2.o(.ARM.Collect$$rtentry$$0000000A)
    __rt_entry_postsh_1                      0x0800017f   Thumb Code     0  __rtentry2.o(.ARM.Collect$$rtentry$$00000009)
    __rt_entry_main                          0x08000183   Thumb Code     0  __rtentry2.o(.ARM.Collect$$rtentry$$0000000D)
    __rt_entry_postli_1                      0x08000183   Thumb Code     0  __rtentry2.o(.ARM.Collect$$rtentry$$0000000C)
    __rt_exit                                0x0800018b   Thumb Code     0  rtexit.o(.ARM.Collect$$rtexit$$00000000)
    __rt_exit_ls                             0x0800018d   Thumb Code     0  rtexit2.o(.ARM.Collect$$rtexit$$00000003)
    __rt_exit_prels_1                        0x0800018d   Thumb Code     0  rtexit2.o(.ARM.Collect$$rtexit$$00000002)
    __rt_exit_exit                           0x08000191   Thumb Code     0  rtexit2.o(.ARM.Collect$$rtexit$$00000004)
    Reset_Handler                            0x08000199   Thumb Code     8  startup_stm32f10x_md.o(.text)
    NMI_Handler                              0x080001a1   Thumb Code     2  startup_stm32f10x_md.o(.text)
    HardFault_Handler                        0x080001a3   Thumb Code     2  startup_stm32f10x_md.o(.text)
    MemManage_Handler                        0x080001a5   Thumb Code     2  startup_stm32f10x_md.o(.text)
    BusFault_Handler                         0x080001a7   Thumb Code     2  startup_stm32f10x_md.o(.text)
    UsageFault_Handler                       0x080001a9   Thumb Code     2  startup_stm32f10x_md.o(.text)
    SVC_Handler                              0x080001ab   Thumb Code     2  startup_stm32f10x_md.o(.text)
    DebugMon_Handler                         0x080001ad   Thumb Code     2  startup_stm32f10x_md.o(.text)
    PendSV_Handler                           0x080001af   Thumb Code     2  startup_stm32f10x_md.o(.text)
    SysTick_Handler                          0x080001b1   Thumb Code     2  startup_stm32f10x_md.o(.text)
    ADC1_2_IRQHandler                        0x080001b3   Thumb Code     0  startup_stm32f10x_md.o(.text)
    CAN1_RX1_IRQHandler                      0x080001b3   Thumb Code     0  startup_stm32f10x_md.o(.text)
    CAN1_SCE_IRQHandler                      0x080001b3   Thumb Code     0  startup_stm32f10x_md.o(.text)
    DMA1_Channel1_IRQHandler                 0x080001b3   Thumb Code     0  startup_stm32f10x_md.o(.text)
    DMA1_Channel2_IRQHandler                 0x080001b3   Thumb Code     0  startup_stm32f10x_md.o(.text)
    DMA1_Channel3_IRQHandler                 0x080001b3   Thumb Code     0  startup_stm32f10x_md.o(.text)
    DMA1_Channel4_IRQHandler                 0x080001b3   Thumb Code     0  startup_stm32f10x_md.o(.text)
    DMA1_Channel5_IRQHandler                 0x080001b3   Thumb Code     0  startup_stm32f10x_md.o(.text)
    DMA1_Channel6_IRQHandler                 0x080001b3   Thumb Code     0  startup_stm32f10x_md.o(.text)
    DMA1_Channel7_IRQHandler                 0x080001b3   Thumb Code     0  startup_stm32f10x_md.o(.text)
    EXTI0_IRQHandler                         0x080001b3   Thumb Code     0  startup_stm32f10x_md.o(.text)
    EXTI15_10_IRQHandler                     0x080001b3   Thumb Code     0  startup_stm32f10x_md.o(.text)
    EXTI1_IRQHandler                         0x080001b3   Thumb Code     0  startup_stm32f10x_md.o(.text)
    EXTI2_IRQHandler                         0x080001b3   Thumb Code     0  startup_stm32f10x_md.o(.text)
    EXTI3_IRQHandler                         0x080001b3   Thumb Code     0  startup_stm32f10x_md.o(.text)
    EXTI4_IRQHandler                         0x080001b3   Thumb Code     0  startup_stm32f10x_md.o(.text)
    EXTI9_5_IRQHandler                       0x080001b3   Thumb Code     0  startup_stm32f10x_md.o(.text)
    FLASH_IRQHandler                         0x080001b3   Thumb Code     0  startup_stm32f10x_md.o(.text)
    I2C1_ER_IRQHandler                       0x080001b3   Thumb Code     0  startup_stm32f10x_md.o(.text)
    I2C1_EV_IRQHandler                       0x080001b3   Thumb Code     0  startup_stm32f10x_md.o(.text)
    I2C2_ER_IRQHandler                       0x080001b3   Thumb Code     0  startup_stm32f10x_md.o(.text)
    I2C2_EV_IRQHandler                       0x080001b3   Thumb Code     0  startup_stm32f10x_md.o(.text)
    PVD_IRQHandler                           0x080001b3   Thumb Code     0  startup_stm32f10x_md.o(.text)
    RCC_IRQHandler                           0x080001b3   Thumb Code     0  startup_stm32f10x_md.o(.text)
    RTCAlarm_IRQHandler                      0x080001b3   Thumb Code     0  startup_stm32f10x_md.o(.text)
    RTC_IRQHandler                           0x080001b3   Thumb Code     0  startup_stm32f10x_md.o(.text)
    SPI1_IRQHandler                          0x080001b3   Thumb Code     0  startup_stm32f10x_md.o(.text)
    SPI2_IRQHandler                          0x080001b3   Thumb Code     0  startup_stm32f10x_md.o(.text)
    TAMPER_IRQHandler                        0x080001b3   Thumb Code     0  startup_stm32f10x_md.o(.text)
    TIM1_BRK_IRQHandler                      0x080001b3   Thumb Code     0  startup_stm32f10x_md.o(.text)
    TIM1_CC_IRQHandler                       0x080001b3   Thumb Code     0  startup_stm32f10x_md.o(.text)
    TIM1_TRG_COM_IRQHandler                  0x080001b3   Thumb Code     0  startup_stm32f10x_md.o(.text)
    TIM1_UP_IRQHandler                       0x080001b3   Thumb Code     0  startup_stm32f10x_md.o(.text)
    TIM2_IRQHandler                          0x080001b3   Thumb Code     0  startup_stm32f10x_md.o(.text)
    TIM3_IRQHandler                          0x080001b3   Thumb Code     0  startup_stm32f10x_md.o(.text)
    TIM4_IRQHandler                          0x080001b3   Thumb Code     0  startup_stm32f10x_md.o(.text)
    USART1_IRQHandler                        0x080001b3   Thumb Code     0  startup_stm32f10x_md.o(.text)
    USART2_IRQHandler                        0x080001b3   Thumb Code     0  startup_stm32f10x_md.o(.text)
    USART3_IRQHandler                        0x080001b3   Thumb Code     0  startup_stm32f10x_md.o(.text)
    USBWakeUp_IRQHandler                     0x080001b3   Thumb Code     0  startup_stm32f10x_md.o(.text)
    USB_HP_CAN1_TX_IRQHandler                0x080001b3   Thumb Code     0  startup_stm32f10x_md.o(.text)
    USB_LP_CAN1_RX0_IRQHandler               0x080001b3   Thumb Code     0  startup_stm32f10x_md.o(.text)
    WWDG_IRQHandler                          0x080001b3   Thumb Code     0  startup_stm32f10x_md.o(.text)
    __user_initial_stackheap                 0x080001b5   Thumb Code     0  startup_stm32f10x_md.o(.text)
    __2sprintf                               0x080001d9   Thumb Code    34  noretval__2sprintf.o(.text)
    _printf_pre_padding                      0x08000201   Thumb Code    44  _printf_pad.o(.text)
    _printf_post_padding                     0x0800022d   Thumb Code    34  _printf_pad.o(.text)
    _printf_int_dec                          0x08000251   Thumb Code   104  _printf_dec.o(.text)
    _printf_int_hex                          0x080002c9   Thumb Code    84  _printf_hex_int.o(.text)
    _printf_longlong_hex                     0x080002c9   Thumb Code     0  _printf_hex_int.o(.text)
    __printf                                 0x08000321   Thumb Code   308  __printf_flags_wp.o(.text)
    __use_two_region_memory                  0x08000459   Thumb Code     2  heapauxi.o(.text)
    __rt_heap_escrow$2region                 0x0800045b   Thumb Code     2  heapauxi.o(.text)
    __rt_heap_expand$2region                 0x0800045d   Thumb Code     2  heapauxi.o(.text)
    _printf_int_common                       0x0800045f   Thumb Code   178  _printf_intcommon.o(.text)
    _printf_char_common                      0x0800051b   Thumb Code    32  _printf_char_common.o(.text)
    _sputc                                   0x08000541   Thumb Code    10  _sputc.o(.text)
    __user_setup_stackheap                   0x0800054b   Thumb Code    74  sys_stackheap_outer.o(.text)
    exit                                     0x08000595   Thumb Code    18  exit.o(.text)
    __user_libspace                          0x080005a9   Thumb Code     8  libspace.o(.text)
    __user_perproc_libspace                  0x080005a9   Thumb Code     0  libspace.o(.text)
    __user_perthread_libspace                0x080005a9   Thumb Code     0  libspace.o(.text)
    _sys_exit                                0x080005b1   Thumb Code     8  sys_exit.o(.text)
    __I$use$semihosting                      0x080005bd   Thumb Code     0  use_no_semi.o(.text)
    __use_no_semihosting_swi                 0x080005bd   Thumb Code     2  use_no_semi.o(.text)
    AntennaOn                                0x080005bf   Thumb Code    20  rfid_rc522.o(i.AntennaOn)
    __semihosting_library_function           0x080005bf   Thumb Code     0  indicate_semi.o(.text)
    ClearBitMask                             0x080005d3   Thumb Code    26  rfid_rc522.o(i.ClearBitMask)
    Delay_ms                                 0x080005ed   Thumb Code    32  tim.o(i.Delay_ms)
    GPIO_Init                                0x08000611   Thumb Code   278  stm32f10x_gpio.o(i.GPIO_Init)
    GPIO_ResetBits                           0x08000727   Thumb Code     4  stm32f10x_gpio.o(i.GPIO_ResetBits)
    GPIO_SetBits                             0x0800072b   Thumb Code     4  stm32f10x_gpio.o(i.GPIO_SetBits)
    MFRC522_Anticoll                         0x0800072f   Thumb Code    74  rfid_rc522.o(i.MFRC522_Anticoll)
    MFRC522_Init                             0x08000779   Thumb Code    60  rfid_rc522.o(i.MFRC522_Init)
    MFRC522_Request                          0x080007b5   Thumb Code    48  rfid_rc522.o(i.MFRC522_Request)
    MFRC522_Reset                            0x080007e5   Thumb Code    12  rfid_rc522.o(i.MFRC522_Reset)
    MFRC522_StopCrypto1                      0x080007f1   Thumb Code    12  rfid_rc522.o(i.MFRC522_StopCrypto1)
    MFRC522_ToCard                           0x080007fd   Thumb Code   290  rfid_rc522.o(i.MFRC522_ToCard)
    RC522_SPI_Transfer                       0x08000921   Thumb Code    50  rfid_rc522.o(i.RC522_SPI_Transfer)
    RCC_APB1PeriphClockCmd                   0x08000959   Thumb Code    26  stm32f10x_rcc.o(i.RCC_APB1PeriphClockCmd)
    RCC_APB2PeriphClockCmd                   0x08000979   Thumb Code    26  stm32f10x_rcc.o(i.RCC_APB2PeriphClockCmd)
    RCC_GetClocksFreq                        0x08000999   Thumb Code   192  stm32f10x_rcc.o(i.RCC_GetClocksFreq)
    Read_MFRC522                             0x08000a6d   Thumb Code    50  rfid_rc522.o(i.Read_MFRC522)
    SPIRC552_Config                          0x08000aa5   Thumb Code   184  spi.o(i.SPIRC552_Config)
    SPI_Cmd                                  0x08000b65   Thumb Code    24  stm32f10x_spi.o(i.SPI_Cmd)
    SPI_I2S_GetFlagStatus                    0x08000b7d   Thumb Code    18  stm32f10x_spi.o(i.SPI_I2S_GetFlagStatus)
    SPI_I2S_ReceiveData                      0x08000b8f   Thumb Code     6  stm32f10x_spi.o(i.SPI_I2S_ReceiveData)
    SPI_I2S_SendData                         0x08000b95   Thumb Code     4  stm32f10x_spi.o(i.SPI_I2S_SendData)
    SPI_Init                                 0x08000b99   Thumb Code    60  stm32f10x_spi.o(i.SPI_Init)
    SPI_StructInit                           0x08000bd5   Thumb Code    24  stm32f10x_spi.o(i.SPI_StructInit)
    SetBitMask                               0x08000bed   Thumb Code    26  rfid_rc522.o(i.SetBitMask)
    SystemInit                               0x08000cf1   Thumb Code    78  system_stm32f10x.o(i.SystemInit)
    TIMDelay_Config                          0x08000d51   Thumb Code    52  tim.o(i.TIMDelay_Config)
    TIM_Cmd                                  0x08000d89   Thumb Code    24  stm32f10x_tim.o(i.TIM_Cmd)
    TIM_GetCounter                           0x08000da1   Thumb Code     6  stm32f10x_tim.o(i.TIM_GetCounter)
    TIM_SetCompare2                          0x08000da7   Thumb Code     4  stm32f10x_tim.o(i.TIM_SetCompare2)
    TIM_SetCounter                           0x08000dab   Thumb Code     4  stm32f10x_tim.o(i.TIM_SetCounter)
    TIM_TimeBaseInit                         0x08000db1   Thumb Code   122  stm32f10x_tim.o(i.TIM_TimeBaseInit)
    UART1_Config                             0x08000e55   Thumb Code    98  usart.o(i.UART1_Config)
    USART_Cmd                                0x08000ec1   Thumb Code    24  stm32f10x_usart.o(i.USART_Cmd)
    USART_GetFlagStatus                      0x08000ed9   Thumb Code    26  stm32f10x_usart.o(i.USART_GetFlagStatus)
    USART_Init                               0x08000ef5   Thumb Code   210  stm32f10x_usart.o(i.USART_Init)
    USART_SendChar                           0x08000fcd   Thumb Code    38  usart.o(i.USART_SendChar)
    USART_SendData                           0x08000ff9   Thumb Code     8  stm32f10x_usart.o(i.USART_SendData)
    USART_SendString                         0x08001001   Thumb Code    22  usart.o(i.USART_SendString)
    Write_MFRC522                            0x08001019   Thumb Code    44  rfid_rc522.o(i.Write_MFRC522)
    _is_digit                                0x08001049   Thumb Code    14  __printf_wp.o(i._is_digit)
    clust2sect                               0x0800121d   Thumb Code    38  ff.o(i.clust2sect)
    compareArrays                            0x080012d5   Thumb Code    32  main.o(i.compareArrays)
    disk_initialize                          0x08001ca5   Thumb Code    40  diskio.o(i.disk_initialize)
    disk_ioctl                               0x08001cd1   Thumb Code    36  diskio.o(i.disk_ioctl)
    disk_read                                0x08001cf9   Thumb Code    42  diskio.o(i.disk_read)
    disk_status                              0x08001d29   Thumb Code    24  diskio.o(i.disk_status)
    disk_write                               0x08001d45   Thumb Code    42  diskio.o(i.disk_write)
    f_close                                  0x08001d9d   Thumb Code    50  ff.o(i.f_close)
    f_lseek                                  0x08001dcf   Thumb Code  1116  ff.o(i.f_lseek)
    f_mount                                  0x0800222d   Thumb Code   100  ff.o(i.f_mount)
    f_open                                   0x08002295   Thumb Code   550  ff.o(i.f_open)
    f_read                                   0x080024c1   Thumb Code   742  ff.o(i.f_read)
    f_sync                                   0x080027a7   Thumb Code   250  ff.o(i.f_sync)
    ff_convert                               0x080028a1   Thumb Code    70  ccsbcs.o(i.ff_convert)
    ff_wtoupper                              0x080028ed   Thumb Code    46  ccsbcs.o(i.ff_wtoupper)
    get_fat                                  0x08002f89   Thumb Code   356  ff.o(i.get_fat)
    get_fattime                              0x080030ed   Thumb Code     4  diskio.o(i.get_fattime)
    main                                     0x08003251   Thumb Code   398  main.o(i.main)
    put_fat                                  0x0800352f   Thumb Code   446  ff.o(i.put_fat)
    set_pwm                                  0x08003775   Thumb Code    16  tim.o(i.set_pwm)
    showFileContent                          0x08003785   Thumb Code    42  main.o(i.showFileContent)
    Region$$Table$$Base                      0x08003f74   Number         0  anon$$obj.o(Region$$Table)
    Region$$Table$$Limit                     0x08003f94   Number         0  anon$$obj.o(Region$$Table)
    status                                   0x20000000   Data           1  main.o(.data)
    serNum                                   0x20000001   Data           5  main.o(.data)
    check                                    0x20000006   Data           1  main.o(.data)
    check2                                   0x20000007   Data           1  main.o(.data)
    test                                     0x20000008   Data           5  main.o(.data)
    fr                                       0x2000000d   Data           1  main.o(.data)
    str                                      0x2000002c   Data          16  main.o(.bss)
    myString                                 0x2000003c   Data         100  main.o(.bss)
    Key_Cards                                0x200000a0   Data          25  main.o(.bss)
    FatFs                                    0x200000bc   Data        4144  main.o(.bss)
    fil                                      0x200010ec   Data        4140  main.o(.bss)
    disk                                     0x20002330   Data          12  ff_gen_drv.o(.bss)
    __libspace_start                         0x2000233c   Data          96  libspace.o(.bss)
    __temporary_stack_top$libspace           0x2000239c   Data           0  libspace.o(.bss)



==============================================================================

Memory Map of the image

  Image Entry point : 0x080000ed

  Load Region LR_IROM1 (Base: 0x08000000, Size: 0x00003fc0, Max: 0x00010000, ABSOLUTE)

    Execution Region ER_IROM1 (Exec base: 0x08000000, Load base: 0x08000000, Size: 0x00003f94, Max: 0x00010000, ABSOLUTE)

    Exec Addr    Load Addr    Size         Type   Attr      Idx    E Section Name        Object

    0x08000000   0x08000000   0x000000ec   Data   RO         2422    RESET               startup_stm32f10x_md.o
    0x080000ec   0x080000ec   0x00000008   Code   RO         2531  * !!!main             c_w.l(__main.o)
    0x080000f4   0x080000f4   0x00000034   Code   RO         2697    !!!scatter          c_w.l(__scatter.o)
    0x08000128   0x08000128   0x0000001a   Code   RO         2699    !!handler_copy      c_w.l(__scatter_copy.o)
    0x08000142   0x08000142   0x00000002   PAD
    0x08000144   0x08000144   0x0000001c   Code   RO         2701    !!handler_zi        c_w.l(__scatter_zi.o)
    0x08000160   0x08000160   0x00000000   Code   RO         2528    .ARM.Collect$$_printf_percent$$00000000  c_w.l(_printf_percent.o)
    0x08000160   0x08000160   0x00000006   Code   RO         2527    .ARM.Collect$$_printf_percent$$00000009  c_w.l(_printf_d.o)
    0x08000166   0x08000166   0x00000006   Code   RO         2526    .ARM.Collect$$_printf_percent$$0000000C  c_w.l(_printf_x.o)
    0x0800016c   0x0800016c   0x00000004   Code   RO         2540    .ARM.Collect$$_printf_percent$$00000017  c_w.l(_printf_percent_end.o)
    0x08000170   0x08000170   0x00000002   Code   RO         2567    .ARM.Collect$$libinit$$00000000  c_w.l(libinit.o)
    0x08000172   0x08000172   0x00000000   Code   RO         2574    .ARM.Collect$$libinit$$00000002  c_w.l(libinit2.o)
    0x08000172   0x08000172   0x00000000   Code   RO         2576    .ARM.Collect$$libinit$$00000004  c_w.l(libinit2.o)
    0x08000172   0x08000172   0x00000000   Code   RO         2579    .ARM.Collect$$libinit$$0000000A  c_w.l(libinit2.o)
    0x08000172   0x08000172   0x00000000   Code   RO         2581    .ARM.Collect$$libinit$$0000000C  c_w.l(libinit2.o)
    0x08000172   0x08000172   0x00000000   Code   RO         2583    .ARM.Collect$$libinit$$0000000E  c_w.l(libinit2.o)
    0x08000172   0x08000172   0x00000000   Code   RO         2586    .ARM.Collect$$libinit$$00000011  c_w.l(libinit2.o)
    0x08000172   0x08000172   0x00000000   Code   RO         2588    .ARM.Collect$$libinit$$00000013  c_w.l(libinit2.o)
    0x08000172   0x08000172   0x00000000   Code   RO         2590    .ARM.Collect$$libinit$$00000015  c_w.l(libinit2.o)
    0x08000172   0x08000172   0x00000000   Code   RO         2592    .ARM.Collect$$libinit$$00000017  c_w.l(libinit2.o)
    0x08000172   0x08000172   0x00000000   Code   RO         2594    .ARM.Collect$$libinit$$00000019  c_w.l(libinit2.o)
    0x08000172   0x08000172   0x00000000   Code   RO         2596    .ARM.Collect$$libinit$$0000001B  c_w.l(libinit2.o)
    0x08000172   0x08000172   0x00000000   Code   RO         2598    .ARM.Collect$$libinit$$0000001D  c_w.l(libinit2.o)
    0x08000172   0x08000172   0x00000000   Code   RO         2600    .ARM.Collect$$libinit$$0000001F  c_w.l(libinit2.o)
    0x08000172   0x08000172   0x00000000   Code   RO         2602    .ARM.Collect$$libinit$$00000021  c_w.l(libinit2.o)
    0x08000172   0x08000172   0x00000000   Code   RO         2604    .ARM.Collect$$libinit$$00000023  c_w.l(libinit2.o)
    0x08000172   0x08000172   0x00000000   Code   RO         2606    .ARM.Collect$$libinit$$00000025  c_w.l(libinit2.o)
    0x08000172   0x08000172   0x00000000   Code   RO         2610    .ARM.Collect$$libinit$$0000002C  c_w.l(libinit2.o)
    0x08000172   0x08000172   0x00000000   Code   RO         2612    .ARM.Collect$$libinit$$0000002E  c_w.l(libinit2.o)
    0x08000172   0x08000172   0x00000000   Code   RO         2614    .ARM.Collect$$libinit$$00000030  c_w.l(libinit2.o)
    0x08000172   0x08000172   0x00000000   Code   RO         2616    .ARM.Collect$$libinit$$00000032  c_w.l(libinit2.o)
    0x08000172   0x08000172   0x00000002   Code   RO         2617    .ARM.Collect$$libinit$$00000033  c_w.l(libinit2.o)
    0x08000174   0x08000174   0x00000002   Code   RO         2637    .ARM.Collect$$libshutdown$$00000000  c_w.l(libshutdown.o)
    0x08000176   0x08000176   0x00000000   Code   RO         2650    .ARM.Collect$$libshutdown$$00000002  c_w.l(libshutdown2.o)
    0x08000176   0x08000176   0x00000000   Code   RO         2652    .ARM.Collect$$libshutdown$$00000004  c_w.l(libshutdown2.o)
    0x08000176   0x08000176   0x00000000   Code   RO         2655    .ARM.Collect$$libshutdown$$00000007  c_w.l(libshutdown2.o)
    0x08000176   0x08000176   0x00000000   Code   RO         2658    .ARM.Collect$$libshutdown$$0000000A  c_w.l(libshutdown2.o)
    0x08000176   0x08000176   0x00000000   Code   RO         2660    .ARM.Collect$$libshutdown$$0000000C  c_w.l(libshutdown2.o)
    0x08000176   0x08000176   0x00000000   Code   RO         2663    .ARM.Collect$$libshutdown$$0000000F  c_w.l(libshutdown2.o)
    0x08000176   0x08000176   0x00000002   Code   RO         2664    .ARM.Collect$$libshutdown$$00000010  c_w.l(libshutdown2.o)
    0x08000178   0x08000178   0x00000000   Code   RO         2533    .ARM.Collect$$rtentry$$00000000  c_w.l(__rtentry.o)
    0x08000178   0x08000178   0x00000000   Code   RO         2542    .ARM.Collect$$rtentry$$00000002  c_w.l(__rtentry2.o)
    0x08000178   0x08000178   0x00000006   Code   RO         2554    .ARM.Collect$$rtentry$$00000004  c_w.l(__rtentry4.o)
    0x0800017e   0x0800017e   0x00000000   Code   RO         2544    .ARM.Collect$$rtentry$$00000009  c_w.l(__rtentry2.o)
    0x0800017e   0x0800017e   0x00000004   Code   RO         2545    .ARM.Collect$$rtentry$$0000000A  c_w.l(__rtentry2.o)
    0x08000182   0x08000182   0x00000000   Code   RO         2547    .ARM.Collect$$rtentry$$0000000C  c_w.l(__rtentry2.o)
    0x08000182   0x08000182   0x00000008   Code   RO         2548    .ARM.Collect$$rtentry$$0000000D  c_w.l(__rtentry2.o)
    0x0800018a   0x0800018a   0x00000002   Code   RO         2571    .ARM.Collect$$rtexit$$00000000  c_w.l(rtexit.o)
    0x0800018c   0x0800018c   0x00000000   Code   RO         2619    .ARM.Collect$$rtexit$$00000002  c_w.l(rtexit2.o)
    0x0800018c   0x0800018c   0x00000004   Code   RO         2620    .ARM.Collect$$rtexit$$00000003  c_w.l(rtexit2.o)
    0x08000190   0x08000190   0x00000006   Code   RO         2621    .ARM.Collect$$rtexit$$00000004  c_w.l(rtexit2.o)
    0x08000196   0x08000196   0x00000002   PAD
    0x08000198   0x08000198   0x00000040   Code   RO         2423    .text               startup_stm32f10x_md.o
    0x080001d8   0x080001d8   0x00000028   Code   RO         2477    .text               c_w.l(noretval__2sprintf.o)
    0x08000200   0x08000200   0x0000004e   Code   RO         2481    .text               c_w.l(_printf_pad.o)
    0x0800024e   0x0800024e   0x00000002   PAD
    0x08000250   0x08000250   0x00000078   Code   RO         2483    .text               c_w.l(_printf_dec.o)
    0x080002c8   0x080002c8   0x00000058   Code   RO         2488    .text               c_w.l(_printf_hex_int.o)
    0x08000320   0x08000320   0x00000138   Code   RO         2518    .text               c_w.l(__printf_flags_wp.o)
    0x08000458   0x08000458   0x00000006   Code   RO         2529    .text               c_w.l(heapauxi.o)
    0x0800045e   0x0800045e   0x000000b2   Code   RO         2534    .text               c_w.l(_printf_intcommon.o)
    0x08000510   0x08000510   0x00000030   Code   RO         2536    .text               c_w.l(_printf_char_common.o)
    0x08000540   0x08000540   0x0000000a   Code   RO         2538    .text               c_w.l(_sputc.o)
    0x0800054a   0x0800054a   0x0000004a   Code   RO         2558    .text               c_w.l(sys_stackheap_outer.o)
    0x08000594   0x08000594   0x00000012   Code   RO         2560    .text               c_w.l(exit.o)
    0x080005a6   0x080005a6   0x00000002   PAD
    0x080005a8   0x080005a8   0x00000008   Code   RO         2568    .text               c_w.l(libspace.o)
    0x080005b0   0x080005b0   0x0000000c   Code   RO         2629    .text               c_w.l(sys_exit.o)
    0x080005bc   0x080005bc   0x00000002   Code   RO         2640    .text               c_w.l(use_no_semi.o)
    0x080005be   0x080005be   0x00000000   Code   RO         2642    .text               c_w.l(indicate_semi.o)
    0x080005be   0x080005be   0x00000014   Code   RO           94    i.AntennaOn         rfid_rc522.o
    0x080005d2   0x080005d2   0x0000001a   Code   RO           96    i.ClearBitMask      rfid_rc522.o
    0x080005ec   0x080005ec   0x00000024   Code   RO          229    i.Delay_ms          tim.o
    0x08000610   0x08000610   0x00000116   Code   RO         1183    i.GPIO_Init         stm32f10x_gpio.o
    0x08000726   0x08000726   0x00000004   Code   RO         1190    i.GPIO_ResetBits    stm32f10x_gpio.o
    0x0800072a   0x0800072a   0x00000004   Code   RO         1191    i.GPIO_SetBits      stm32f10x_gpio.o
    0x0800072e   0x0800072e   0x0000004a   Code   RO           97    i.MFRC522_Anticoll  rfid_rc522.o
    0x08000778   0x08000778   0x0000003c   Code   RO          100    i.MFRC522_Init      rfid_rc522.o
    0x080007b4   0x080007b4   0x00000030   Code   RO          102    i.MFRC522_Request   rfid_rc522.o
    0x080007e4   0x080007e4   0x0000000c   Code   RO          103    i.MFRC522_Reset     rfid_rc522.o
    0x080007f0   0x080007f0   0x0000000c   Code   RO          105    i.MFRC522_StopCrypto1  rfid_rc522.o
    0x080007fc   0x080007fc   0x00000122   Code   RO          106    i.MFRC522_ToCard    rfid_rc522.o
    0x0800091e   0x0800091e   0x00000002   PAD
    0x08000920   0x08000920   0x00000038   Code   RO          108    i.RC522_SPI_Transfer  rfid_rc522.o
    0x08000958   0x08000958   0x00000020   Code   RO         1305    i.RCC_APB1PeriphClockCmd  stm32f10x_rcc.o
    0x08000978   0x08000978   0x00000020   Code   RO         1307    i.RCC_APB2PeriphClockCmd  stm32f10x_rcc.o
    0x08000998   0x08000998   0x000000d4   Code   RO         1315    i.RCC_GetClocksFreq  stm32f10x_rcc.o
    0x08000a6c   0x08000a6c   0x00000038   Code   RO          109    i.Read_MFRC522      rfid_rc522.o
    0x08000aa4   0x08000aa4   0x000000c0   Code   RO            5    i.SPIRC552_Config   spi.o
    0x08000b64   0x08000b64   0x00000018   Code   RO         1520    i.SPI_Cmd           stm32f10x_spi.o
    0x08000b7c   0x08000b7c   0x00000012   Code   RO         1528    i.SPI_I2S_GetFlagStatus  stm32f10x_spi.o
    0x08000b8e   0x08000b8e   0x00000006   Code   RO         1531    i.SPI_I2S_ReceiveData  stm32f10x_spi.o
    0x08000b94   0x08000b94   0x00000004   Code   RO         1532    i.SPI_I2S_SendData  stm32f10x_spi.o
    0x08000b98   0x08000b98   0x0000003c   Code   RO         1533    i.SPI_Init          stm32f10x_spi.o
    0x08000bd4   0x08000bd4   0x00000018   Code   RO         1536    i.SPI_StructInit    stm32f10x_spi.o
    0x08000bec   0x08000bec   0x0000001a   Code   RO          110    i.SetBitMask        rfid_rc522.o
    0x08000c06   0x08000c06   0x00000008   Code   RO         2430    i.SetSysClock       system_stm32f10x.o
    0x08000c0e   0x08000c0e   0x00000002   PAD
    0x08000c10   0x08000c10   0x000000e0   Code   RO         2431    i.SetSysClockTo72   system_stm32f10x.o
    0x08000cf0   0x08000cf0   0x00000060   Code   RO         2433    i.SystemInit        system_stm32f10x.o
    0x08000d50   0x08000d50   0x00000038   Code   RO          231    i.TIMDelay_Config   tim.o
    0x08000d88   0x08000d88   0x00000018   Code   RO         1687    i.TIM_Cmd           stm32f10x_tim.o
    0x08000da0   0x08000da0   0x00000006   Code   RO         1706    i.TIM_GetCounter    stm32f10x_tim.o
    0x08000da6   0x08000da6   0x00000004   Code   RO         1749    i.TIM_SetCompare2   stm32f10x_tim.o
    0x08000daa   0x08000daa   0x00000004   Code   RO         1752    i.TIM_SetCounter    stm32f10x_tim.o
    0x08000dae   0x08000dae   0x00000002   PAD
    0x08000db0   0x08000db0   0x000000a4   Code   RO         1758    i.TIM_TimeBaseInit  stm32f10x_tim.o
    0x08000e54   0x08000e54   0x0000006c   Code   RO          285    i.UART1_Config      usart.o
    0x08000ec0   0x08000ec0   0x00000018   Code   RO         2235    i.USART_Cmd         stm32f10x_usart.o
    0x08000ed8   0x08000ed8   0x0000001a   Code   RO         2238    i.USART_GetFlagStatus  stm32f10x_usart.o
    0x08000ef2   0x08000ef2   0x00000002   PAD
    0x08000ef4   0x08000ef4   0x000000d8   Code   RO         2242    i.USART_Init        stm32f10x_usart.o
    0x08000fcc   0x08000fcc   0x0000002c   Code   RO          286    i.USART_SendChar    usart.o
    0x08000ff8   0x08000ff8   0x00000008   Code   RO         2252    i.USART_SendData    stm32f10x_usart.o
    0x08001000   0x08001000   0x00000016   Code   RO          287    i.USART_SendString  usart.o
    0x08001016   0x08001016   0x00000002   PAD
    0x08001018   0x08001018   0x00000030   Code   RO          111    i.Write_MFRC522     rfid_rc522.o
    0x08001048   0x08001048   0x0000000e   Code   RO         2516    i._is_digit         c_w.l(__printf_wp.o)
    0x08001056   0x08001056   0x00000002   PAD
    0x08001058   0x08001058   0x0000009c   Code   RO          637    i.check_fs          ff.o
    0x080010f4   0x080010f4   0x00000014   Code   RO          638    i.chk_chr           ff.o
    0x08001108   0x08001108   0x00000098   Code   RO          639    i.chk_lock          ff.o
    0x080011a0   0x080011a0   0x00000030   Code   RO          640    i.clear_lock        ff.o
    0x080011d0   0x080011d0   0x0000004c   Code   RO          641    i.clmt_clust        ff.o
    0x0800121c   0x0800121c   0x00000026   Code   RO          642    i.clust2sect        ff.o
    0x08001242   0x08001242   0x00000002   PAD
    0x08001244   0x08001244   0x00000090   Code   RO          643    i.cmp_lfn           ff.o
    0x080012d4   0x080012d4   0x00000020   Code   RO          324    i.compareArrays     main.o
    0x080012f4   0x080012f4   0x000000fc   Code   RO          644    i.create_chain      ff.o
    0x080013f0   0x080013f0   0x00000248   Code   RO          645    i.create_name       ff.o
    0x08001638   0x08001638   0x0000004c   Code   RO          646    i.dec_lock          ff.o
    0x08001684   0x08001684   0x0000006c   Code   RO          647    i.dir_alloc         ff.o
    0x080016f0   0x080016f0   0x00000118   Code   RO          648    i.dir_find          ff.o
    0x08001808   0x08001808   0x000001ec   Code   RO          649    i.dir_next          ff.o
    0x080019f4   0x080019f4   0x0000017a   Code   RO          651    i.dir_register      ff.o
    0x08001b6e   0x08001b6e   0x00000134   Code   RO          653    i.dir_sdi           ff.o
    0x08001ca2   0x08001ca2   0x00000002   PAD
    0x08001ca4   0x08001ca4   0x0000002c   Code   RO          432    i.disk_initialize   diskio.o
    0x08001cd0   0x08001cd0   0x00000028   Code   RO          433    i.disk_ioctl        diskio.o
    0x08001cf8   0x08001cf8   0x00000030   Code   RO          434    i.disk_read         diskio.o
    0x08001d28   0x08001d28   0x0000001c   Code   RO          435    i.disk_status       diskio.o
    0x08001d44   0x08001d44   0x00000030   Code   RO          436    i.disk_write        diskio.o
    0x08001d74   0x08001d74   0x00000028   Code   RO          654    i.enq_lock          ff.o
    0x08001d9c   0x08001d9c   0x00000032   Code   RO          656    i.f_close           ff.o
    0x08001dce   0x08001dce   0x0000045c   Code   RO          660    i.f_lseek           ff.o
    0x0800222a   0x0800222a   0x00000002   PAD
    0x0800222c   0x0800222c   0x00000068   Code   RO          663    i.f_mount           ff.o
    0x08002294   0x08002294   0x0000022c   Code   RO          664    i.f_open            ff.o
    0x080024c0   0x080024c0   0x000002e6   Code   RO          669    i.f_read            ff.o
    0x080027a6   0x080027a6   0x000000fa   Code   RO          673    i.f_sync            ff.o
    0x080028a0   0x080028a0   0x0000004c   Code   RO          397    i.ff_convert        ccsbcs.o
    0x080028ec   0x080028ec   0x00000038   Code   RO          398    i.ff_wtoupper       ccsbcs.o
    0x08002924   0x08002924   0x00000488   Code   RO          678    i.find_volume       ff.o
    0x08002dac   0x08002dac   0x00000080   Code   RO          679    i.fit_lfn           ff.o
    0x08002e2c   0x08002e2c   0x000000a6   Code   RO          680    i.follow_path       ff.o
    0x08002ed2   0x08002ed2   0x00000002   PAD
    0x08002ed4   0x08002ed4   0x000000b4   Code   RO          681    i.gen_numname       ff.o
    0x08002f88   0x08002f88   0x00000164   Code   RO          682    i.get_fat           ff.o
    0x080030ec   0x080030ec   0x00000004   Code   RO          437    i.get_fattime       diskio.o
    0x080030f0   0x080030f0   0x00000048   Code   RO          684    i.get_ldnumber      ff.o
    0x08003138   0x08003138   0x000000f4   Code   RO          685    i.inc_lock          ff.o
    0x0800322c   0x0800322c   0x00000024   Code   RO          686    i.ld_clust          ff.o
    0x08003250   0x08003250   0x0000024c   Code   RO          325    i.main              main.o
    0x0800349c   0x0800349c   0x00000026   Code   RO          687    i.mem_cmp           ff.o
    0x080034c2   0x080034c2   0x0000001a   Code   RO          688    i.mem_cpy           ff.o
    0x080034dc   0x080034dc   0x00000014   Code   RO          689    i.mem_set           ff.o
    0x080034f0   0x080034f0   0x0000003e   Code   RO          690    i.move_window       ff.o
    0x0800352e   0x0800352e   0x000001be   Code   RO          692    i.put_fat           ff.o
    0x080036ec   0x080036ec   0x00000088   Code   RO          694    i.remove_chain      ff.o
    0x08003774   0x08003774   0x00000010   Code   RO          233    i.set_pwm           tim.o
    0x08003784   0x08003784   0x00000030   Code   RO          326    i.showFileContent   main.o
    0x080037b4   0x080037b4   0x00000010   Code   RO          695    i.st_clust          ff.o
    0x080037c4   0x080037c4   0x00000020   Code   RO          696    i.sum_sfn           ff.o
    0x080037e4   0x080037e4   0x00000118   Code   RO          697    i.sync_fs           ff.o
    0x080038fc   0x080038fc   0x00000072   Code   RO          698    i.sync_window       ff.o
    0x0800396e   0x0800396e   0x00000052   Code   RO          699    i.validate          ff.o
    0x080039c0   0x080039c0   0x000004c0   Data   RO          399    .constdata          ccsbcs.o
    0x08003e80   0x08003e80   0x000000ba   Data   RO          701    .constdata          ff.o
    0x08003f3a   0x08003f3a   0x00000028   Data   RO         2489    .constdata          c_w.l(_printf_hex_int.o)
    0x08003f62   0x08003f62   0x00000011   Data   RO         2519    .constdata          c_w.l(__printf_flags_wp.o)
    0x08003f73   0x08003f73   0x00000001   PAD
    0x08003f74   0x08003f74   0x00000020   Data   RO         2695    Region$$Table       anon$$obj.o


    Execution Region RW_IRAM1 (Exec base: 0x20000000, Load base: 0x08003f94, Size: 0x000029a0, Max: 0x00005000, ABSOLUTE)

    Exec Addr    Load Addr    Size         Type   Attr      Idx    E Section Name        Object

    0x20000000   0x08003f94   0x0000000e   Data   RW          328    .data               main.o
    0x2000000e   0x08003fa2   0x00000002   PAD
    0x20000010   0x08003fa4   0x00000006   Data   RW          702    .data               ff.o
    0x20000016   0x08003faa   0x00000014   Data   RW         1335    .data               stm32f10x_rcc.o
    0x2000002a   0x08003fbe   0x00000002   PAD
    0x2000002c        -       0x000020ec   Zero   RW          327    .bss                main.o
    0x20002118        -       0x00000218   Zero   RW          700    .bss                ff.o
    0x20002330        -       0x0000000c   Zero   RW         1008    .bss                ff_gen_drv.o
    0x2000233c        -       0x00000060   Zero   RW         2569    .bss                c_w.l(libspace.o)
    0x2000239c   0x08003fbe   0x00000004   PAD
    0x200023a0        -       0x00000200   Zero   RW         2421    HEAP                startup_stm32f10x_md.o
    0x200025a0        -       0x00000400   Zero   RW         2420    STACK               startup_stm32f10x_md.o


==============================================================================

Image component sizes


      Code (inc. data)   RO Data    RW Data    ZI Data      Debug   Object Name

       132         16       1216          0          0       4479   ccsbcs.o
       212         24          0          0          0       3699   diskio.o
      9564        100        186          6        536      35907   ff.o
         0          0          0          0         12        199   ff_gen_drv.o
       668        196          0         14       8428       7487   main.o
       728         16          0          0          0       6859   rfid_rc522.o
       192          8          0          0          0     259694   spi.o
        64         26        236          0       1536        808   startup_stm32f10x_md.o
       286          0          0          0          0       3360   stm32f10x_gpio.o
       276         32          0         20          0       4766   stm32f10x_rcc.o
       136          0          0          0          0       4883   stm32f10x_spi.o
       202         42          0          0          0       3813   stm32f10x_tim.o
       274          6          0          0          0       4408   stm32f10x_usart.o
       328         28          0          0          0       1961   system_stm32f10x.o
       108          8          0          0          0       1339   tim.o
       174         16          0          0          0       1491   usart.o

    ----------------------------------------------------------------------
     13362        518       1670         44      10512     345153   Object Totals
         0          0         32          0          0          0   (incl. Generated)
        18          0          0          4          0          0   (incl. Padding)

    ----------------------------------------------------------------------

      Code (inc. data)   RO Data    RW Data    ZI Data      Debug   Library Member Name

         8          0          0          0          0         68   __main.o
       312          4         17          0          0         92   __printf_flags_wp.o
        14          0          0          0          0         68   __printf_wp.o
         0          0          0          0          0          0   __rtentry.o
        12          0          0          0          0          0   __rtentry2.o
         6          0          0          0          0          0   __rtentry4.o
        52          8          0          0          0          0   __scatter.o
        26          0          0          0          0          0   __scatter_copy.o
        28          0          0          0          0          0   __scatter_zi.o
        48          6          0          0          0         96   _printf_char_common.o
         6          0          0          0          0          0   _printf_d.o
       120         16          0          0          0         92   _printf_dec.o
        88          4         40          0          0         88   _printf_hex_int.o
       178          0          0          0          0         88   _printf_intcommon.o
        78          0          0          0          0        108   _printf_pad.o
         0          0          0          0          0          0   _printf_percent.o
         4          0          0          0          0          0   _printf_percent_end.o
         6          0          0          0          0          0   _printf_x.o
        10          0          0          0          0         68   _sputc.o
        18          0          0          0          0         80   exit.o
         6          0          0          0          0        152   heapauxi.o
         0          0          0          0          0          0   indicate_semi.o
         2          0          0          0          0          0   libinit.o
         2          0          0          0          0          0   libinit2.o
         2          0          0          0          0          0   libshutdown.o
         2          0          0          0          0          0   libshutdown2.o
         8          4          0          0         96         68   libspace.o
        40          6          0          0          0         84   noretval__2sprintf.o
         2          0          0          0          0          0   rtexit.o
        10          0          0          0          0          0   rtexit2.o
        12          4          0          0          0         68   sys_exit.o
        74          0          0          0          0         80   sys_stackheap_outer.o
         2          0          0          0          0         68   use_no_semi.o

    ----------------------------------------------------------------------
      1186         52         58          0        100       1368   Library Totals
        10          0          1          0          4          0   (incl. Padding)

    ----------------------------------------------------------------------

      Code (inc. data)   RO Data    RW Data    ZI Data      Debug   Library Name

      1176         52         57          0         96       1368   c_w.l

    ----------------------------------------------------------------------
      1186         52         58          0        100       1368   Library Totals

    ----------------------------------------------------------------------

==============================================================================


      Code (inc. data)   RO Data    RW Data    ZI Data      Debug   

     14548        570       1728         44      10612     341161   Grand Totals
     14548        570       1728         44      10612     341161   ELF Image Totals
     14548        570       1728         44          0          0   ROM Totals

==============================================================================

    Total RO  Size (Code + RO Data)                16276 (  15.89kB)
    Total RW  Size (RW Data + ZI Data)             10656 (  10.41kB)
    Total ROM Size (Code + RO Data + RW Data)      16320 (  15.94kB)

==============================================================================

